Archive member included to satisfy reference by file (symbol)

d:/mounriver/mounriver_studio/toolchain/risc-v embedded gcc/bin/../lib/gcc/riscv-none-embed/8.2.0/../../../../riscv-none-embed/lib/rv32imacxw/ilp32\libprintfloat.a(printfloat.o)
                              ./User/main.o (printf)
d:/mounriver/mounriver_studio/toolchain/risc-v embedded gcc/bin/../lib/gcc/riscv-none-embed/8.2.0/rv32imacxw/ilp32\libgcc.a(_udivdi3.o)
                              d:/mounriver/mounriver_studio/toolchain/risc-v embedded gcc/bin/../lib/gcc/riscv-none-embed/8.2.0/../../../../riscv-none-embed/lib/rv32imacxw/ilp32\libprintfloat.a(printfloat.o) (__udivdi3)
d:/mounriver/mounriver_studio/toolchain/risc-v embedded gcc/bin/../lib/gcc/riscv-none-embed/8.2.0/rv32imacxw/ilp32\libgcc.a(_umoddi3.o)
                              d:/mounriver/mounriver_studio/toolchain/risc-v embedded gcc/bin/../lib/gcc/riscv-none-embed/8.2.0/../../../../riscv-none-embed/lib/rv32imacxw/ilp32\libprintfloat.a(printfloat.o) (__umoddi3)
d:/mounriver/mounriver_studio/toolchain/risc-v embedded gcc/bin/../lib/gcc/riscv-none-embed/8.2.0/rv32imacxw/ilp32\libgcc.a(ledf2.o)
                              d:/mounriver/mounriver_studio/toolchain/risc-v embedded gcc/bin/../lib/gcc/riscv-none-embed/8.2.0/../../../../riscv-none-embed/lib/rv32imacxw/ilp32\libprintfloat.a(printfloat.o) (__ltdf2)
d:/mounriver/mounriver_studio/toolchain/risc-v embedded gcc/bin/../lib/gcc/riscv-none-embed/8.2.0/rv32imacxw/ilp32\libgcc.a(muldf3.o)
                              d:/mounriver/mounriver_studio/toolchain/risc-v embedded gcc/bin/../lib/gcc/riscv-none-embed/8.2.0/../../../../riscv-none-embed/lib/rv32imacxw/ilp32\libprintfloat.a(printfloat.o) (__muldf3)
d:/mounriver/mounriver_studio/toolchain/risc-v embedded gcc/bin/../lib/gcc/riscv-none-embed/8.2.0/rv32imacxw/ilp32\libgcc.a(subdf3.o)
                              d:/mounriver/mounriver_studio/toolchain/risc-v embedded gcc/bin/../lib/gcc/riscv-none-embed/8.2.0/../../../../riscv-none-embed/lib/rv32imacxw/ilp32\libprintfloat.a(printfloat.o) (__subdf3)
d:/mounriver/mounriver_studio/toolchain/risc-v embedded gcc/bin/../lib/gcc/riscv-none-embed/8.2.0/rv32imacxw/ilp32\libgcc.a(fixdfdi.o)
                              d:/mounriver/mounriver_studio/toolchain/risc-v embedded gcc/bin/../lib/gcc/riscv-none-embed/8.2.0/../../../../riscv-none-embed/lib/rv32imacxw/ilp32\libprintfloat.a(printfloat.o) (__fixdfdi)
d:/mounriver/mounriver_studio/toolchain/risc-v embedded gcc/bin/../lib/gcc/riscv-none-embed/8.2.0/rv32imacxw/ilp32\libgcc.a(floatdidf.o)
                              d:/mounriver/mounriver_studio/toolchain/risc-v embedded gcc/bin/../lib/gcc/riscv-none-embed/8.2.0/../../../../riscv-none-embed/lib/rv32imacxw/ilp32\libprintfloat.a(printfloat.o) (__floatdidf)
d:/mounriver/mounriver_studio/toolchain/risc-v embedded gcc/bin/../lib/gcc/riscv-none-embed/8.2.0/rv32imacxw/ilp32\libgcc.a(save-restore.o)
                              ./Peripheral/src/ch32v30x_flash.o (__riscv_save_4)
d:/mounriver/mounriver_studio/toolchain/risc-v embedded gcc/bin/../lib/gcc/riscv-none-embed/8.2.0/rv32imacxw/ilp32\libgcc.a(_clz.o)
                              d:/mounriver/mounriver_studio/toolchain/risc-v embedded gcc/bin/../lib/gcc/riscv-none-embed/8.2.0/rv32imacxw/ilp32\libgcc.a(_udivdi3.o) (__clz_tab)
d:/mounriver/mounriver_studio/toolchain/risc-v embedded gcc/bin/../lib/gcc/riscv-none-embed/8.2.0/rv32imacxw/ilp32\libgcc.a(_clzsi2.o)
                              d:/mounriver/mounriver_studio/toolchain/risc-v embedded gcc/bin/../lib/gcc/riscv-none-embed/8.2.0/rv32imacxw/ilp32\libgcc.a(muldf3.o) (__clzsi2)

Discarded input sections

 .text          0x0000000000000000        0x0 ./User/ch32v30x_it.o
 .data          0x0000000000000000        0x0 ./User/ch32v30x_it.o
 .bss           0x0000000000000000        0x0 ./User/ch32v30x_it.o
 .text          0x0000000000000000        0x0 ./User/main.o
 .data          0x0000000000000000        0x0 ./User/main.o
 .bss           0x0000000000000000        0x0 ./User/main.o
 .text          0x0000000000000000        0x0 ./User/system_ch32v30x.o
 .data          0x0000000000000000        0x0 ./User/system_ch32v30x.o
 .bss           0x0000000000000000        0x0 ./User/system_ch32v30x.o
 .text.SystemCoreClockUpdate
                0x0000000000000000       0xbe ./User/system_ch32v30x.o
 .data.AHBPrescTable
                0x0000000000000000       0x10 ./User/system_ch32v30x.o
 .text          0x0000000000000000        0x0 ./Startup/startup_ch32v30x_D8C.o
 .data          0x0000000000000000        0x0 ./Startup/startup_ch32v30x_D8C.o
 .bss           0x0000000000000000        0x0 ./Startup/startup_ch32v30x_D8C.o
 .text          0x0000000000000000        0x0 ./Peripheral/src/ch32v30x_adc.o
 .data          0x0000000000000000        0x0 ./Peripheral/src/ch32v30x_adc.o
 .bss           0x0000000000000000        0x0 ./Peripheral/src/ch32v30x_adc.o
 .text.ADC_DeInit
                0x0000000000000000       0x5a ./Peripheral/src/ch32v30x_adc.o
[...]
Memory Configuration

Name             Origin             Length             Attributes
FLASH            0x0000000000000000 0x0000000000048000 xr
RAM              0x0000000020000000 0x0000000000008000 xrw
*default*        0x0000000000000000 0xffffffffffffffff

Linker script and memory map

LOAD ./User/ch32v30x_it.o
LOAD ./User/main.o
LOAD ./User/system_ch32v30x.o
LOAD ./Startup/startup_ch32v30x_D8C.o
LOAD ./Peripheral/src/ch32v30x_adc.o
LOAD ./Peripheral/src/ch32v30x_bkp.o
LOAD ./Peripheral/src/ch32v30x_can.o
LOAD ./Peripheral/src/ch32v30x_crc.o
LOAD ./Peripheral/src/ch32v30x_dac.o
LOAD ./Peripheral/src/ch32v30x_dbgmcu.o
LOAD ./Peripheral/src/ch32v30x_dma.o
LOAD ./Peripheral/src/ch32v30x_dvp.o
LOAD ./Peripheral/src/ch32v30x_eth.o
LOAD ./Peripheral/src/ch32v30x_exti.o
LOAD ./Peripheral/src/ch32v30x_flash.o
LOAD ./Peripheral/src/ch32v30x_fsmc.o
LOAD ./Peripheral/src/ch32v30x_gpio.o
LOAD ./Peripheral/src/ch32v30x_i2c.o
LOAD ./Peripheral/src/ch32v30x_iwdg.o
LOAD ./Peripheral/src/ch32v30x_misc.o
LOAD ./Peripheral/src/ch32v30x_opa.o
LOAD ./Peripheral/src/ch32v30x_pwr.o
LOAD ./Peripheral/src/ch32v30x_rcc.o
LOAD ./Peripheral/src/ch32v30x_rng.o
LOAD ./Peripheral/src/ch32v30x_rtc.o
LOAD ./Peripheral/src/ch32v30x_sdio.o
LOAD ./Peripheral/src/ch32v30x_spi.o
LOAD ./Peripheral/src/ch32v30x_tim.o
LOAD ./Peripheral/src/ch32v30x_usart.o
LOAD ./Peripheral/src/ch32v30x_wwdg.o
LOAD ./Debug/debug.o
LOAD ./Core/core_riscv.o
LOAD d:/mounriver/mounriver_studio/toolchain/risc-v embedded gcc/bin/../lib/gcc/riscv-none-embed/8.2.0/../../../../riscv-none-embed/lib/rv32imacxw/ilp32\libprintfloat.a
LOAD d:/mounriver/mounriver_studio/toolchain/risc-v embedded gcc/bin/../lib/gcc/riscv-none-embed/8.2.0/rv32imacxw/ilp32\libgcc.a
LOAD d:/mounriver/mounriver_studio/toolchain/risc-v embedded gcc/bin/../lib/gcc/riscv-none-embed/8.2.0/../../../../riscv-none-embed/lib/rv32imacxw/ilp32\libg_nano.a
LOAD d:/mounriver/mounriver_studio/toolchain/risc-v embedded gcc/bin/../lib/gcc/riscv-none-embed/8.2.0/../../../../riscv-none-embed/lib/rv32imacxw/ilp32\libc_nano.a
LOAD d:/mounriver/mounriver_studio/toolchain/risc-v embedded gcc/bin/../lib/gcc/riscv-none-embed/8.2.0/rv32imacxw/ilp32\libgcc.a
START GROUP
LOAD d:/mounriver/mounriver_studio/toolchain/risc-v embedded gcc/bin/../lib/gcc/riscv-none-embed/8.2.0/rv32imacxw/ilp32\libgcc.a
LOAD d:/mounriver/mounriver_studio/toolchain/risc-v embedded gcc/bin/../lib/gcc/riscv-none-embed/8.2.0/../../../../riscv-none-embed/lib/rv32imacxw/ilp32\libc_nano.a
LOAD d:/mounriver/mounriver_studio/toolchain/risc-v embedded gcc/bin/../lib/gcc/riscv-none-embed/8.2.0/../../../../riscv-none-embed/lib/rv32imacxw/ilp32\libnosys.a
END GROUP
START GROUP
LOAD d:/mounriver/mounriver_studio/toolchain/risc-v embedded gcc/bin/../lib/gcc/riscv-none-embed/8.2.0/rv32imacxw/ilp32\libgcc.a
LOAD d:/mounriver/mounriver_studio/toolchain/risc-v embedded gcc/bin/../lib/gcc/riscv-none-embed/8.2.0/../../../../riscv-none-embed/lib/rv32imacxw/ilp32\libc_nano.a
LOAD d:/mounriver/mounriver_studio/toolchain/risc-v embedded gcc/bin/../lib/gcc/riscv-none-embed/8.2.0/../../../../riscv-none-embed/lib/rv32imacxw/ilp32\libnosys.a
END GROUP
                0x0000000000000800                __stack_size = 0x800
                [!provide]                        PROVIDE (_stack_size = __stack_size)

.init           0x0000000000000000       0x38
                0x0000000000000000                _sinit = .
                0x0000000000000000                . = ALIGN (0x4)
 *(SORT_NONE(.init))
 .init          0x0000000000000000       0x38 ./Startup/startup_ch32v30x_D8C.o
                0x0000000000000000                _start
                0x0000000000000038                . = ALIGN (0x4)
                0x0000000000000038                _einit = .

.vector         0x0000000000000038      0x1c8
 *(.vector)
 .vector        0x0000000000000038      0x1a0 ./Startup/startup_ch32v30x_D8C.o
                0x0000000000000200                . = ALIGN (0x40)
 *fill*         0x00000000000001d8       0x28 

.text           0x0000000000000200     0x2748
                0x0000000000000200                . = ALIGN (0x4)
 *(.text)
 .text          0x0000000000000200       0x60 d:/mounriver/mounriver_studio/toolchain/risc-v embedded gcc/bin/../lib/gcc/riscv-none-embed/8.2.0/rv32imacxw/ilp32\libgcc.a(save-restore.o)
                0x0000000000000200                __riscv_save_12
                0x0000000000000208                __riscv_save_9
                0x0000000000000208                __riscv_save_11
                0x0000000000000208                __riscv_save_10
                0x0000000000000208                __riscv_save_8
                0x0000000000000216                __riscv_save_4
                0x0000000000000216                __riscv_save_6
                0x0000000000000216                __riscv_save_5
                0x0000000000000216                __riscv_save_7
                0x0000000000000230                __riscv_save_3
                0x0000000000000230                __riscv_save_2
                0x0000000000000230                __riscv_save_1
                0x0000000000000230                __riscv_save_0
                0x000000000000023c                __riscv_restore_12
                0x0000000000000240                __riscv_restore_11
                0x0000000000000240                __riscv_restore_9
                0x0000000000000240                __riscv_restore_10
                0x0000000000000240                __riscv_restore_8
                0x000000000000024a                __riscv_restore_5
                0x000000000000024a                __riscv_restore_7
                0x000000000000024a                __riscv_restore_6
                0x000000000000024a                __riscv_restore_4
                0x0000000000000254                __riscv_restore_3
                0x0000000000000254                __riscv_restore_0
                0x0000000000000254                __riscv_restore_2
                0x0000000000000254                __riscv_restore_1
 *(.text.*)
 .text.NMI_Handler
                0x0000000000000260        0x4 ./User/ch32v30x_it.o
                0x0000000000000260                NMI_Handler
 .text.HardFault_Handler
                0x0000000000000264        0x2 ./User/ch32v30x_it.o
                0x0000000000000264                HardFault_Handler
 .text.dac_init
                0x0000000000000266       0x66 ./User/main.o
                0x0000000000000266                dac_init
 .text.startup.main
                0x00000000000002cc       0x2e ./User/main.o
                0x00000000000002cc                main
 .text.SystemInit
                0x00000000000002fa       0xfa ./User/system_ch32v30x.o
                0x00000000000002fa                SystemInit
 .text.vector_handler
                0x00000000000003f4       0xbe ./Startup/startup_ch32v30x_D8C.o
                0x00000000000003f8                Ecall_M_Mode_Handler
                0x00000000000003fa                Ecall_U_Mode_Handler
                0x00000000000003fc                Break_Point_Handler
                0x00000000000003fe                SysTick_Handler
                0x0000000000000400                SW_Handler
                0x0000000000000402                WWDG_IRQHandler
                0x0000000000000404                PVD_IRQHandler
                0x0000000000000406                TAMPER_IRQHandler
                0x0000000000000408                RTC_IRQHandler
                0x000000000000040a                FLASH_IRQHandler
                0x000000000000040c                RCC_IRQHandler
                0x000000000000040e                EXTI0_IRQHandler
                0x0000000000000410                EXTI1_IRQHandler
                0x0000000000000412                EXTI2_IRQHandler
                0x0000000000000414                EXTI3_IRQHandler
                0x0000000000000416                EXTI4_IRQHandler
                0x0000000000000418                DMA1_Channel1_IRQHandler
                0x000000000000041a                DMA1_Channel2_IRQHandler
                0x000000000000041c                DMA1_Channel3_IRQHandler
                0x000000000000041e                DMA1_Channel4_IRQHandler
                0x0000000000000420                DMA1_Channel5_IRQHandler
                0x0000000000000422                DMA1_Channel6_IRQHandler
                0x0000000000000424                DMA1_Channel7_IRQHandler
                0x0000000000000426                ADC1_2_IRQHandler
                0x0000000000000428                USB_HP_CAN1_TX_IRQHandler
                0x000000000000042a                USB_LP_CAN1_RX0_IRQHandler
                0x000000000000042c                CAN1_RX1_IRQHandler
                0x000000000000042e                CAN1_SCE_IRQHandler
                0x0000000000000430                EXTI9_5_IRQHandler
                0x0000000000000432                TIM1_BRK_IRQHandler
                0x0000000000000434                TIM1_UP_IRQHandler
                0x0000000000000436                TIM1_TRG_COM_IRQHandler
                0x0000000000000438                TIM1_CC_IRQHandler
                0x000000000000043a                TIM2_IRQHandler
                0x000000000000043c                TIM3_IRQHandler
                0x000000000000043e                TIM4_IRQHandler
                0x0000000000000440                I2C1_EV_IRQHandler
                0x0000000000000442                I2C1_ER_IRQHandler
                0x0000000000000444                I2C2_EV_IRQHandler
                0x0000000000000446                I2C2_ER_IRQHandler
                0x0000000000000448                SPI1_IRQHandler
                0x000000000000044a                SPI2_IRQHandler
                0x000000000000044c                USART1_IRQHandler
                0x000000000000044e                USART2_IRQHandler
                0x0000000000000450                USART3_IRQHandler
                0x0000000000000452                EXTI15_10_IRQHandler
                0x0000000000000454                RTCAlarm_IRQHandler
                0x0000000000000456                USBWakeUp_IRQHandler
                0x0000000000000458                TIM8_BRK_IRQHandler
                0x000000000000045a                TIM8_UP_IRQHandler
                0x000000000000045c                TIM8_TRG_COM_IRQHandler
                0x000000000000045e                TIM8_CC_IRQHandler
                0x0000000000000460                RNG_IRQHandler
                0x0000000000000462                FSMC_IRQHandler
                0x0000000000000464                SDIO_IRQHandler
                0x0000000000000466                TIM5_IRQHandler
                0x0000000000000468                SPI3_IRQHandler
                0x000000000000046a                UART4_IRQHandler
                0x000000000000046c                UART5_IRQHandler
                0x000000000000046e                TIM6_IRQHandler
                0x0000000000000470                TIM7_IRQHandler
                0x0000000000000472                DMA2_Channel1_IRQHandler
                0x0000000000000474                DMA2_Channel2_IRQHandler
                0x0000000000000476                DMA2_Channel3_IRQHandler
                0x0000000000000478                DMA2_Channel4_IRQHandler
                0x000000000000047a                DMA2_Channel5_IRQHandler
                0x000000000000047c                ETH_IRQHandler
                0x000000000000047e                ETH_WKUP_IRQHandler
                0x0000000000000480                CAN2_TX_IRQHandler
                0x0000000000000482                CAN2_RX0_IRQHandler
                0x0000000000000484                CAN2_RX1_IRQHandler
                0x0000000000000486                CAN2_SCE_IRQHandler
                0x0000000000000488                OTG_FS_IRQHandler
                0x000000000000048a                USBHSWakeup_IRQHandler
                0x000000000000048c                USBHS_IRQHandler
                0x000000000000048e                DVP_IRQHandler
                0x0000000000000490                UART6_IRQHandler
                0x0000000000000492                UART7_IRQHandler
                0x0000000000000494                UART8_IRQHandler
                0x0000000000000496                TIM9_BRK_IRQHandler
                0x0000000000000498                TIM9_UP_IRQHandler
                0x000000000000049a                TIM9_TRG_COM_IRQHandler
                0x000000000000049c                TIM9_CC_IRQHandler
                0x000000000000049e                TIM10_BRK_IRQHandler
                0x00000000000004a0                TIM10_UP_IRQHandler
                0x00000000000004a2                TIM10_TRG_COM_IRQHandler
                0x00000000000004a4                TIM10_CC_IRQHandler
                0x00000000000004a6                DMA2_Channel6_IRQHandler
                0x00000000000004a8                DMA2_Channel7_IRQHandler
                0x00000000000004aa                DMA2_Channel8_IRQHandler
                0x00000000000004ac                DMA2_Channel9_IRQHandler
                0x00000000000004ae                DMA2_Channel10_IRQHandler
                0x00000000000004b0                DMA2_Channel11_IRQHandler
 .text.handle_reset
                0x00000000000004b2       0x8a ./Startup/startup_ch32v30x_D8C.o
                0x00000000000004b2                handle_reset
 .text.DAC_Init
                0x000000000000053c       0x30 ./Peripheral/src/ch32v30x_dac.o
                0x000000000000053c                DAC_Init
 .text.DAC_Cmd  0x000000000000056c       0x2c ./Peripheral/src/ch32v30x_dac.o
                0x000000000000056c                DAC_Cmd
 .text.DAC_SoftwareTriggerCmd
                0x0000000000000598       0x22 ./Peripheral/src/ch32v30x_dac.o
                0x0000000000000598                DAC_SoftwareTriggerCmd
 .text.GPIO_Init
                0x00000000000005ba       0xc0 ./Peripheral/src/ch32v30x_gpio.o
                0x00000000000005ba                GPIO_Init
 .text.GPIO_SetBits
                0x000000000000067a        0x4 ./Peripheral/src/ch32v30x_gpio.o
                0x000000000000067a                GPIO_SetBits
 .text.RCC_GetClocksFreq
                0x000000000000067e      0x176 ./Peripheral/src/ch32v30x_rcc.o
                0x000000000000067e                RCC_GetClocksFreq
 .text.RCC_APB2PeriphClockCmd
                0x00000000000007f4       0x1e ./Peripheral/src/ch32v30x_rcc.o
                0x00000000000007f4                RCC_APB2PeriphClockCmd
 .text.RCC_APB1PeriphClockCmd
                0x0000000000000812       0x1e ./Peripheral/src/ch32v30x_rcc.o
                0x0000000000000812                RCC_APB1PeriphClockCmd
 .text.USART_Init
                0x0000000000000830       0xb8 ./Peripheral/src/ch32v30x_usart.o
                0x0000000000000830                USART_Init
 .text.USART_Cmd
                0x00000000000008e8       0x16 ./Peripheral/src/ch32v30x_usart.o
                0x00000000000008e8                USART_Cmd
 .text.USART_SendData
                0x00000000000008fe        0x8 ./Peripheral/src/ch32v30x_usart.o
                0x00000000000008fe                USART_SendData
 .text.USART_GetFlagStatus
                0x0000000000000906        0xa ./Peripheral/src/ch32v30x_usart.o
                0x0000000000000906                USART_GetFlagStatus
 .text.Delay_Init
                0x0000000000000910       0x2a ./Debug/debug.o
                0x0000000000000910                Delay_Init
 .text.USART_Printf_Init
                0x000000000000093a       0x50 ./Debug/debug.o
                0x000000000000093a                USART_Printf_Init
 .text._write   0x000000000000098a       0x38 ./Debug/debug.o
                0x000000000000098a                _write
 .text.printchar
                0x00000000000009c2       0x48 d:/mounriver/mounriver_studio/toolchain/risc-v embedded gcc/bin/../lib/gcc/riscv-none-embed/8.2.0/../../../../riscv-none-embed/lib/rv32imacxw/ilp32\libprintfloat.a(printfloat.o)
                0x00000000000009c2                printchar
 .text.prints   0x0000000000000a0a       0xd8 d:/mounriver/mounriver_studio/toolchain/risc-v embedded gcc/bin/../lib/gcc/riscv-none-embed/8.2.0/../../../../riscv-none-embed/lib/rv32imacxw/ilp32\libprintfloat.a(printfloat.o)
                0x0000000000000a0a                prints
 .text.printInt
                0x0000000000000ae2       0xe6 d:/mounriver/mounriver_studio/toolchain/risc-v embedded gcc/bin/../lib/gcc/riscv-none-embed/8.2.0/../../../../riscv-none-embed/lib/rv32imacxw/ilp32\libprintfloat.a(printfloat.o)
                0x0000000000000ae2                printInt
 .text.printLongLongInt
                0x0000000000000bc8      0x11a d:/mounriver/mounriver_studio/toolchain/risc-v embedded gcc/bin/../lib/gcc/riscv-none-embed/8.2.0/../../../../riscv-none-embed/lib/rv32imacxw/ilp32\libprintfloat.a(printfloat.o)
                0x0000000000000bc8                printLongLongInt
 .text.printDouble
                0x0000000000000ce2      0x100 d:/mounriver/mounriver_studio/toolchain/risc-v embedded gcc/bin/../lib/gcc/riscv-none-embed/8.2.0/../../../../riscv-none-embed/lib/rv32imacxw/ilp32\libprintfloat.a(printfloat.o)
                0x0000000000000ce2                printDouble
 .text.print    0x0000000000000de2      0x34a d:/mounriver/mounriver_studio/toolchain/risc-v embedded gcc/bin/../lib/gcc/riscv-none-embed/8.2.0/../../../../riscv-none-embed/lib/rv32imacxw/ilp32\libprintfloat.a(printfloat.o)
                0x0000000000000de2                print
 .text.printf   0x000000000000112c       0x22 d:/mounriver/mounriver_studio/toolchain/risc-v embedded gcc/bin/../lib/gcc/riscv-none-embed/8.2.0/../../../../riscv-none-embed/lib/rv32imacxw/ilp32\libprintfloat.a(printfloat.o)
                0x000000000000112c                printf
 .text.__udivdi3
                0x000000000000114e      0x392 d:/mounriver/mounriver_studio/toolchain/risc-v embedded gcc/bin/../lib/gcc/riscv-none-embed/8.2.0/rv32imacxw/ilp32\libgcc.a(_udivdi3.o)
                0x000000000000114e                __udivdi3
 .text.__umoddi3
                0x00000000000014e0      0x38a d:/mounriver/mounriver_studio/toolchain/risc-v embedded gcc/bin/../lib/gcc/riscv-none-embed/8.2.0/rv32imacxw/ilp32\libgcc.a(_umoddi3.o)
                0x00000000000014e0                __umoddi3
 .text.__ledf2  0x000000000000186a       0xb6 d:/mounriver/mounriver_studio/toolchain/risc-v embedded gcc/bin/../lib/gcc/riscv-none-embed/8.2.0/rv32imacxw/ilp32\libgcc.a(ledf2.o)
                0x000000000000186a                __ledf2
                0x000000000000186a                __ltdf2
 .text.__muldf3
                0x0000000000001920      0x4b8 d:/mounriver/mounriver_studio/toolchain/risc-v embedded gcc/bin/../lib/gcc/riscv-none-embed/8.2.0/rv32imacxw/ilp32\libgcc.a(muldf3.o)
                0x0000000000001920                __muldf3
 .text.__subdf3
                0x0000000000001dd8      0x73c d:/mounriver/mounriver_studio/toolchain/risc-v embedded gcc/bin/../lib/gcc/riscv-none-embed/8.2.0/rv32imacxw/ilp32\libgcc.a(subdf3.o)
                0x0000000000001dd8                __subdf3
 .text.__fixdfdi
                0x0000000000002514       0xbc d:/mounriver/mounriver_studio/toolchain/risc-v embedded gcc/bin/../lib/gcc/riscv-none-embed/8.2.0/rv32imacxw/ilp32\libgcc.a(fixdfdi.o)
                0x0000000000002514                __fixdfdi
 .text.__floatdidf
                0x00000000000025d0      0x1b2 d:/mounriver/mounriver_studio/toolchain/risc-v embedded gcc/bin/../lib/gcc/riscv-none-embed/8.2.0/rv32imacxw/ilp32\libgcc.a(floatdidf.o)
                0x00000000000025d0                __floatdidf
 .text.__clzsi2
                0x0000000000002782       0x6e d:/mounriver/mounriver_studio/toolchain/risc-v embedded gcc/bin/../lib/gcc/riscv-none-embed/8.2.0/rv32imacxw/ilp32\libgcc.a(_clzsi2.o)
                0x0000000000002782                __clzsi2
 *(.rodata)
 *(.rodata*)
 .rodata.main.str1.4
                0x00000000000027f0        0xf ./User/main.o
 *fill*         0x00000000000027ff        0x1 
 .rodata.print.str1.4
                0x0000000000002800        0x8 d:/mounriver/mounriver_studio/toolchain/risc-v embedded gcc/bin/../lib/gcc/riscv-none-embed/8.2.0/../../../../riscv-none-embed/lib/rv32imacxw/ilp32\libprintfloat.a(printfloat.o)
                                          0x7 (size before relaxing)
 .rodata.__muldf3
                0x0000000000002808       0x40 d:/mounriver/mounriver_studio/toolchain/risc-v embedded gcc/bin/../lib/gcc/riscv-none-embed/8.2.0/rv32imacxw/ilp32\libgcc.a(muldf3.o)
 .rodata.__clz_tab
                0x0000000000002848      0x100 d:/mounriver/mounriver_studio/toolchain/risc-v embedded gcc/bin/../lib/gcc/riscv-none-embed/8.2.0/rv32imacxw/ilp32\libgcc.a(_clz.o)
                0x0000000000002848                __clz_tab
 *(.gnu.linkonce.t.*)
                0x0000000000002948                . = ALIGN (0x4)

.rela.dyn       0x0000000000002948        0x0
 .rela.init     0x0000000000002948        0x0 ./User/ch32v30x_it.o
 .rela.vector   0x0000000000002948        0x0 ./User/ch32v30x_it.o
 .rela.text.handle_reset
                0x0000000000002948        0x0 ./User/ch32v30x_it.o

.fini           0x0000000000002948        0x0
 *(SORT_NONE(.fini))
                0x0000000000002948                . = ALIGN (0x4)
                [!provide]                        PROVIDE (_etext = .)
                [!provide]                        PROVIDE (_eitcm = .)

.preinit_array  0x0000000000002948        0x0
                [!provide]                        PROVIDE (__preinit_array_start = .)
 *(.preinit_array)
                [!provide]                        PROVIDE (__preinit_array_end = .)

.init_array     0x0000000000002948        0x0
                [!provide]                        PROVIDE (__init_array_start = .)
 *(SORT_BY_INIT_PRIORITY(.init_array.*) SORT_BY_INIT_PRIORITY(.ctors.*))
 *(.init_array EXCLUDE_FILE(*crtend?.o *crtend.o *crtbegin?.o *crtbegin.o) .ctors)
                [!provide]                        PROVIDE (__init_array_end = .)

.fini_array     0x0000000000002948        0x0
                [!provide]                        PROVIDE (__fini_array_start = .)
 *(SORT_BY_INIT_PRIORITY(.fini_array.*) SORT_BY_INIT_PRIORITY(.dtors.*))
 *(.fini_array EXCLUDE_FILE(*crtend?.o *crtend.o *crtbegin?.o *crtbegin.o) .dtors)
                [!provide]                        PROVIDE (__fini_array_end = .)

.ctors
 *crtbegin.o(.ctors)
 *crtbegin?.o(.ctors)
 *(EXCLUDE_FILE(*crtend?.o *crtend.o) .ctors)
 *(SORT_BY_NAME(.ctors.*))
 *(.ctors)

.dtors
 *crtbegin.o(.dtors)
 *crtbegin?.o(.dtors)
 *(EXCLUDE_FILE(*crtend?.o *crtend.o) .dtors)
 *(SORT_BY_NAME(.dtors.*))
 *(.dtors)

.dalign         0x0000000020000000        0x0 load address 0x0000000000002948
                0x0000000020000000                . = ALIGN (0x4)
                0x0000000020000000                PROVIDE (_data_vma = .)

.dlalign        0x0000000000002948        0x0
                0x0000000000002948                . = ALIGN (0x4)
                0x0000000000002948                PROVIDE (_data_lma = .)

.data           0x0000000020000000       0x18 load address 0x0000000000002948
 *(.gnu.linkonce.r.*)
 *(.data .data.*)
 .data.APBAHBPrescTable
                0x0000000020000000       0x10 ./Peripheral/src/ch32v30x_rcc.o
 *(.gnu.linkonce.d.*)
                0x0000000020000010                . = ALIGN (0x8)
                0x0000000020000810                PROVIDE (__global_pointer$ = (. + 0x800))
 *(.sdata .sdata.*)
 .sdata.SystemCoreClock
                0x0000000020000010        0x4 ./User/system_ch32v30x.o
                0x0000000020000010                SystemCoreClock
 .sdata.ADCPrescTable
                0x0000000020000014        0x4 ./Peripheral/src/ch32v30x_rcc.o
 *(.sdata2.*)
 *(.gnu.linkonce.s.*)
                0x0000000020000018                . = ALIGN (0x8)
 *(.srodata.cst16)
 *(.srodata.cst8)
 *(.srodata.cst4)
 *(.srodata.cst2)
 *(.srodata .srodata.*)
                0x0000000020000018                . = ALIGN (0x4)
                0x0000000020000018                PROVIDE (_edata = .)

.bss            0x0000000020000018        0x4 load address 0x0000000000002960
                0x0000000020000018                . = ALIGN (0x4)
                0x0000000020000018                PROVIDE (_sbss = .)
 *(.sbss*)
 .sbss.p_ms     0x0000000020000018        0x2 ./Debug/debug.o
 .sbss.p_us     0x000000002000001a        0x1 ./Debug/debug.o
 *(.gnu.linkonce.sb.*)
 *(.bss*)
 *(.gnu.linkonce.b.*)
 *(COMMON*)
                0x000000002000001c                . = ALIGN (0x4)
 *fill*         0x000000002000001b        0x1 
                0x000000002000001c                PROVIDE (_ebss = .)
                0x000000002000001c                PROVIDE (_end = _ebss)
                [!provide]                        PROVIDE (end = .)

.stack          0x0000000020007800      0x800
                0x0000000020007800                PROVIDE (_heap_end = .)
                0x0000000020007800                . = ALIGN (0x4)
                [!provide]                        PROVIDE (_susrstack = .)
                0x0000000020008000                . = (. + __stack_size)
 *fill*         0x0000000020007800      0x800 
                0x0000000020008000                PROVIDE (_eusrstack = .)
OUTPUT(v307_dac_triangle.elf elf32-littleriscv)

.debug_info     0x0000000000000000     0x78a7
 .debug_info    0x0000000000000000      0x962 ./User/ch32v30x_it.o
 .debug_info    0x0000000000000962      0xca0 ./User/main.o
 .debug_info    0x0000000000001602      0xb89 ./User/system_ch32v30x.o
 .debug_info    0x000000000000218b       0x22 ./Startup/startup_ch32v30x_D8C.o
 .debug_info    0x00000000000021ad      0xdbd ./Peripheral/src/ch32v30x_dac.o
 .debug_info    0x0000000000002f6a     0x1093 ./Peripheral/src/ch32v30x_gpio.o
 .debug_info    0x0000000000003ffd     0x156e ./Peripheral/src/ch32v30x_rcc.o
 .debug_info    0x000000000000556b     0x1420 ./Peripheral/src/ch32v30x_usart.o
 .debug_info    0x000000000000698b      0xf1c ./Debug/debug.o

.debug_abbrev   0x0000000000000000     0x168d
 .debug_abbrev  0x0000000000000000      0x1cf ./User/ch32v30x_it.o
 .debug_abbrev  0x00000000000001cf      0x289 ./User/main.o
 .debug_abbrev  0x0000000000000458      0x2c0 ./User/system_ch32v30x.o
 .debug_abbrev  0x0000000000000718       0x12 ./Startup/startup_ch32v30x_D8C.o
 .debug_abbrev  0x000000000000072a      0x2fe ./Peripheral/src/ch32v30x_dac.o
 .debug_abbrev  0x0000000000000a28      0x309 ./Peripheral/src/ch32v30x_gpio.o
 .debug_abbrev  0x0000000000000d31      0x351 ./Peripheral/src/ch32v30x_rcc.o
 .debug_abbrev  0x0000000000001082      0x312 ./Peripheral/src/ch32v30x_usart.o
 .debug_abbrev  0x0000000000001394      0x2f9 ./Debug/debug.o

.debug_aranges  0x0000000000000000      0x4b8
 .debug_aranges
                0x0000000000000000       0x28 ./User/ch32v30x_it.o
 .debug_aranges
                0x0000000000000028       0x28 ./User/main.o
 .debug_aranges
                0x0000000000000050       0x28 ./User/system_ch32v30x.o
 .debug_aranges
                0x0000000000000078       0x30 ./Startup/startup_ch32v30x_D8C.o
 .debug_aranges
                0x00000000000000a8       0x78 ./Peripheral/src/ch32v30x_dac.o
 .debug_aranges
                0x0000000000000120       0xa8 ./Peripheral/src/ch32v30x_gpio.o
 .debug_aranges
                0x00000000000001c8      0x1a8 ./Peripheral/src/ch32v30x_rcc.o
 .debug_aranges
                0x0000000000000370      0x100 ./Peripheral/src/ch32v30x_usart.o
 .debug_aranges
                0x0000000000000470       0x48 ./Debug/debug.o

.debug_ranges   0x0000000000000000      0x450
 .debug_ranges  0x0000000000000000       0x18 ./User/ch32v30x_it.o
 .debug_ranges  0x0000000000000018       0x18 ./User/main.o
 .debug_ranges  0x0000000000000030       0x38 ./User/system_ch32v30x.o
 .debug_ranges  0x0000000000000068       0x28 ./Startup/startup_ch32v30x_D8C.o
 .debug_ranges  0x0000000000000090       0x68 ./Peripheral/src/ch32v30x_dac.o
 .debug_ranges  0x00000000000000f8       0x98 ./Peripheral/src/ch32v30x_gpio.o
 .debug_ranges  0x0000000000000190      0x198 ./Peripheral/src/ch32v30x_rcc.o
 .debug_ranges  0x0000000000000328       0xf0 ./Peripheral/src/ch32v30x_usart.o
 .debug_ranges  0x0000000000000418       0x38 ./Debug/debug.o

.debug_line     0x0000000000000000     0x5705
 .debug_line    0x0000000000000000      0x224 ./User/ch32v30x_it.o
 .debug_line    0x0000000000000224      0x4a6 ./User/main.o
 .debug_line    0x00000000000006ca      0x73c ./User/system_ch32v30x.o
 .debug_line    0x0000000000000e06      0x356 ./Startup/startup_ch32v30x_D8C.o
 .debug_line    0x000000000000115c      0x7d3 ./Peripheral/src/ch32v30x_dac.o
 .debug_line    0x000000000000192f      0xd2d ./Peripheral/src/ch32v30x_gpio.o
 .debug_line    0x000000000000265c     0x1972 ./Peripheral/src/ch32v30x_rcc.o
 .debug_line    0x0000000000003fce     0x104c ./Peripheral/src/ch32v30x_usart.o
 .debug_line    0x000000000000501a      0x6eb ./Debug/debug.o

.debug_str      0x0000000000000000     0x1799
 .debug_str     0x0000000000000000      0x54a ./User/ch32v30x_it.o
                                        0x5ab (size before relaxing)
 .debug_str     0x000000000000054a      0x27d ./User/main.o
                                        0x7fd (size before relaxing)
 .debug_str     0x00000000000007c7      0x115 ./User/system_ch32v30x.o
                                        0x6c1 (size before relaxing)
 .debug_str     0x00000000000008dc       0x2e ./Startup/startup_ch32v30x_D8C.o
                                         0x5f (size before relaxing)
 .debug_str     0x000000000000090a      0x1b0 ./Peripheral/src/ch32v30x_dac.o
                                        0x7f4 (size before relaxing)
 .debug_str     0x0000000000000aba      0x256 ./Peripheral/src/ch32v30x_gpio.o
                                        0x966 (size before relaxing)
 .debug_str     0x0000000000000d10      0x59d ./Peripheral/src/ch32v30x_rcc.o
                                        0xcbf (size before relaxing)
 .debug_str     0x00000000000012ad      0x464 ./Peripheral/src/ch32v30x_usart.o
                                        0xb0c (size before relaxing)
 .debug_str     0x0000000000001711       0x88 ./Debug/debug.o
                                        0x8f4 (size before relaxing)

.comment        0x0000000000000000       0x33
 .comment       0x0000000000000000       0x33 ./User/ch32v30x_it.o
                                         0x34 (size before relaxing)
 .comment       0x0000000000000033       0x34 ./User/main.o
 .comment       0x0000000000000033       0x34 ./User/system_ch32v30x.o
 .comment       0x0000000000000033       0x34 ./Peripheral/src/ch32v30x_dac.o
 .comment       0x0000000000000033       0x34 ./Peripheral/src/ch32v30x_gpio.o
 .comment       0x0000000000000033       0x34 ./Peripheral/src/ch32v30x_rcc.o
 .comment       0x0000000000000033       0x34 ./Peripheral/src/ch32v30x_usart.o
 .comment       0x0000000000000033       0x34 ./Debug/debug.o
 .comment       0x0000000000000033       0x34 d:/mounriver/mounriver_studio/toolchain/risc-v embedded gcc/bin/../lib/gcc/riscv-none-embed/8.2.0/../../../../riscv-none-embed/lib/rv32imacxw/ilp32\libprintfloat.a(printfloat.o)

.debug_frame    0x0000000000000000      0xa10
 .debug_frame   0x0000000000000000       0x30 ./User/ch32v30x_it.o
 .debug_frame   0x0000000000000030       0x4c ./User/main.o
 .debug_frame   0x000000000000007c       0x3c ./User/system_ch32v30x.o
 .debug_frame   0x00000000000000b8       0xf4 ./Peripheral/src/ch32v30x_dac.o
 .debug_frame   0x00000000000001ac      0x148 ./Peripheral/src/ch32v30x_gpio.o
 .debug_frame   0x00000000000002f4      0x344 ./Peripheral/src/ch32v30x_rcc.o
 .debug_frame   0x0000000000000638      0x204 ./Peripheral/src/ch32v30x_usart.o
 .debug_frame   0x000000000000083c       0x9c ./Debug/debug.o
 .debug_frame   0x00000000000008d8       0x20 d:/mounriver/mounriver_studio/toolchain/risc-v embedded gcc/bin/../lib/gcc/riscv-none-embed/8.2.0/rv32imacxw/ilp32\libgcc.a(ledf2.o)
 .debug_frame   0x00000000000008f8       0x54 d:/mounriver/mounriver_studio/toolchain/risc-v embedded gcc/bin/../lib/gcc/riscv-none-embed/8.2.0/rv32imacxw/ilp32\libgcc.a(muldf3.o)
 .debug_frame   0x000000000000094c       0x44 d:/mounriver/mounriver_studio/toolchain/risc-v embedded gcc/bin/../lib/gcc/riscv-none-embed/8.2.0/rv32imacxw/ilp32\libgcc.a(subdf3.o)
 .debug_frame   0x0000000000000990       0x20 d:/mounriver/mounriver_studio/toolchain/risc-v embedded gcc/bin/../lib/gcc/riscv-none-embed/8.2.0/rv32imacxw/ilp32\libgcc.a(fixdfdi.o)
 .debug_frame   0x00000000000009b0       0x40 d:/mounriver/mounriver_studio/toolchain/risc-v embedded gcc/bin/../lib/gcc/riscv-none-embed/8.2.0/rv32imacxw/ilp32\libgcc.a(floatdidf.o)
 .debug_frame   0x00000000000009f0       0x20 d:/mounriver/mounriver_studio/toolchain/risc-v embedded gcc/bin/../lib/gcc/riscv-none-embed/8.2.0/rv32imacxw/ilp32\libgcc.a(_clzsi2.o)

.debug_loc      0x0000000000000000     0x1d8f
 .debug_loc     0x0000000000000000       0xda ./User/system_ch32v30x.o
 .debug_loc     0x00000000000000da      0x238 ./Peripheral/src/ch32v30x_dac.o
 .debug_loc     0x0000000000000312      0x670 ./Peripheral/src/ch32v30x_gpio.o
 .debug_loc     0x0000000000000982      0xadb ./Peripheral/src/ch32v30x_rcc.o
 .debug_loc     0x000000000000145d      0x7bb ./Peripheral/src/ch32v30x_usart.o
 .debug_loc     0x0000000000001c18      0x177 ./Debug/debug.o
