Archive member included to satisfy reference by file (symbol)

D:\GoingOn\桌面\课程教学\教学文件\课件\Lesson.2\源代码\CH32V208WBU6_Peripheral\LIB\libwchble.a(message.o)
                              ./HAL/MCU.o (tmos_msg_deallocate)
D:\GoingOn\桌面\课程教学\教学文件\课件\Lesson.2\源代码\CH32V208WBU6_Peripheral\LIB\libwchble.a(tmos.o)
                              D:\GoingOn\桌面\课程教学\教学文件\课件\Lesson.2\源代码\CH32V208WBU6_Peripheral\LIB\libwchble.a(message.o) (gTmosPara)
D:\GoingOn\桌面\课程教学\教学文件\课件\Lesson.2\源代码\CH32V208WBU6_Peripheral\LIB\libwchble.a(tmos_hw.o)
                              D:\GoingOn\桌面\课程教学\教学文件\课件\Lesson.2\源代码\CH32V208WBU6_Peripheral\LIB\libwchble.a(tmos.o) (fnGetClockCBs)
D:\GoingOn\桌面\课程教学\教学文件\课件\Lesson.2\源代码\CH32V208WBU6_Peripheral\LIB\libwchble.a(tmos_snv.o)
                              D:\GoingOn\桌面\课程教学\教学文件\课件\Lesson.2\源代码\CH32V208WBU6_Peripheral\LIB\libwchble.a(tmos.o) (tmos_snv_init)
D:\GoingOn\桌面\课程教学\教学文件\课件\Lesson.2\源代码\CH32V208WBU6_Peripheral\LIB\libwchble.a(gap.o)
                              ./APP/peripheral.o (GAP_SetParamValue)
D:\GoingOn\桌面\课程教学\教学文件\课件\Lesson.2\源代码\CH32V208WBU6_Peripheral\LIB\libwchble.a(gap_central.o)
                              D:\GoingOn\桌面\课程教学\教学文件\课件\Lesson.2\源代码\CH32V208WBU6_Peripheral\LIB\libwchble.a(gap.o) (gapProcessPeriodicAdvertisingSyncEstablishedEvt)
D:\GoingOn\桌面\课程教学\教学文件\课件\Lesson.2\源代码\CH32V208WBU6_Peripheral\LIB\libwchble.a(gap_peripheral.o)
                              D:\GoingOn\桌面\课程教学\教学文件\课件\Lesson.2\源代码\CH32V208WBU6_Peripheral\LIB\libwchble.a(gap.o) (GAP_PeripheralParamInit)
D:\GoingOn\桌面\课程教学\教学文件\课件\Lesson.2\源代码\CH32V208WBU6_Peripheral\LIB\libwchble.a(gapgattserver.o)
                              ./APP/peripheral.o (GGS_SetParameter)
D:\GoingOn\桌面\课程教学\教学文件\课件\Lesson.2\源代码\CH32V208WBU6_Peripheral\LIB\libwchble.a(gatt.o)
                              ./APP/peripheral.o (GATT_bm_alloc)
D:\GoingOn\桌面\课程教学\教学文件\课件\Lesson.2\源代码\CH32V208WBU6_Peripheral\LIB\libwchble.a(gatt_uuid.o)
                              D:\GoingOn\桌面\课程教学\教学文件\课件\Lesson.2\源代码\CH32V208WBU6_Peripheral\LIB\libwchble.a(gatt.o) (serviceChangedUUID)
D:\GoingOn\桌面\课程教学\教学文件\课件\Lesson.2\源代码\CH32V208WBU6_Peripheral\LIB\libwchble.a(gattclientapp.o)
                              D:\GoingOn\桌面\课程教学\教学文件\课件\Lesson.2\源代码\CH32V208WBU6_Peripheral\LIB\libwchble.a(gatt.o) (gattGetClientStatus)
D:\GoingOn\桌面\课程教学\教学文件\课件\Lesson.2\源代码\CH32V208WBU6_Peripheral\LIB\libwchble.a(gattservapp.o)
                              ./Profile/gattprofile.o (GATTServApp_ReadCharCfg)
D:\GoingOn\桌面\课程教学\教学文件\课件\Lesson.2\源代码\CH32V208WBU6_Peripheral\LIB\libwchble.a(l2cap.o)
                              D:\GoingOn\桌面\课程教学\教学文件\课件\Lesson.2\源代码\CH32V208WBU6_Peripheral\LIB\libwchble.a(gatt.o) (L2CAP_GetMTU)
D:\GoingOn\桌面\课程教学\教学文件\课件\Lesson.2\源代码\CH32V208WBU6_Peripheral\LIB\libwchble.a(l2cap_input.o)
                              D:\GoingOn\桌面\课程教学\教学文件\课件\Lesson.2\源代码\CH32V208WBU6_Peripheral\LIB\libwchble.a(l2cap.o) (l2capProcessRxData)
D:\GoingOn\桌面\课程教学\教学文件\课件\Lesson.2\源代码\CH32V208WBU6_Peripheral\LIB\libwchble.a(l2cap_output.o)
                              D:\GoingOn\桌面\课程教学\教学文件\课件\Lesson.2\源代码\CH32V208WBU6_Peripheral\LIB\libwchble.a(l2cap_input.o) (l2capNotifyData)
D:\GoingOn\桌面\课程教学\教学文件\课件\Lesson.2\源代码\CH32V208WBU6_Peripheral\LIB\libwchble.a(l2cap_sdu.o)
                              D:\GoingOn\桌面\课程教学\教学文件\课件\Lesson.2\源代码\CH32V208WBU6_Peripheral\LIB\libwchble.a(l2cap_input.o) (l2capBuildDisconnectRsp)
D:\GoingOn\桌面\课程教学\教学文件\课件\Lesson.2\源代码\CH32V208WBU6_Peripheral\LIB\libwchble.a(linkdb.o)
                              D:\GoingOn\桌面\课程教学\教学文件\课件\Lesson.2\源代码\CH32V208WBU6_Peripheral\LIB\libwchble.a(l2cap.o) (linkDB_Init)
D:\GoingOn\桌面\课程教学\教学文件\课件\Lesson.2\源代码\CH32V208WBU6_Peripheral\LIB\libwchble.a(sm.o)
                              D:\GoingOn\桌面\课程教学\教学文件\课件\Lesson.2\源代码\CH32V208WBU6_Peripheral\LIB\libwchble.a(gap.o) (smStartEncryption)
D:\GoingOn\桌面\课程教学\教学文件\课件\Lesson.2\源代码\CH32V208WBU6_Peripheral\LIB\libwchble.a(host_input.o)
                              D:\GoingOn\桌面\课程教学\教学文件\课件\Lesson.2\源代码\CH32V208WBU6_Peripheral\LIB\libwchble.a(gap.o) (gBleHostPara)
D:\GoingOn\桌面\课程教学\教学文件\课件\Lesson.2\源代码\CH32V208WBU6_Peripheral\LIB\libwchble.a(host_output.o)
                              D:\GoingOn\桌面\课程教学\教学文件\课件\Lesson.2\源代码\CH32V208WBU6_Peripheral\LIB\libwchble.a(gap.o) (HCI_DisconnectCmd)
D:\GoingOn\桌面\课程教学\教学文件\课件\Lesson.2\源代码\CH32V208WBU6_Peripheral\LIB\libwchble.a(ll_connect.o)
                              D:\GoingOn\桌面\课程教学\教学文件\课件\Lesson.2\源代码\CH32V208WBU6_Peripheral\LIB\libwchble.a(tmos.o) (LL_GetNextConnectEventTime)
D:\GoingOn\桌面\课程教学\教学文件\课件\Lesson.2\源代码\CH32V208WBU6_Peripheral\LIB\libwchble.a(ll_core.o)
                              D:\GoingOn\桌面\课程教学\教学文件\课件\Lesson.2\源代码\CH32V208WBU6_Peripheral\LIB\libwchble.a(ll_connect.o) (LL_CoreGetCore)
D:\GoingOn\桌面\课程教学\教学文件\课件\Lesson.2\源代码\CH32V208WBU6_Peripheral\LIB\libwchble.a(ll_hop.o)
[...]
Memory Configuration

Name             Origin             Length             Attributes
FLASH            0x0000000000000000 0x0000000000070000 xr
RAM              0x0000000020000000 0x0000000000010000 xrw
*default*        0x0000000000000000 0xffffffffffffffff

Linker script and memory map

LOAD ./SRC/Startup/startup_ch32v20x_D8W.o
LOAD ./SRC/Peripheral/src/ch32v20x_adc.o
LOAD ./SRC/Peripheral/src/ch32v20x_bkp.o
LOAD ./SRC/Peripheral/src/ch32v20x_can.o
LOAD ./SRC/Peripheral/src/ch32v20x_crc.o
LOAD ./SRC/Peripheral/src/ch32v20x_dbgmcu.o
LOAD ./SRC/Peripheral/src/ch32v20x_dma.o
LOAD ./SRC/Peripheral/src/ch32v20x_exti.o
LOAD ./SRC/Peripheral/src/ch32v20x_flash.o
LOAD ./SRC/Peripheral/src/ch32v20x_gpio.o
LOAD ./SRC/Peripheral/src/ch32v20x_i2c.o
LOAD ./SRC/Peripheral/src/ch32v20x_iwdg.o
LOAD ./SRC/Peripheral/src/ch32v20x_misc.o
LOAD ./SRC/Peripheral/src/ch32v20x_opa.o
LOAD ./SRC/Peripheral/src/ch32v20x_pwr.o
LOAD ./SRC/Peripheral/src/ch32v20x_rcc.o
LOAD ./SRC/Peripheral/src/ch32v20x_rtc.o
LOAD ./SRC/Peripheral/src/ch32v20x_spi.o
LOAD ./SRC/Peripheral/src/ch32v20x_tim.o
LOAD ./SRC/Peripheral/src/ch32v20x_usart.o
LOAD ./SRC/Peripheral/src/ch32v20x_wwdg.o
LOAD ./SRC/Debug/debug.o
LOAD ./SRC/Core/core_riscv.o
LOAD ./Profile/devinfoservice.o
LOAD ./Profile/gattprofile.o
LOAD ./HAL/KEY.o
LOAD ./HAL/LED.o
LOAD ./HAL/MCU.o
LOAD ./HAL/RTC.o
LOAD ./HAL/SLEEP.o
LOAD ./APP/ch32v20x_it.o
LOAD ./APP/peripheral.o
LOAD ./APP/peripheral_main.o
LOAD ./APP/system_ch32v20x.o
LOAD D:\GoingOn\桌面\课程教学\教学文件\课件\Lesson.2\源代码\CH32V208WBU6_Peripheral\LIB\libwchble.a
LOAD d:/software/mounriver/mounriver_studio/toolchain/risc-v embedded gcc/bin/../lib/gcc/riscv-none-embed/8.2.0/rv32imacxw/ilp32\libgcc.a
LOAD d:/software/mounriver/mounriver_studio/toolchain/risc-v embedded gcc/bin/../lib/gcc/riscv-none-embed/8.2.0/../../../../riscv-none-embed/lib/rv32imacxw/ilp32\libg_nano.a
LOAD d:/software/mounriver/mounriver_studio/toolchain/risc-v embedded gcc/bin/../lib/gcc/riscv-none-embed/8.2.0/../../../../riscv-none-embed/lib/rv32imacxw/ilp32\libc_nano.a
LOAD d:/software/mounriver/mounriver_studio/toolchain/risc-v embedded gcc/bin/../lib/gcc/riscv-none-embed/8.2.0/rv32imacxw/ilp32\libgcc.a
START GROUP
LOAD d:/software/mounriver/mounriver_studio/toolchain/risc-v embedded gcc/bin/../lib/gcc/riscv-none-embed/8.2.0/rv32imacxw/ilp32\libgcc.a
LOAD d:/software/mounriver/mounriver_studio/toolchain/risc-v embedded gcc/bin/../lib/gcc/riscv-none-embed/8.2.0/../../../../riscv-none-embed/lib/rv32imacxw/ilp32\libc_nano.a
LOAD d:/software/mounriver/mounriver_studio/toolchain/risc-v embedded gcc/bin/../lib/gcc/riscv-none-embed/8.2.0/../../../../riscv-none-embed/lib/rv32imacxw/ilp32\libnosys.a
END GROUP
START GROUP
LOAD d:/software/mounriver/mounriver_studio/toolchain/risc-v embedded gcc/bin/../lib/gcc/riscv-none-embed/8.2.0/rv32imacxw/ilp32\libgcc.a
LOAD d:/software/mounriver/mounriver_studio/toolchain/risc-v embedded gcc/bin/../lib/gcc/riscv-none-embed/8.2.0/../../../../riscv-none-embed/lib/rv32imacxw/ilp32\libc_nano.a
LOAD d:/software/mounriver/mounriver_studio/toolchain/risc-v embedded gcc/bin/../lib/gcc/riscv-none-embed/8.2.0/../../../../riscv-none-embed/lib/rv32imacxw/ilp32\libnosys.a
END GROUP
                0x0000000000000800                __stack_size = 0x800
                [!provide]                        PROVIDE (_stack_size = __stack_size)

.init           0x0000000000000000       0x38
                0x0000000000000000                _sinit = .
                0x0000000000000000                . = ALIGN (0x4)
 *(SORT_NONE(.init))
 .init          0x0000000000000000       0x38 ./SRC/Startup/startup_ch32v20x_D8W.o
                0x0000000000000000                _start
                0x0000000000000038                . = ALIGN (0x4)
                0x0000000000000038                _einit = .

.vector         0x0000000000000038      0x148
 *(.vector)
 .vector        0x0000000000000038      0x118 ./SRC/Startup/startup_ch32v20x_D8W.o
                0x0000000000000180                . = ALIGN (0x40)
 *fill*         0x0000000000000150       0x30 
 *(SORT_NONE(.handle_reset))

.highcode       0x0000000000000180     0x21e8
                0x0000000000000180                . = ALIGN (0x4)
 *(.highcode)
 .highcode      0x0000000000000180        0x8 ./APP/peripheral_main.o
                0x0000000000000180                Main_Circulation
 .highcode      0x0000000000000188       0x8e D:\GoingOn\桌面\课程教学\教学文件\课件\Lesson.2\源代码\CH32V208WBU6_Peripheral\LIB\libwchble.a(message.o)
                0x0000000000000188                tmos_msg_enqueue
                0x00000000000001a2                tmos_msg_receive
 .highcode      0x0000000000000216      0x48a D:\GoingOn\桌面\课程教学\教学文件\课件\Lesson.2\源代码\CH32V208WBU6_Peripheral\LIB\libwchble.a(tmos.o)
                0x0000000000000236                tmos_proces_sleep
                0x00000000000002ec                tmos_memcpy
                0x0000000000000308                tmos_memcpy_word
                0x0000000000000320                tmos_memset
                0x0000000000000332                tmos_strlen
                0x0000000000000346                tmos_memdup
                0x0000000000000378                tmos_memcmp
                0x00000000000003a2                tmos_revmemcpy
                0x00000000000003bc                tmos_isbufset
                0x00000000000003de                tmos_proces_system_time
                0x00000000000004c8                TMOS_SystemProcess
 .highcode      0x00000000000006a0       0x34 D:\GoingOn\桌面\课程教学\教学文件\课件\Lesson.2\源代码\CH32V208WBU6_Peripheral\LIB\libwchble.a(tmos_hw.o)
                0x00000000000006d2                TMOS_TimerIRQHandler
 .highcode      0x00000000000006d4       0x74 D:\GoingOn\桌面\课程教学\教学文件\课件\Lesson.2\源代码\CH32V208WBU6_Peripheral\LIB\libwchble.a(gattservapp.o)
                0x00000000000006d4                gattFindServerInfo
                0x00000000000006fe                GATT_FindHandle
 .highcode      0x0000000000000748       0x34 D:\GoingOn\桌面\课程教学\教学文件\课件\Lesson.2\源代码\CH32V208WBU6_Peripheral\LIB\libwchble.a(linkdb.o)
                0x0000000000000748                linkDB_Find
 .highcode      0x000000000000077c      0x6b8 D:\GoingOn\桌面\课程教学\教学文件\课件\Lesson.2\源代码\CH32V208WBU6_Peripheral\LIB\libwchble.a(ll_connect.o)
                0x000000000000077c                ll_connect_send_data
                0x0000000000000872                ll_connect_recv_data
                0x000000000000093c                ll_connect_event_continue
                0x00000000000009fa                ll_connect_process_event
 .highcode      0x0000000000000e34      0x7c2 D:\GoingOn\桌面\课程教学\教学文件\课件\Lesson.2\源代码\CH32V208WBU6_Peripheral\LIB\libwchble.a(ll_hop.o)
                0x0000000000000e34                LL_HopGetChannel
                0x0000000000000ed2                LL_HopGetChannel2
                0x0000000000001132                LL_PeriodicHopGetChannel2
                0x0000000000001394                LL_PeriodicScanHopGetChannel2
 .highcode      0x00000000000015f6       0x4c D:\GoingOn\桌面\课程教学\教学文件\课件\Lesson.2\源代码\CH32V208WBU6_Peripheral\LIB\libwchble.a(ll_whitelist.o)
                0x00000000000015f6                LL_WhitelistLookup
 .highcode      0x0000000000001642      0x280 D:\GoingOn\桌面\课程教学\教学文件\课件\Lesson.2\源代码\CH32V208WBU6_Peripheral\LIB\libwchble.a(aes.o)
                0x0000000000001642                AES_DevAESEnc
                0x00000000000017c6                AES_DevPktEnc
                0x000000000000183e                AES_DevPktDec
 .highcode      0x00000000000018c2       0xe2 D:\GoingOn\桌面\课程教学\教学文件\课件\Lesson.2\源代码\CH32V208WBU6_Peripheral\LIB\libwchble.a(bb.o)
                0x00000000000018c2                BB_IRQLibHandler
 .highcode      0x00000000000019a4      0x39e D:\GoingOn\桌面\课程教学\教学文件\课件\Lesson.2\源代码\CH32V208WBU6_Peripheral\LIB\libwchble.a(ip.o)
                0x00000000000019a4                ll_rx_wait_finish
                0x00000000000019dc                ble_ll_chkcrc
                0x0000000000001a60                ll_tx_wait_finish
                0x0000000000001b60                BLE_CheckHoppingMap
 .highcode      0x0000000000001d42      0x1ec D:\GoingOn\桌面\课程教学\教学文件\课件\Lesson.2\源代码\CH32V208WBU6_Peripheral\LIB\libwchble.a(lle.o)
                0x0000000000001d42                LLE_IRQLibHandler
 .highcode      0x0000000000001f2e      0x168 D:\GoingOn\桌面\课程教学\教学文件\课件\Lesson.2\源代码\CH32V208WBU6_Peripheral\LIB\libwchble.a(rf_fh.o)
                0x0000000000001f2e                RF_HopGetChannel
                0x0000000000001fae                RF_FrequencyHoppingGet
                0x0000000000002020                RF_FrequencyHoppingChange
 .highcode      0x0000000000002096       0x30 D:\GoingOn\桌面\课程教学\教学文件\课件\Lesson.2\源代码\CH32V208WBU6_Peripheral\LIB\libwchble.a(rfend.o)
                0x0000000000002096                RFEND_WaitTune
 .highcode      0x00000000000020c6      0x1d6 D:\GoingOn\桌面\课程教学\教学文件\课件\Lesson.2\源代码\CH32V208WBU6_Peripheral\LIB\libwchble.a(memory.o)
                0x00000000000020c6                tmos_memory_allocate
                0x000000000000218e                tmos_memory_free
                0x0000000000002260                tmos_bm_adjust_header
 .highcode      0x000000000000229c       0xcc D:\GoingOn\桌面\课程教学\教学文件\课件\Lesson.2\源代码\CH32V208WBU6_Peripheral\LIB\libwchble.a(ll_resolvinglist.o)
                0x000000000000229c                LL_ResolvinglistPeerIdentifyAddressGetIrk
                0x00000000000022ec                LL_ResolvinglistPeerRpaAddressGetIrk
                0x000000000000232a                LL_ResolvinglistLocalRpaAddressGetIrk
 *(.highcode.*)
                0x0000000000002368                . = ALIGN (0x4)

.text           0x0000000000002368    0x1f700
                0x0000000000002368                . = ALIGN (0x4)
 EXCLUDE_FILE(*wchble.o) *(.text .text*)
 .text.vector_handler
                0x0000000000002368       0x7a ./SRC/Startup/startup_ch32v20x_D8W.o
                0x000000000000236c                Ecall_M_Mode_Handler
                0x000000000000236e                Ecall_U_Mode_Handler
                0x0000000000002370                Break_Point_Handler
                0x0000000000002372                SysTick_Handler
                0x0000000000002374                SW_Handler
                0x0000000000002376                WWDG_IRQHandler
                0x0000000000002378                PVD_IRQHandler
                0x000000000000237a                TAMPER_IRQHandler
                0x000000000000237c                RTC_IRQHandler
                0x000000000000237e                FLASH_IRQHandler
                0x0000000000002380                RCC_IRQHandler
                0x0000000000002382                EXTI0_IRQHandler
                0x0000000000002384                EXTI1_IRQHandler
                0x0000000000002386                EXTI2_IRQHandler
                0x0000000000002388                EXTI3_IRQHandler
                0x000000000000238a                EXTI4_IRQHandler
                0x000000000000238c                DMA1_Channel1_IRQHandler
                0x000000000000238e                DMA1_Channel2_IRQHandler
                0x0000000000002390                DMA1_Channel3_IRQHandler
                0x0000000000002392                DMA1_Channel4_IRQHandler
                0x0000000000002394                DMA1_Channel5_IRQHandler
                0x0000000000002396                DMA1_Channel6_IRQHandler
                0x0000000000002398                DMA1_Channel7_IRQHandler
                0x000000000000239a                ADC1_2_IRQHandler
                0x000000000000239c                USB_HP_CAN1_TX_IRQHandler
                0x000000000000239e                USB_LP_CAN1_RX0_IRQHandler
                0x00000000000023a0                CAN1_RX1_IRQHandler
                0x00000000000023a2                CAN1_SCE_IRQHandler
                0x00000000000023a4                EXTI9_5_IRQHandler
                0x00000000000023a6                TIM1_BRK_IRQHandler
                0x00000000000023a8                TIM1_UP_IRQHandler
                0x00000000000023aa                TIM1_TRG_COM_IRQHandler
                0x00000000000023ac                TIM1_CC_IRQHandler
                0x00000000000023ae                TIM2_IRQHandler
                0x00000000000023b0                TIM3_IRQHandler
                0x00000000000023b2                TIM4_IRQHandler
                0x00000000000023b4                I2C1_EV_IRQHandler
                0x00000000000023b6                I2C1_ER_IRQHandler
                0x00000000000023b8                I2C2_EV_IRQHandler
                0x00000000000023ba                I2C2_ER_IRQHandler
                0x00000000000023bc                SPI1_IRQHandler
                0x00000000000023be                SPI2_IRQHandler
                0x00000000000023c0                USART1_IRQHandler
                0x00000000000023c2                USART2_IRQHandler
                0x00000000000023c4                USART3_IRQHandler
                0x00000000000023c6                EXTI15_10_IRQHandler
                0x00000000000023ca                USBWakeUp_IRQHandler
                0x00000000000023cc                USBHD_IRQHandler
                0x00000000000023ce                USBHDWakeUp_IRQHandler
                0x00000000000023d0                ETH_IRQHandler
                0x00000000000023d2                ETHWakeUp_IRQHandler
                0x00000000000023d8                TIM5_IRQHandler
                0x00000000000023da                UART4_IRQHandler
                0x00000000000023dc                DMA1_Channel8_IRQHandler
                0x00000000000023de                OSC32KCal_IRQHandler
                0x00000000000023e0                OSCWakeUp_IRQHandler
 .text.handle_reset
                0x00000000000023e2       0x8a ./SRC/Startup/startup_ch32v20x_D8W.o
                0x00000000000023e2                handle_reset
 .text.ADC_DeInit
                0x000000000000246c       0x40 ./SRC/Peripheral/src/ch32v20x_adc.o
                0x000000000000246c                ADC_DeInit
 .text.ADC_Init
                0x00000000000024ac       0x56 ./SRC/Peripheral/src/ch32v20x_adc.o
                0x00000000000024ac                ADC_Init
 .text.ADC_Cmd  0x0000000000002502       0x10 ./SRC/Peripheral/src/ch32v20x_adc.o
                0x0000000000002502                ADC_Cmd
 .text.ADC_SoftwareStartConvCmd
                0x0000000000002512       0x18 ./SRC/Peripheral/src/ch32v20x_adc.o
                0x0000000000002512                ADC_SoftwareStartConvCmd
 .text.ADC_RegularChannelConfig
                0x000000000000252a       0xb8 ./SRC/Peripheral/src/ch32v20x_adc.o
                0x000000000000252a                ADC_RegularChannelConfig
 .text.ADC_GetConversionValue
                0x00000000000025e2        0x8 ./SRC/Peripheral/src/ch32v20x_adc.o
                0x00000000000025e2                ADC_GetConversionValue
 .text.ADC_TempSensorVrefintCmd
                0x00000000000025ea       0x20 ./SRC/Peripheral/src/ch32v20x_adc.o
                0x00000000000025ea                ADC_TempSensorVrefintCmd
 .text.ADC_GetFlagStatus
                0x000000000000260a        0xa ./SRC/Peripheral/src/ch32v20x_adc.o
                0x000000000000260a                ADC_GetFlagStatus
 .text.ADC_BufferCmd
                0x0000000000002614       0x18 ./SRC/Peripheral/src/ch32v20x_adc.o
                0x0000000000002614                ADC_BufferCmd
 .text.EXTI_ClearITPendingBit
                0x000000000000262c        0xa ./SRC/Peripheral/src/ch32v20x_exti.o
                0x000000000000262c                EXTI_ClearITPendingBit
 .text.FLASH_Lock
                0x0000000000002636        0xe ./SRC/Peripheral/src/ch32v20x_flash.o
                0x0000000000002636                FLASH_Lock
 .text.FLASH_Unlock_Fast
                0x0000000000002644       0x1e ./SRC/Peripheral/src/ch32v20x_flash.o
                0x0000000000002644                FLASH_Unlock_Fast
 .text.FLASH_Lock_Fast
                0x0000000000002662        0xa ./SRC/Peripheral/src/ch32v20x_flash.o
                0x0000000000002662                FLASH_Lock_Fast
 .text.FLASH_ErasePage_Fast
                0x000000000000266c       0x2e ./SRC/Peripheral/src/ch32v20x_flash.o
                0x000000000000266c                FLASH_ErasePage_Fast
 .text.FLASH_ProgramPage_Fast
                0x000000000000269a       0x64 ./SRC/Peripheral/src/ch32v20x_flash.o
                0x000000000000269a                FLASH_ProgramPage_Fast
 .text.FLASH_GetMACAddress
                0x00000000000026fe       0x26 ./SRC/Peripheral/src/ch32v20x_flash.o
                0x00000000000026fe                FLASH_GetMACAddress
 .text.GPIO_Init
                0x0000000000002724       0xc0 ./SRC/Peripheral/src/ch32v20x_gpio.o
                0x0000000000002724                GPIO_Init
 .text.PWR_BackupAccessCmd
                0x00000000000027e4       0x16 ./SRC/Peripheral/src/ch32v20x_pwr.o
                0x00000000000027e4                PWR_BackupAccessCmd
 .text.RCC_ADCCLKConfig
                0x00000000000027fa       0x12 ./SRC/Peripheral/src/ch32v20x_rcc.o
                0x00000000000027fa                RCC_ADCCLKConfig
 .text.RCC_LSEConfig
                0x000000000000280c       0x28 ./SRC/Peripheral/src/ch32v20x_rcc.o
                0x000000000000280c                RCC_LSEConfig
 .text.RCC_LSICmd
                0x0000000000002834       0x14 ./SRC/Peripheral/src/ch32v20x_rcc.o
                0x0000000000002834                RCC_LSICmd
 .text.RCC_RTCCLKConfig
                0x0000000000002848        0xc ./SRC/Peripheral/src/ch32v20x_rcc.o
                0x0000000000002848                RCC_RTCCLKConfig
 .text.RCC_RTCCLKCmd
                0x0000000000002854       0x20 ./SRC/Peripheral/src/ch32v20x_rcc.o
                0x0000000000002854                RCC_RTCCLKCmd
 .text.RCC_GetClocksFreq
                0x0000000000002874       0xe2 ./SRC/Peripheral/src/ch32v20x_rcc.o
                0x0000000000002874                RCC_GetClocksFreq
 .text.RCC_AHBPeriphClockCmd
                0x0000000000002956       0x1e ./SRC/Peripheral/src/ch32v20x_rcc.o
                0x0000000000002956                RCC_AHBPeriphClockCmd
 .text.RCC_APB2PeriphClockCmd
                0x0000000000002974       0x1e ./SRC/Peripheral/src/ch32v20x_rcc.o
                0x0000000000002974                RCC_APB2PeriphClockCmd
 .text.RCC_APB1PeriphClockCmd
                0x0000000000002992       0x1e ./SRC/Peripheral/src/ch32v20x_rcc.o
                0x0000000000002992                RCC_APB1PeriphClockCmd
 .text.RCC_APB2PeriphResetCmd
                0x00000000000029b0       0x1e ./SRC/Peripheral/src/ch32v20x_rcc.o
                0x00000000000029b0                RCC_APB2PeriphResetCmd
 .text.RTC_EnterConfigMode
                0x00000000000029ce       0x12 ./SRC/Peripheral/src/ch32v20x_rtc.o
                0x00000000000029ce                RTC_EnterConfigMode
 .text.RTC_ExitConfigMode
                0x00000000000029e0       0x18 ./SRC/Peripheral/src/ch32v20x_rtc.o
                0x00000000000029e0                RTC_ExitConfigMode
 .text.RTC_GetCounter
                0x00000000000029f8       0x36 ./SRC/Peripheral/src/ch32v20x_rtc.o
                0x00000000000029f8                RTC_GetCounter
 .text.RTC_SetCounter
                0x0000000000002a2e       0x28 ./SRC/Peripheral/src/ch32v20x_rtc.o
                0x0000000000002a2e                RTC_SetCounter
 .text.RTC_SetPrescaler
                0x0000000000002a56       0x2a ./SRC/Peripheral/src/ch32v20x_rtc.o
                0x0000000000002a56                RTC_SetPrescaler
 .text.RTC_WaitForLastTask
                0x0000000000002a80       0x10 ./SRC/Peripheral/src/ch32v20x_rtc.o
                0x0000000000002a80                RTC_WaitForLastTask
 .text.RTC_ClearFlag
                0x0000000000002a90       0x14 ./SRC/Peripheral/src/ch32v20x_rtc.o
                0x0000000000002a90                RTC_ClearFlag
 .text.RTC_ClearITPendingBit
                0x0000000000002aa4        0xa ./SRC/Peripheral/src/ch32v20x_rtc.o
                0x0000000000002aa4                RTC_ClearITPendingBit
 .text.Calibration_LSI
                0x0000000000002aae      0x3da ./SRC/Peripheral/src/ch32v20x_rtc.o
                0x0000000000002aae                Calibration_LSI
 .text.USART_Init
                0x0000000000002e88       0xba ./SRC/Peripheral/src/ch32v20x_usart.o
                0x0000000000002e88                USART_Init
 .text.USART_Cmd
                0x0000000000002f42       0x16 ./SRC/Peripheral/src/ch32v20x_usart.o
                0x0000000000002f42                USART_Cmd
 .text.USART_SendData
                0x0000000000002f58        0x8 ./SRC/Peripheral/src/ch32v20x_usart.o
                0x0000000000002f58                USART_SendData
 .text.USART_GetFlagStatus
                0x0000000000002f60        0xa ./SRC/Peripheral/src/ch32v20x_usart.o
                0x0000000000002f60                USART_GetFlagStatus
 .text.Delay_Init
                0x0000000000002f6a       0x26 ./SRC/Debug/debug.o
                0x0000000000002f6a                Delay_Init
 .text.Delay_Us
                0x0000000000002f90       0x36 ./SRC/Debug/debug.o
                0x0000000000002f90                Delay_Us
 .text.USART_Printf_Init
                0x0000000000002fc6       0x54 ./SRC/Debug/debug.o
                0x0000000000002fc6                USART_Printf_Init
 .text._write   0x000000000000301a       0x3a ./SRC/Debug/debug.o
                0x000000000000301a                _write
 .text._sbrk    0x0000000000003054       0x2a ./SRC/Debug/debug.o
                0x0000000000003054                _sbrk
 .text.devInfo_ReadAttrCB
                0x000000000000307e      0x17a ./Profile/devinfoservice.o
 .text.DevInfo_AddService
                0x00000000000031f8       0x20 ./Profile/devinfoservice.o
                0x00000000000031f8                DevInfo_AddService
 .text.simpleProfile_ReadAttrCB
                0x0000000000003218       0x82 ./Profile/gattprofile.o
 .text.simpleProfile_WriteAttrCB
                0x000000000000329a       0xae ./Profile/gattprofile.o
 .text.simpleProfile_HandleConnStatusCB
                0x0000000000003348       0x34 ./Profile/gattprofile.o
 .text.SimpleProfile_AddService
                0x000000000000337c       0x40 ./Profile/gattprofile.o
                0x000000000000337c                SimpleProfile_AddService
 .text.SimpleProfile_RegisterAppCBs
                0x00000000000033bc        0xe ./Profile/gattprofile.o
                0x00000000000033bc                SimpleProfile_RegisterAppCBs
 .text.SimpleProfile_SetParameter
                0x00000000000033ca       0x7a ./Profile/gattprofile.o
                0x00000000000033ca                SimpleProfile_SetParameter
 .text.simpleProfile_Notify
                0x0000000000003444       0x30 ./Profile/gattprofile.o
                0x0000000000003444                simpleProfile_Notify
 .text.Lib_Calibration_LSI
                0x0000000000003474        0xe ./HAL/MCU.o
                0x0000000000003474                Lib_Calibration_LSI
 .text.Lib_Read_Flash
                0x0000000000003482       0x18 ./HAL/MCU.o
                0x0000000000003482                Lib_Read_Flash
 .text.Lib_Write_Flash
                0x000000000000349a       0x2e ./HAL/MCU.o
                0x000000000000349a                Lib_Write_Flash
 .text.HAL_GetInterTempValue
                0x00000000000034c8       0xde ./HAL/MCU.o
                0x00000000000034c8                HAL_GetInterTempValue
 .text.HAL_ProcessEvent
                0x00000000000035a6       0x78 ./HAL/MCU.o
                0x00000000000035a6                HAL_ProcessEvent
 .text.WCHBLE_Init
                0x000000000000361e      0x132 ./HAL/MCU.o
                0x000000000000361e                WCHBLE_Init
 .text.HAL_Init
                0x0000000000003750       0x2c ./HAL/MCU.o
                0x0000000000003750                HAL_Init
 .text.HAL_TimeInit
                0x000000000000377c       0x5c ./HAL/RTC.o
                0x000000000000377c                HAL_TimeInit
 .text.RTCAlarm_IRQHandler
                0x00000000000037d8       0x20 ./HAL/RTC.o
                0x00000000000037d8                RTCAlarm_IRQHandler
 .text.NMI_Handler
                0x00000000000037f8        0x4 ./APP/ch32v20x_it.o
                0x00000000000037f8                NMI_Handler
 .text.HardFault_Handler
                0x00000000000037fc        0x2 ./APP/ch32v20x_it.o
                0x00000000000037fc                HardFault_Handler
 .text.BB_IRQHandler
                0x00000000000037fe        0x8 ./APP/ch32v20x_it.o
                0x00000000000037fe                BB_IRQHandler
 .text.LLE_IRQHandler
                0x0000000000003806        0x8 ./APP/ch32v20x_it.o
                0x0000000000003806                LLE_IRQHandler
 .text.peripheralRssiCB
                0x000000000000380e       0x1a ./APP/peripheral.o
 .text.simpleProfileChangeCB
                0x0000000000003828       0x38 ./APP/peripheral.o
 .text.peripheralParamUpdateCB
                0x0000000000003860       0x36 ./APP/peripheral.o
 .text.Peripheral_LinkTerminated
                0x0000000000003896       0x56 ./APP/peripheral.o
 .text.peripheralStateNotificationCB
                0x00000000000038ec      0x138 ./APP/peripheral.o
 .text.Peripheral_ProcessEvent
                0x0000000000003a24      0x198 ./APP/peripheral.o
                0x0000000000003a24                Peripheral_ProcessEvent
 .text.Peripheral_Init
                0x0000000000003bbc      0x176 ./APP/peripheral.o
                0x0000000000003bbc                Peripheral_Init
 .text.startup.main
                0x0000000000003d32       0x30 ./APP/peripheral_main.o
                0x0000000000003d32                main
 .text.SystemInit
                0x0000000000003d62       0xf8 ./APP/system_ch32v20x.o
                0x0000000000003d62                SystemInit
 .text.tmos_msg_deallocate
                0x0000000000003e5a       0x28 D:\GoingOn\桌面\课程教学\教学文件\课件\Lesson.2\源代码\CH32V208WBU6_Peripheral\LIB\libwchble.a(message.o)
                0x0000000000003e5a                tmos_msg_deallocate
 .text.tmos_msg_allocate
                0x0000000000003e82       0x3e D:\GoingOn\桌面\课程教学\教学文件\课件\Lesson.2\源代码\CH32V208WBU6_Peripheral\LIB\libwchble.a(message.o)
                0x0000000000003e82                tmos_msg_allocate
 .text.tmos_msg_send
                0x0000000000003ec0       0x62 D:\GoingOn\桌面\课程教学\教学文件\课件\Lesson.2\源代码\CH32V208WBU6_Peripheral\LIB\libwchble.a(message.o)
                0x0000000000003ec0                tmos_msg_send
 .text.tmos_msg_init
                0x0000000000003f22        0xa D:\GoingOn\桌面\课程教学\教学文件\课件\Lesson.2\源代码\CH32V208WBU6_Peripheral\LIB\libwchble.a(message.o)
                0x0000000000003f22                tmos_msg_init
 .text.TMOS_CB_PeriodicProcessEvent
                0x0000000000003f2c       0x86 D:\GoingOn\桌面\课程教学\教学文件\课件\Lesson.2\源代码\CH32V208WBU6_Peripheral\LIB\libwchble.a(tmos.o)
                0x0000000000003f2c                TMOS_CB_PeriodicProcessEvent
 .text.TMOS_CB_ProcessEvent
                0x0000000000003fb2       0x82 D:\GoingOn\桌面\课程教学\教学文件\课件\Lesson.2\源代码\CH32V208WBU6_Peripheral\LIB\libwchble.a(tmos.o)
                0x0000000000003fb2                TMOS_CB_ProcessEvent
 .text.tmos_rand
                0x0000000000004034       0x52 D:\GoingOn\桌面\课程教学\教学文件\课件\Lesson.2\源代码\CH32V208WBU6_Peripheral\LIB\libwchble.a(tmos.o)
                0x0000000000004034                tmos_rand
 .text.tmos_start_periodic_callback_task
                0x0000000000004086       0xf6 D:\GoingOn\桌面\课程教学\教学文件\课件\Lesson.2\源代码\CH32V208WBU6_Peripheral\LIB\libwchble.a(tmos.o)
                0x0000000000004086                tmos_start_periodic_callback_task
 .text.tmos_set_event
                0x000000000000417c       0x2a D:\GoingOn\桌面\课程教学\教学文件\课件\Lesson.2\源代码\CH32V208WBU6_Peripheral\LIB\libwchble.a(tmos.o)
                0x000000000000417c                tmos_set_event
 .text.tmos_clear_event
                0x00000000000041a6       0x2e D:\GoingOn\桌面\课程教学\教学文件\课件\Lesson.2\源代码\CH32V208WBU6_Peripheral\LIB\libwchble.a(tmos.o)
                0x00000000000041a6                tmos_clear_event
 .text.tmos_update_callback_timer
                0x00000000000041d4       0xa2 D:\GoingOn\桌面\课程教学\教学文件\课件\Lesson.2\源代码\CH32V208WBU6_Peripheral\LIB\libwchble.a(tmos.o)
                0x00000000000041d4                tmos_update_callback_timer
 .text.tmos_start_task
                0x0000000000004276      0x106 D:\GoingOn\桌面\课程教学\教学文件\课件\Lesson.2\源代码\CH32V208WBU6_Peripheral\LIB\libwchble.a(tmos.o)
                0x0000000000004276                tmos_start_task
 .text.tmos_start_callback_task
                0x000000000000437c       0x98 D:\GoingOn\桌面\课程教学\教学文件\课件\Lesson.2\源代码\CH32V208WBU6_Peripheral\LIB\libwchble.a(tmos.o)
                0x000000000000437c                tmos_start_callback_task
 .text.tmos_start_reload_task
                0x0000000000004414       0x56 D:\GoingOn\桌面\课程教学\教学文件\课件\Lesson.2\源代码\CH32V208WBU6_Peripheral\LIB\libwchble.a(tmos.o)
                0x0000000000004414                tmos_start_reload_task
 .text.tmos_stop_task
                0x000000000000446a       0x50 D:\GoingOn\桌面\课程教学\教学文件\课件\Lesson.2\源代码\CH32V208WBU6_Peripheral\LIB\libwchble.a(tmos.o)
                0x000000000000446a                tmos_stop_task
 .text.tmos_stop_callback_task
                0x00000000000044ba       0x5a D:\GoingOn\桌面\课程教学\教学文件\课件\Lesson.2\源代码\CH32V208WBU6_Peripheral\LIB\libwchble.a(tmos.o)
                0x00000000000044ba                tmos_stop_callback_task
 .text.tmos_get_task_timer
                0x0000000000004514       0x50 D:\GoingOn\桌面\课程教学\教学文件\课件\Lesson.2\源代码\CH32V208WBU6_Peripheral\LIB\libwchble.a(tmos.o)
                0x0000000000004514                tmos_get_task_timer
 .text.TMOS_TimerRegister
                0x0000000000004564       0x1e D:\GoingOn\桌面\课程教学\教学文件\课件\Lesson.2\源代码\CH32V208WBU6_Peripheral\LIB\libwchble.a(tmos.o)
                0x0000000000004564                TMOS_TimerRegister
 .text.TMOS_ProcessRegister
                0x0000000000004582       0x16 D:\GoingOn\桌面\课程教学\教学文件\课件\Lesson.2\源代码\CH32V208WBU6_Peripheral\LIB\libwchble.a(tmos.o)
                0x0000000000004582                TMOS_ProcessRegister
 .text.TMOS_Init
                0x0000000000004598      0x11e D:\GoingOn\桌面\课程教学\教学文件\课件\Lesson.2\源代码\CH32V208WBU6_Peripheral\LIB\libwchble.a(tmos.o)
                0x0000000000004598                TMOS_Init
 .text.TMOS_ProcessEventRegister
                0x00000000000046b6       0x3c D:\GoingOn\桌面\课程教学\教学文件\课件\Lesson.2\源代码\CH32V208WBU6_Peripheral\LIB\libwchble.a(tmos.o)
                0x00000000000046b6                TMOS_ProcessEventRegister
 .text.BLE_LibInit
                0x00000000000046f2      0x148 D:\GoingOn\桌面\课程教学\教学文件\课件\Lesson.2\源代码\CH32V208WBU6_Peripheral\LIB\libwchble.a(tmos.o)
                0x00000000000046f2                BLE_LibInit
 .text.clockGetTickValve
                0x000000000000483a       0x74 D:\GoingOn\桌面\课程教学\教学文件\课件\Lesson.2\源代码\CH32V208WBU6_Peripheral\LIB\libwchble.a(tmos_hw.o)
 .text.ll_get_sca_divisor
                0x00000000000048ae       0x40 D:\GoingOn\桌面\课程教学\教学文件\课件\Lesson.2\源代码\CH32V208WBU6_Peripheral\LIB\libwchble.a(tmos_hw.o)
                0x00000000000048ae                ll_get_sca_divisor
 .text.ll_get_sca_own
                0x00000000000048ee       0x46 D:\GoingOn\桌面\课程教学\教学文件\课件\Lesson.2\源代码\CH32V208WBU6_Peripheral\LIB\libwchble.a(tmos_hw.o)
                0x00000000000048ee                ll_get_sca_own
 .text.ble_ll_common_rand8
                0x0000000000004934       0x24 D:\GoingOn\桌面\课程教学\教学文件\课件\Lesson.2\源代码\CH32V208WBU6_Peripheral\LIB\libwchble.a(tmos_hw.o)
                0x0000000000004934                ble_ll_common_rand8
 .text.ble_ll_common_rand16
                0x0000000000004958       0x24 D:\GoingOn\桌面\课程教学\教学文件\课件\Lesson.2\源代码\CH32V208WBU6_Peripheral\LIB\libwchble.a(tmos_hw.o)
                0x0000000000004958                ble_ll_common_rand16
 .text.ble_ll_common_rand32
                0x000000000000497c       0x20 D:\GoingOn\桌面\课程教学\教学文件\课件\Lesson.2\源代码\CH32V208WBU6_Peripheral\LIB\libwchble.a(tmos_hw.o)
                0x000000000000497c                ble_ll_common_rand32
 .text.TMOS_TempSample
                0x000000000000499c       0x62 D:\GoingOn\桌面\课程教学\教学文件\课件\Lesson.2\源代码\CH32V208WBU6_Peripheral\LIB\libwchble.a(tmos_hw.o)
                0x000000000000499c                TMOS_TempSample
 .text.TMOS_TimerInit
                0x00000000000049fe       0x8a D:\GoingOn\桌面\课程教学\教学文件\课件\Lesson.2\源代码\CH32V208WBU6_Peripheral\LIB\libwchble.a(tmos_hw.o)
                0x00000000000049fe                TMOS_TimerInit
 .text.tmos_snv_init
                0x0000000000004a88       0xb4 D:\GoingOn\桌面\课程教学\教学文件\课件\Lesson.2\源代码\CH32V208WBU6_Peripheral\LIB\libwchble.a(tmos_snv.o)
                0x0000000000004a88                tmos_snv_init
 .text.tmos_snv_clear
                0x0000000000004b3c       0xa6 D:\GoingOn\桌面\课程教学\教学文件\课件\Lesson.2\源代码\CH32V208WBU6_Peripheral\LIB\libwchble.a(tmos_snv.o)
                0x0000000000004b3c                tmos_snv_clear
 .text.tmos_snv_read
                0x0000000000004be2      0x264 D:\GoingOn\桌面\课程教学\教学文件\课件\Lesson.2\源代码\CH32V208WBU6_Peripheral\LIB\libwchble.a(tmos_snv.o)
                0x0000000000004be2                tmos_snv_read
 .text.tmos_snv_notify
                0x0000000000004e46       0x56 D:\GoingOn\桌面\课程教学\教学文件\课件\Lesson.2\源代码\CH32V208WBU6_Peripheral\LIB\libwchble.a(tmos_snv.o)
                0x0000000000004e46                tmos_snv_notify
 .text.tmos_snv_write
                0x0000000000004e9c      0x2ac D:\GoingOn\桌面\课程教学\教学文件\课件\Lesson.2\源代码\CH32V208WBU6_Peripheral\LIB\libwchble.a(tmos_snv.o)
                0x0000000000004e9c                tmos_snv_write
 .text.tmos_snv_compact
                0x0000000000005148        0x4 D:\GoingOn\桌面\课程教学\教学文件\课件\Lesson.2\源代码\CH32V208WBU6_Peripheral\LIB\libwchble.a(tmos_snv.o)
                0x0000000000005148                tmos_snv_compact
 .text.disconnectNext
                0x000000000000514c       0x20 D:\GoingOn\桌面\课程教学\教学文件\课件\Lesson.2\源代码\CH32V208WBU6_Peripheral\LIB\libwchble.a(gap.o)
 .text.GAP_ParamInit
                0x000000000000516c      0x126 D:\GoingOn\桌面\课程教学\教学文件\课件\Lesson.2\源代码\CH32V208WBU6_Peripheral\LIB\libwchble.a(gap.o)
                0x000000000000516c                GAP_ParamInit
 .text.sendTerminateEvent
                0x0000000000005292       0x4c D:\GoingOn\桌面\课程教学\教学文件\课件\Lesson.2\源代码\CH32V208WBU6_Peripheral\LIB\libwchble.a(gap.o)
                0x0000000000005292                sendTerminateEvent
 .text.gapRegisterCentral
                0x00000000000052de        0x6 D:\GoingOn\桌面\课程教学\教学文件\课件\Lesson.2\源代码\CH32V208WBU6_Peripheral\LIB\libwchble.a(gap.o)
                0x00000000000052de                gapRegisterCentral
 .text.gapRegisterCentralConn
                0x00000000000052e4        0x6 D:\GoingOn\桌面\课程教学\教学文件\课件\Lesson.2\源代码\CH32V208WBU6_Peripheral\LIB\libwchble.a(gap.o)
                0x00000000000052e4                gapRegisterCentralConn
 .text.gapRegisterPeripheral
                0x00000000000052ea        0x6 D:\GoingOn\桌面\课程教学\教学文件\课件\Lesson.2\源代码\CH32V208WBU6_Peripheral\LIB\libwchble.a(gap.o)
                0x00000000000052ea                gapRegisterPeripheral
 .text.gapRegisterPeripheralConn
                0x00000000000052f0        0x6 D:\GoingOn\桌面\课程教学\教学文件\课件\Lesson.2\源代码\CH32V208WBU6_Peripheral\LIB\libwchble.a(gap.o)
                0x00000000000052f0                gapRegisterPeripheralConn
 .text.smGenerateRandBuf
                0x00000000000052f6       0x52 D:\GoingOn\桌面\课程教学\教学文件\课件\Lesson.2\源代码\CH32V208WBU6_Peripheral\LIB\libwchble.a(gap.o)
                0x00000000000052f6                smGenerateRandBuf
 .text.gapL2capConnParamUpdateReq
                0x0000000000005348       0x36 D:\GoingOn\桌面\课程教学\教学文件\课件\Lesson.2\源代码\CH32V208WBU6_Peripheral\LIB\libwchble.a(gap.o)
                0x0000000000005348                gapL2capConnParamUpdateReq
 .text.gapValidADType
                0x000000000000537e       0x16 D:\GoingOn\桌面\课程教学\教学文件\课件\Lesson.2\源代码\CH32V208WBU6_Peripheral\LIB\libwchble.a(gap.o)
                0x000000000000537e                gapValidADType
 .text.gapFindADType
                0x0000000000005394       0x90 D:\GoingOn\桌面\课程教学\教学文件\课件\Lesson.2\源代码\CH32V208WBU6_Peripheral\LIB\libwchble.a(gap.o)
                0x0000000000005394                gapFindADType
 .text.GAP_SecParamsInit
                0x0000000000005424       0x9a D:\GoingOn\桌面\课程教学\教学文件\课件\Lesson.2\源代码\CH32V208WBU6_Peripheral\LIB\libwchble.a(gap.o)
                0x0000000000005424                GAP_SecParamsInit
 .text.GAP_ParamsInit
                0x00000000000054be       0x4c D:\GoingOn\桌面\课程教学\教学文件\课件\Lesson.2\源代码\CH32V208WBU6_Peripheral\LIB\libwchble.a(gap.o)
                0x00000000000054be                GAP_ParamsInit
 .text.gapAddAddrAdj
                0x000000000000550a       0x3e D:\GoingOn\桌面\课程教学\教学文件\课件\Lesson.2\源代码\CH32V208WBU6_Peripheral\LIB\libwchble.a(gap.o)
                0x000000000000550a                gapAddAddrAdj
 .text.gapDetermineAddrType
                0x0000000000005548       0x26 D:\GoingOn\桌面\课程教学\教学文件\课件\Lesson.2\源代码\CH32V208WBU6_Peripheral\LIB\libwchble.a(gap.o)
                0x0000000000005548                gapDetermineAddrType
 .text.gapFreeAuthLink
                0x000000000000556e       0x3a D:\GoingOn\桌面\课程教学\教学文件\课件\Lesson.2\源代码\CH32V208WBU6_Peripheral\LIB\libwchble.a(gap.o)
                0x000000000000556e                gapFreeAuthLink
 .text.gapGetDevAddress
                0x00000000000055a8       0x24 D:\GoingOn\桌面\课程教学\教学文件\课件\Lesson.2\源代码\CH32V208WBU6_Peripheral\LIB\libwchble.a(gap.o)
                0x00000000000055a8                gapGetDevAddress
 .text.gapGetDevAddressMode
                0x00000000000055cc        0xa D:\GoingOn\桌面\课程教学\教学文件\课件\Lesson.2\源代码\CH32V208WBU6_Peripheral\LIB\libwchble.a(gap.o)
                0x00000000000055cc                gapGetDevAddressMode
 .text.gapGetIRK
                0x00000000000055d6        0xc D:\GoingOn\桌面\课程教学\教学文件\课件\Lesson.2\源代码\CH32V208WBU6_Peripheral\LIB\libwchble.a(gap.o)
                0x00000000000055d6                gapGetIRK
 .text.gapGetSRK
                0x00000000000055e2        0xc D:\GoingOn\桌面\课程教学\教学文件\课件\Lesson.2\源代码\CH32V208WBU6_Peripheral\LIB\libwchble.a(gap.o)
                0x00000000000055e2                gapGetSRK
 .text.gapGetSignCounter
                0x00000000000055ee        0xe D:\GoingOn\桌面\课程教学\教学文件\课件\Lesson.2\源代码\CH32V208WBU6_Peripheral\LIB\libwchble.a(gap.o)
                0x00000000000055ee                gapGetSignCounter
 .text.gapIncSignCounter
                0x00000000000055fc       0x28 D:\GoingOn\桌面\课程教学\教学文件\课件\Lesson.2\源代码\CH32V208WBU6_Peripheral\LIB\libwchble.a(gap.o)
                0x00000000000055fc                gapIncSignCounter
 .text.gapProcessConnEvt
                0x0000000000005624       0x48 D:\GoingOn\桌面\课程教学\教学文件\课件\Lesson.2\源代码\CH32V208WBU6_Peripheral\LIB\libwchble.a(gap.o)
                0x0000000000005624                gapProcessConnEvt
 .text.gapProcessDisconnectCompleteEvt
                0x000000000000566c       0x98 D:\GoingOn\桌面\课程教学\教学文件\课件\Lesson.2\源代码\CH32V208WBU6_Peripheral\LIB\libwchble.a(gap.o)
                0x000000000000566c                gapProcessDisconnectCompleteEvt
 .text.sendAuthEvent
                0x0000000000005704      0x108 D:\GoingOn\桌面\课程教学\教学文件\课件\Lesson.2\源代码\CH32V208WBU6_Peripheral\LIB\libwchble.a(gap.o)
                0x0000000000005704                sendAuthEvent
 .text.gapSendBondCompleteEvent
                0x000000000000580c       0x6a D:\GoingOn\桌面\课程教学\教学文件\课件\Lesson.2\源代码\CH32V208WBU6_Peripheral\LIB\libwchble.a(gap.o)
                0x000000000000580c                gapSendBondCompleteEvent
 .text.gapSendPairingReqEvent
                0x0000000000005876       0x8c D:\GoingOn\桌面\课程教学\教学文件\课件\Lesson.2\源代码\CH32V208WBU6_Peripheral\LIB\libwchble.a(gap.o)
                0x0000000000005876                gapSendPairingReqEvent
 .text.gapSendSlaveSecurityReqEvent
                0x0000000000005902       0x5e D:\GoingOn\桌面\课程教学\教学文件\课件\Lesson.2\源代码\CH32V208WBU6_Peripheral\LIB\libwchble.a(gap.o)
                0x0000000000005902                gapSendSlaveSecurityReqEvent
 .text.gapSendDeviceInitDoneEvent
                0x0000000000005960       0x7c D:\GoingOn\桌面\课程教学\教学文件\课件\Lesson.2\源代码\CH32V208WBU6_Peripheral\LIB\libwchble.a(gap.o)
                0x0000000000005960                gapSendDeviceInitDoneEvent
 .text.gapSendLinkUpdateEvent
                0x00000000000059dc       0xaa D:\GoingOn\桌面\课程教学\教学文件\课件\Lesson.2\源代码\CH32V208WBU6_Peripheral\LIB\libwchble.a(gap.o)
                0x00000000000059dc                gapSendLinkUpdateEvent
 .text.gapSendPhyUpdateEvent
                0x0000000000005a86       0x44 D:\GoingOn\桌面\课程教学\教学文件\课件\Lesson.2\源代码\CH32V208WBU6_Peripheral\LIB\libwchble.a(gap.o)
                0x0000000000005a86                gapSendPhyUpdateEvent
 .text.gapSendEstLinkEvent
                0x0000000000005aca       0xae D:\GoingOn\桌面\课程教学\教学文件\课件\Lesson.2\源代码\CH32V208WBU6_Peripheral\LIB\libwchble.a(gap.o)
                0x0000000000005aca                gapSendEstLinkEvent
 .text.gapProcessNewAddr
                0x0000000000005b78       0x3a D:\GoingOn\桌面\课程教学\教学文件\课件\Lesson.2\源代码\CH32V208WBU6_Peripheral\LIB\libwchble.a(gap.o)
                0x0000000000005b78                gapProcessNewAddr
 .text.gapProcessRandomAddrComplete
                0x0000000000005bb2       0xaa D:\GoingOn\桌面\课程教学\教学文件\课件\Lesson.2\源代码\CH32V208WBU6_Peripheral\LIB\libwchble.a(gap.o)
                0x0000000000005bb2                gapProcessRandomAddrComplete
 .text.GAP_Authenticate
                0x0000000000005c5c       0xcc D:\GoingOn\桌面\课程教学\教学文件\课件\Lesson.2\源代码\CH32V208WBU6_Peripheral\LIB\libwchble.a(gap.o)
                0x0000000000005c5c                GAP_Authenticate
 .text.GAP_Bond
                0x0000000000005d28       0x98 D:\GoingOn\桌面\课程教学\教学文件\课件\Lesson.2\源代码\CH32V208WBU6_Peripheral\LIB\libwchble.a(gap.o)
                0x0000000000005d28                GAP_Bond
 .text.GAP_GetParamValue
                0x0000000000005dc0       0x1e D:\GoingOn\桌面\课程教学\教学文件\课件\Lesson.2\源代码\CH32V208WBU6_Peripheral\LIB\libwchble.a(gap.o)
                0x0000000000005dc0                GAP_GetParamValue
 .text.GAP_PasscodeUpdate
                0x0000000000005dde       0x4c D:\GoingOn\桌面\课程教学\教学文件\课件\Lesson.2\源代码\CH32V208WBU6_Peripheral\LIB\libwchble.a(gap.o)
                0x0000000000005dde                GAP_PasscodeUpdate
 .text.GAP_RegisterForMsgs
                0x0000000000005e2a        0xa D:\GoingOn\桌面\课程教学\教学文件\课件\Lesson.2\源代码\CH32V208WBU6_Peripheral\LIB\libwchble.a(gap.o)
                0x0000000000005e2a                GAP_RegisterForMsgs
 .text.GAP_ResolvePrivateAddr
                0x0000000000005e34        0x4 D:\GoingOn\桌面\课程教学\教学文件\课件\Lesson.2\源代码\CH32V208WBU6_Peripheral\LIB\libwchble.a(gap.o)
                0x0000000000005e34                GAP_ResolvePrivateAddr
 .text.gapPairingCompleteCB
                0x0000000000005e38      0x162 D:\GoingOn\桌面\课程教学\教学文件\课件\Lesson.2\源代码\CH32V208WBU6_Peripheral\LIB\libwchble.a(gap.o)
                0x0000000000005e38                gapPairingCompleteCB
 .text.gapPasskeyNeededCB
                0x0000000000005f9a       0x82 D:\GoingOn\桌面\课程教学\教学文件\课件\Lesson.2\源代码\CH32V208WBU6_Peripheral\LIB\libwchble.a(gap.o)
                0x0000000000005f9a                gapPasskeyNeededCB
 .text.gapFreeEstLink
                0x000000000000601c       0x1c D:\GoingOn\桌面\课程教学\教学文件\课件\Lesson.2\源代码\CH32V208WBU6_Peripheral\LIB\libwchble.a(gap.o)
                0x000000000000601c                gapFreeEstLink
 .text.gapUpdateConnSignCounter
                0x0000000000006038       0x70 D:\GoingOn\桌面\课程教学\教学文件\课件\Lesson.2\源代码\CH32V208WBU6_Peripheral\LIB\libwchble.a(gap.o)
                0x0000000000006038                gapUpdateConnSignCounter
 .text.GAP_SendSlaveSecurityRequest
                0x00000000000060a8       0x48 D:\GoingOn\桌面\课程教学\教学文件\课件\Lesson.2\源代码\CH32V208WBU6_Peripheral\LIB\libwchble.a(gap.o)
                0x00000000000060a8                GAP_SendSlaveSecurityRequest
 .text.GAP_Signable
                0x00000000000060f0       0x62 D:\GoingOn\桌面\课程教学\教学文件\课件\Lesson.2\源代码\CH32V208WBU6_Peripheral\LIB\libwchble.a(gap.o)
                0x00000000000060f0                GAP_Signable
 .text.GAP_TerminateAuth
                0x0000000000006152       0x2a D:\GoingOn\桌面\课程教学\教学文件\课件\Lesson.2\源代码\CH32V208WBU6_Peripheral\LIB\libwchble.a(gap.o)
                0x0000000000006152                GAP_TerminateAuth
 .text.GAP_NumActiveConnections
                0x000000000000617c        0x4 D:\GoingOn\桌面\课程教学\教学文件\课件\Lesson.2\源代码\CH32V208WBU6_Peripheral\LIB\libwchble.a(gap.o)
                0x000000000000617c                GAP_NumActiveConnections
 .text.GAP_TerminateLinkReq
                0x0000000000006180       0x8c D:\GoingOn\桌面\课程教学\教学文件\课件\Lesson.2\源代码\CH32V208WBU6_Peripheral\LIB\libwchble.a(gap.o)
                0x0000000000006180                GAP_TerminateLinkReq
 .text.GAP_SetParamValue
                0x000000000000620c       0x66 D:\GoingOn\桌面\课程教学\教学文件\课件\Lesson.2\源代码\CH32V208WBU6_Peripheral\LIB\libwchble.a(gap.o)
                0x000000000000620c                GAP_SetParamValue
 .text.GAP_Init
                0x0000000000006272       0x42 D:\GoingOn\桌面\课程教学\教学文件\课件\Lesson.2\源代码\CH32V208WBU6_Peripheral\LIB\libwchble.a(gap.o)
                0x0000000000006272                GAP_Init
 .text.GAP_ProcessEvent
                0x00000000000062b4      0x606 D:\GoingOn\桌面\课程教学\教学文件\课件\Lesson.2\源代码\CH32V208WBU6_Peripheral\LIB\libwchble.a(gap.o)
                0x00000000000062b4                GAP_ProcessEvent
 .text.gapSendScanEnable
                0x00000000000068ba       0x3a D:\GoingOn\桌面\课程教学\教学文件\课件\Lesson.2\源代码\CH32V208WBU6_Peripheral\LIB\libwchble.a(gap_central.o)
 .text.gapCentProcessConnEvt
                0x00000000000068f4      0x11c D:\GoingOn\桌面\课程教学\教学文件\课件\Lesson.2\源代码\CH32V208WBU6_Peripheral\LIB\libwchble.a(gap_central.o)
                0x00000000000068f4                gapCentProcessConnEvt
 .text.gapProcessScanningPeriodicAdvEvt
                0x0000000000006a10       0x7e D:\GoingOn\桌面\课程教学\教学文件\课件\Lesson.2\源代码\CH32V208WBU6_Peripheral\LIB\libwchble.a(gap_central.o)
                0x0000000000006a10                gapProcessScanningPeriodicAdvEvt
 .text.gapCancelLinkReq
                0x0000000000006a8e       0x36 D:\GoingOn\桌面\课程教学\教学文件\课件\Lesson.2\源代码\CH32V208WBU6_Peripheral\LIB\libwchble.a(gap_central.o)
                0x0000000000006a8e                gapCancelLinkReq
 .text.gapProcessAdvertDevInfo
                0x0000000000006ac4      0x1e6 D:\GoingOn\桌面\课程教学\教学文件\课件\Lesson.2\源代码\CH32V208WBU6_Peripheral\LIB\libwchble.a(gap_central.o)
                0x0000000000006ac4                gapProcessAdvertDevInfo
 .text.gapProcessExtAdvertDevInfo
                0x0000000000006caa      0x206 D:\GoingOn\桌面\课程教学\教学文件\课件\Lesson.2\源代码\CH32V208WBU6_Peripheral\LIB\libwchble.a(gap_central.o)
                0x0000000000006caa                gapProcessExtAdvertDevInfo
 .text.gapProcessPeriodicAdvertisingSyncEstablishedEvt
                0x0000000000006eb0       0x8a D:\GoingOn\桌面\课程教学\教学文件\课件\Lesson.2\源代码\CH32V208WBU6_Peripheral\LIB\libwchble.a(gap_central.o)
                0x0000000000006eb0                gapProcessPeriodicAdvertisingSyncEstablishedEvt
 .text.gapProcessPeriodicAdvertisingSyncLostEvt
                0x0000000000006f3a       0x4e D:\GoingOn\桌面\课程教学\教学文件\课件\Lesson.2\源代码\CH32V208WBU6_Peripheral\LIB\libwchble.a(gap_central.o)
                0x0000000000006f3a                gapProcessPeriodicAdvertisingSyncLostEvt
 .text.gapFreeScanRecs
                0x0000000000006f88       0x94 D:\GoingOn\桌面\课程教学\教学文件\课件\Lesson.2\源代码\CH32V208WBU6_Peripheral\LIB\libwchble.a(gap_central.o)
                0x0000000000006f88                gapFreeScanRecs
 .text.gapSendDevDiscEvent
                0x000000000000701c      0x110 D:\GoingOn\桌面\课程教学\教学文件\课件\Lesson.2\源代码\CH32V208WBU6_Peripheral\LIB\libwchble.a(gap_central.o)
                0x000000000000701c                gapSendDevDiscEvent
 .text.gapSetScanParamStatus
                0x000000000000712c       0x58 D:\GoingOn\桌面\课程教学\教学文件\课件\Lesson.2\源代码\CH32V208WBU6_Peripheral\LIB\libwchble.a(gap_central.o)
 .text.gapCentProcessHCICmdEvt
                0x0000000000007184       0x3a D:\GoingOn\桌面\课程教学\教学文件\课件\Lesson.2\源代码\CH32V208WBU6_Peripheral\LIB\libwchble.a(gap_central.o)
                0x0000000000007184                gapCentProcessHCICmdEvt
 .text.gapProcessScanningEvt
                0x00000000000071be       0xf6 D:\GoingOn\桌面\课程教学\教学文件\课件\Lesson.2\源代码\CH32V208WBU6_Peripheral\LIB\libwchble.a(gap_central.o)
                0x00000000000071be                gapProcessScanningEvt
 .text.gapProcessScanningDirectEvt
                0x00000000000072b4       0xe6 D:\GoingOn\桌面\课程教学\教学文件\课件\Lesson.2\源代码\CH32V208WBU6_Peripheral\LIB\libwchble.a(gap_central.o)
                0x00000000000072b4                gapProcessScanningDirectEvt
 .text.gapProcessScanningExtAdvEvt
                0x000000000000739a      0x230 D:\GoingOn\桌面\课程教学\教学文件\课件\Lesson.2\源代码\CH32V208WBU6_Peripheral\LIB\libwchble.a(gap_central.o)
                0x000000000000739a                gapProcessScanningExtAdvEvt
 .text.GAP_CentConnRegister
                0x00000000000075ca       0x1a D:\GoingOn\桌面\课程教学\教学文件\课件\Lesson.2\源代码\CH32V208WBU6_Peripheral\LIB\libwchble.a(gap_central.o)
                0x00000000000075ca                GAP_CentConnRegister
 .text.GAP_CentralParamInit
                0x00000000000075e4       0x6e D:\GoingOn\桌面\课程教学\教学文件\课件\Lesson.2\源代码\CH32V208WBU6_Peripheral\LIB\libwchble.a(gap_central.o)
                0x00000000000075e4                GAP_CentralParamInit
 .text.GAP_CentDevMgrInit
                0x0000000000007652       0x92 D:\GoingOn\桌面\课程教学\教学文件\课件\Lesson.2\源代码\CH32V208WBU6_Peripheral\LIB\libwchble.a(gap_central.o)
                0x0000000000007652                GAP_CentDevMgrInit
 .text.gapFreeAdvertState
                0x00000000000076e4       0x1c D:\GoingOn\桌面\课程教学\教学文件\课件\Lesson.2\源代码\CH32V208WBU6_Peripheral\LIB\libwchble.a(gap_peripheral.o)
 .text.gapSetPeriodicAdvParams
                0x0000000000007700       0x30 D:\GoingOn\桌面\课程教学\教学文件\课件\Lesson.2\源代码\CH32V208WBU6_Peripheral\LIB\libwchble.a(gap_peripheral.o)
 .text.gapSetAdvParams
                0x0000000000007730       0xf6 D:\GoingOn\桌面\课程教学\教学文件\课件\Lesson.2\源代码\CH32V208WBU6_Peripheral\LIB\libwchble.a(gap_peripheral.o)
 .text.gapPeriProcessConnEvt
                0x0000000000007826       0xb4 D:\GoingOn\桌面\课程教学\教学文件\课件\Lesson.2\源代码\CH32V208WBU6_Peripheral\LIB\libwchble.a(gap_peripheral.o)
 .text.gapWriteAdvDataStatus
                0x00000000000078da       0x78 D:\GoingOn\桌面\课程教学\教学文件\课件\Lesson.2\源代码\CH32V208WBU6_Peripheral\LIB\libwchble.a(gap_peripheral.o)
 .text.GAP_MakeDiscoverable
                0x0000000000007952      0x158 D:\GoingOn\桌面\课程教学\教学文件\课件\Lesson.2\源代码\CH32V208WBU6_Peripheral\LIB\libwchble.a(gap_peripheral.o)
                0x0000000000007952                GAP_MakeDiscoverable
 .text.GAP_EndDiscoverable
                0x0000000000007aaa       0x60 D:\GoingOn\桌面\课程教学\教学文件\课件\Lesson.2\源代码\CH32V208WBU6_Peripheral\LIB\libwchble.a(gap_peripheral.o)
                0x0000000000007aaa                GAP_EndDiscoverable
 .text.gapProcessAdvertisingEvt
                0x0000000000007b0a      0x108 D:\GoingOn\桌面\课程教学\教学文件\课件\Lesson.2\源代码\CH32V208WBU6_Peripheral\LIB\libwchble.a(gap_peripheral.o)
 .text.GAP_MakePeriodic
                0x0000000000007c12       0x26 D:\GoingOn\桌面\课程教学\教学文件\课件\Lesson.2\源代码\CH32V208WBU6_Peripheral\LIB\libwchble.a(gap_peripheral.o)
                0x0000000000007c12                GAP_MakePeriodic
 .text.GAP_EndPeriodic
                0x0000000000007c38        0xc D:\GoingOn\桌面\课程教学\教学文件\课件\Lesson.2\源代码\CH32V208WBU6_Peripheral\LIB\libwchble.a(gap_peripheral.o)
                0x0000000000007c38                GAP_EndPeriodic
 .text.GAP_SetAdvertisingAdvData
                0x0000000000007c44       0xec D:\GoingOn\桌面\课程教学\教学文件\课件\Lesson.2\源代码\CH32V208WBU6_Peripheral\LIB\libwchble.a(gap_peripheral.o)
                0x0000000000007c44                GAP_SetAdvertisingAdvData
 .text.GAP_SetAdvertisingRspData
                0x0000000000007d30       0xec D:\GoingOn\桌面\课程教学\教学文件\课件\Lesson.2\源代码\CH32V208WBU6_Peripheral\LIB\libwchble.a(gap_peripheral.o)
                0x0000000000007d30                GAP_SetAdvertisingRspData
 .text.GAP_SetPeriodicAdvertisingData
                0x0000000000007e1c       0xb2 D:\GoingOn\桌面\课程教学\教学文件\课件\Lesson.2\源代码\CH32V208WBU6_Peripheral\LIB\libwchble.a(gap_peripheral.o)
                0x0000000000007e1c                GAP_SetPeriodicAdvertisingData
 .text.GAP_GetAdvertisingAdvData
                0x0000000000007ece       0x20 D:\GoingOn\桌面\课程教学\教学文件\课件\Lesson.2\源代码\CH32V208WBU6_Peripheral\LIB\libwchble.a(gap_peripheral.o)
                0x0000000000007ece                GAP_GetAdvertisingAdvData
 .text.GAP_GetAdvertisingRspData
                0x0000000000007eee       0x2e D:\GoingOn\桌面\课程教学\教学文件\课件\Lesson.2\源代码\CH32V208WBU6_Peripheral\LIB\libwchble.a(gap_peripheral.o)
                0x0000000000007eee                GAP_GetAdvertisingRspData
 .text.GAP_GetPeriodicAdvertisingData
                0x0000000000007f1c       0x2e D:\GoingOn\桌面\课程教学\教学文件\课件\Lesson.2\源代码\CH32V208WBU6_Peripheral\LIB\libwchble.a(gap_peripheral.o)
                0x0000000000007f1c                GAP_GetPeriodicAdvertisingData
 .text.GAP_PeriConnRegister
                0x0000000000007f4a       0x2e D:\GoingOn\桌面\课程教学\教学文件\课件\Lesson.2\源代码\CH32V208WBU6_Peripheral\LIB\libwchble.a(gap_peripheral.o)
                0x0000000000007f4a                GAP_PeriConnRegister
 .text.GAP_PeripheralParamInit
                0x0000000000007f78       0x5e D:\GoingOn\桌面\课程教学\教学文件\课件\Lesson.2\源代码\CH32V208WBU6_Peripheral\LIB\libwchble.a(gap_peripheral.o)
                0x0000000000007f78                GAP_PeripheralParamInit
 .text.gapSendMakeDiscEvent
                0x0000000000007fd6       0x48 D:\GoingOn\桌面\课程教学\教学文件\课件\Lesson.2\源代码\CH32V208WBU6_Peripheral\LIB\libwchble.a(gap_peripheral.o)
                0x0000000000007fd6                gapSendMakeDiscEvent
 .text.gapWriteAdvEnableStatus
                0x000000000000801e      0x102 D:\GoingOn\桌面\课程教学\教学文件\课件\Lesson.2\源代码\CH32V208WBU6_Peripheral\LIB\libwchble.a(gap_peripheral.o)
 .text.gapSendMakePeriodicEvent
                0x0000000000008120       0x34 D:\GoingOn\桌面\课程教学\教学文件\课件\Lesson.2\源代码\CH32V208WBU6_Peripheral\LIB\libwchble.a(gap_peripheral.o)
                0x0000000000008120                gapSendMakePeriodicEvent
 .text.gapPeriProcessHCICmdCompleteEvt
                0x0000000000008154      0x168 D:\GoingOn\桌面\课程教学\教学文件\课件\Lesson.2\源代码\CH32V208WBU6_Peripheral\LIB\libwchble.a(gap_peripheral.o)
 .text.GAP_PeriDevMgrInit
                0x00000000000082bc       0x2e D:\GoingOn\桌面\课程教学\教学文件\课件\Lesson.2\源代码\CH32V208WBU6_Peripheral\LIB\libwchble.a(gap_peripheral.o)
                0x00000000000082bc                GAP_PeriDevMgrInit
 .text.ggs_SetAttrWPermit
                0x00000000000082ea       0x5e D:\GoingOn\桌面\课程教学\教学文件\课件\Lesson.2\源代码\CH32V208WBU6_Peripheral\LIB\libwchble.a(gapgattserver.o)
 .text.ggs_ReadAttrCB
                0x0000000000008348      0x112 D:\GoingOn\桌面\课程教学\教学文件\课件\Lesson.2\源代码\CH32V208WBU6_Peripheral\LIB\libwchble.a(gapgattserver.o)
 .text.ggs_WriteAttrCB
                0x000000000000845a      0x140 D:\GoingOn\桌面\课程教学\教学文件\课件\Lesson.2\源代码\CH32V208WBU6_Peripheral\LIB\libwchble.a(gapgattserver.o)
 .text.GGS_ParamInit
                0x000000000000859a      0x23a D:\GoingOn\桌面\课程教学\教学文件\课件\Lesson.2\源代码\CH32V208WBU6_Peripheral\LIB\libwchble.a(gapgattserver.o)
                0x000000000000859a                GGS_ParamInit
 .text.GGS_SetParameter
                0x00000000000087d4       0xd4 D:\GoingOn\桌面\课程教学\教学文件\课件\Lesson.2\源代码\CH32V208WBU6_Peripheral\LIB\libwchble.a(gapgattserver.o)
                0x00000000000087d4                GGS_SetParameter
 .text.GGS_AddService
                0x00000000000088a8       0x2c D:\GoingOn\桌面\课程教学\教学文件\课件\Lesson.2\源代码\CH32V208WBU6_Peripheral\LIB\libwchble.a(gapgattserver.o)
                0x00000000000088a8                GGS_AddService
 .text.GAP_DeviceInit
                0x00000000000088d4       0xd8 D:\GoingOn\桌面\课程教学\教学文件\课件\Lesson.2\源代码\CH32V208WBU6_Peripheral\LIB\libwchble.a(gapgattserver.o)
                0x00000000000088d4                GAP_DeviceInit
 .text.gattGetPayload
                0x00000000000089ac       0x7e D:\GoingOn\桌面\课程教学\教学文件\课件\Lesson.2\源代码\CH32V208WBU6_Peripheral\LIB\libwchble.a(gatt.o)
                0x00000000000089ac                gattGetPayload
 .text.gattNotifyEvent
                0x0000000000008a2a       0x7a D:\GoingOn\桌面\课程教学\教学文件\课件\Lesson.2\源代码\CH32V208WBU6_Peripheral\LIB\libwchble.a(gatt.o)
                0x0000000000008a2a                gattNotifyEvent
 .text.gattSendFlowCtrlEvt
                0x0000000000008aa4       0x4c D:\GoingOn\桌面\课程教学\教学文件\课件\Lesson.2\源代码\CH32V208WBU6_Peripheral\LIB\libwchble.a(gatt.o)
                0x0000000000008aa4                gattSendFlowCtrlEvt
 .text.gattStartTimer
                0x0000000000008af0        0xc D:\GoingOn\桌面\课程教学\教学文件\课件\Lesson.2\源代码\CH32V208WBU6_Peripheral\LIB\libwchble.a(gatt.o)
                0x0000000000008af0                gattStartTimer
 .text.gattStopTimer
                0x0000000000008afc       0x2e D:\GoingOn\桌面\课程教学\教学文件\课件\Lesson.2\源代码\CH32V208WBU6_Peripheral\LIB\libwchble.a(gatt.o)
                0x0000000000008afc                gattStopTimer
 .text.GATT_AppCompletedMsg
                0x0000000000008b2a       0x28 D:\GoingOn\桌面\课程教学\教学文件\课件\Lesson.2\源代码\CH32V208WBU6_Peripheral\LIB\libwchble.a(gatt.o)
                0x0000000000008b2a                GATT_AppCompletedMsg
 .text.GATT_NotifyEvent
                0x0000000000008b52       0x54 D:\GoingOn\桌面\课程教学\教学文件\课件\Lesson.2\源代码\CH32V208WBU6_Peripheral\LIB\libwchble.a(gatt.o)
                0x0000000000008b52                GATT_NotifyEvent
 .text.gattRegisterServer
                0x0000000000008ba6        0x6 D:\GoingOn\桌面\课程教学\教学文件\课件\Lesson.2\源代码\CH32V208WBU6_Peripheral\LIB\libwchble.a(gatt.o)
                0x0000000000008ba6                gattRegisterServer
 .text.GATT_UpdateMTU
                0x0000000000008bac       0x56 D:\GoingOn\桌面\课程教学\教学文件\课件\Lesson.2\源代码\CH32V208WBU6_Peripheral\LIB\libwchble.a(gatt.o)
                0x0000000000008bac                GATT_UpdateMTU
 .text.GATT_bm_alloc
                0x0000000000008c02       0xe6 D:\GoingOn\桌面\课程教学\教学文件\课件\Lesson.2\源代码\CH32V208WBU6_Peripheral\LIB\libwchble.a(gatt.o)
                0x0000000000008c02                GATT_bm_alloc
 .text.GATT_ServiceChangedInd
                0x0000000000008ce8       0x86 D:\GoingOn\桌面\课程教学\教学文件\课件\Lesson.2\源代码\CH32V208WBU6_Peripheral\LIB\libwchble.a(gatt.o)
                0x0000000000008ce8                GATT_ServiceChangedInd
 .text.GATT_bm_free
                0x0000000000008d6e       0x18 D:\GoingOn\桌面\课程教学\教学文件\课件\Lesson.2\源代码\CH32V208WBU6_Peripheral\LIB\libwchble.a(gatt.o)
                0x0000000000008d6e                GATT_bm_free
 .text.GATT_Init
                0x0000000000008d86       0x2a D:\GoingOn\桌面\课程教学\教学文件\课件\Lesson.2\源代码\CH32V208WBU6_Peripheral\LIB\libwchble.a(gatt.o)
                0x0000000000008d86                GATT_Init
 .text.GATT_ProcessEvent
                0x0000000000008db0      0x124 D:\GoingOn\桌面\课程教学\教学文件\课件\Lesson.2\源代码\CH32V208WBU6_Peripheral\LIB\libwchble.a(gatt.o)
                0x0000000000008db0                GATT_ProcessEvent
 .text.gattProcessExchangeMTUReq
                0x0000000000008ed4        0x4 D:\GoingOn\桌面\课程教学\教学文件\课件\Lesson.2\源代码\CH32V208WBU6_Peripheral\LIB\libwchble.a(gattservapp.o)
 .text.gattServApp_FindCharCfgItem
                0x0000000000008ed8       0x24 D:\GoingOn\桌面\课程教学\教学文件\课件\Lesson.2\源代码\CH32V208WBU6_Peripheral\LIB\libwchble.a(gattservapp.o)
 .text.gattServerHandleTimerCB
                0x0000000000008efc       0x34 D:\GoingOn\桌面\课程教学\教学文件\课件\Lesson.2\源代码\CH32V208WBU6_Peripheral\LIB\libwchble.a(gattservapp.o)
 .text.GATTServApp_InitCharCfg.part.12
                0x0000000000008f30       0x1e D:\GoingOn\桌面\课程教学\教学文件\课件\Lesson.2\源代码\CH32V208WBU6_Peripheral\LIB\libwchble.a(gattservapp.o)
 .text.gattProcessExecuteWriteReq
                0x0000000000008f4e        0x4 D:\GoingOn\桌面\课程教学\教学文件\课件\Lesson.2\源代码\CH32V208WBU6_Peripheral\LIB\libwchble.a(gattservapp.o)
 .text.GATTServApp_ParamInit
                0x0000000000008f52       0xc8 D:\GoingOn\桌面\课程教学\教学文件\课件\Lesson.2\源代码\CH32V208WBU6_Peripheral\LIB\libwchble.a(gattservapp.o)
                0x0000000000008f52                GATTServApp_ParamInit
 .text.GATTServApp_ReadCharCfg
                0x000000000000901a       0x16 D:\GoingOn\桌面\课程教学\教学文件\课件\Lesson.2\源代码\CH32V208WBU6_Peripheral\LIB\libwchble.a(gattservapp.o)
                0x000000000000901a                GATTServApp_ReadCharCfg
 .text.GATTServApp_WriteCharCfg
                0x0000000000009030       0x38 D:\GoingOn\桌面\课程教学\教学文件\课件\Lesson.2\源代码\CH32V208WBU6_Peripheral\LIB\libwchble.a(gattservapp.o)
                0x0000000000009030                GATTServApp_WriteCharCfg
 .text.GATTServApp_ProcessCCCWriteReq
                0x0000000000009068       0x5c D:\GoingOn\桌面\课程教学\教学文件\课件\Lesson.2\源代码\CH32V208WBU6_Peripheral\LIB\libwchble.a(gattservapp.o)
                0x0000000000009068                GATTServApp_ProcessCCCWriteReq
 .text.gattServApp_WriteAttrCB
                0x00000000000090c4       0x34 D:\GoingOn\桌面\课程教学\教学文件\课件\Lesson.2\源代码\CH32V208WBU6_Peripheral\LIB\libwchble.a(gattservapp.o)
                0x00000000000090c4                gattServApp_WriteAttrCB
 .text.GATTServApp_SendCCCUpdatedEvent
                0x00000000000090f8       0x58 D:\GoingOn\桌面\课程教学\教学文件\课件\Lesson.2\源代码\CH32V208WBU6_Peripheral\LIB\libwchble.a(gattservapp.o)
                0x00000000000090f8                GATTServApp_SendCCCUpdatedEvent
 .text.GATTServApp_SendServiceChangedInd
                0x0000000000009150       0x36 D:\GoingOn\桌面\课程教学\教学文件\课件\Lesson.2\源代码\CH32V208WBU6_Peripheral\LIB\libwchble.a(gattservapp.o)
                0x0000000000009150                GATTServApp_SendServiceChangedInd
 .text.gattServApp_ClearPrepareWriteQ
                0x0000000000009186       0x44 D:\GoingOn\桌面\课程教学\教学文件\课件\Lesson.2\源代码\CH32V208WBU6_Peripheral\LIB\libwchble.a(gattservapp.o)
                0x0000000000009186                gattServApp_ClearPrepareWriteQ
 .text.gattServApp_FindPrepareWriteQ
                0x00000000000091ca       0x30 D:\GoingOn\桌面\课程教学\教学文件\课件\Lesson.2\源代码\CH32V208WBU6_Peripheral\LIB\libwchble.a(gattservapp.o)
                0x00000000000091ca                gattServApp_FindPrepareWriteQ
 .text.gattServApp_FindServiceCBs
                0x00000000000091fa       0x16 D:\GoingOn\桌面\课程教学\教学文件\课件\Lesson.2\源代码\CH32V208WBU6_Peripheral\LIB\libwchble.a(gattservapp.o)
                0x00000000000091fa                gattServApp_FindServiceCBs
 .text.gattServApp_FindAuthorizeAttrCB
                0x0000000000009210       0x16 D:\GoingOn\桌面\课程教学\教学文件\课件\Lesson.2\源代码\CH32V208WBU6_Peripheral\LIB\libwchble.a(gattservapp.o)
                0x0000000000009210                gattServApp_FindAuthorizeAttrCB
 .text.gattServApp_IsWriteLong
                0x0000000000009226       0xcc D:\GoingOn\桌面\课程教学\教学文件\课件\Lesson.2\源代码\CH32V208WBU6_Peripheral\LIB\libwchble.a(gattservapp.o)
                0x0000000000009226                gattServApp_IsWriteLong
 .text.gattFindService
                0x00000000000092f2       0x1a D:\GoingOn\桌面\课程教学\教学文件\课件\Lesson.2\源代码\CH32V208WBU6_Peripheral\LIB\libwchble.a(gattservapp.o)
                0x00000000000092f2                gattFindService
 .text.GATT_ServiceNumAttrs
                0x000000000000930c       0x16 D:\GoingOn\桌面\课程教学\教学文件\课件\Lesson.2\源代码\CH32V208WBU6_Peripheral\LIB\libwchble.a(gattservapp.o)
                0x000000000000930c                GATT_ServiceNumAttrs
 .text.GATT_ServiceEncKeySize
                0x0000000000009322       0x16 D:\GoingOn\桌面\课程教学\教学文件\课件\Lesson.2\源代码\CH32V208WBU6_Peripheral\LIB\libwchble.a(gattservapp.o)
                0x0000000000009322                GATT_ServiceEncKeySize
 .text.GATT_VerifyWritePermissions.part.7
                0x0000000000009338       0x2e D:\GoingOn\桌面\课程教学\教学文件\课件\Lesson.2\源代码\CH32V208WBU6_Peripheral\LIB\libwchble.a(gattservapp.o)
 .text.gattResetServerInfo
                0x0000000000009366       0x1a D:\GoingOn\桌面\课程教学\教学文件\课件\Lesson.2\源代码\CH32V208WBU6_Peripheral\LIB\libwchble.a(gattservapp.o)
                0x0000000000009366                gattResetServerInfo
 .text.gattServerHandleConnStatusCB
                0x0000000000009380       0x8e D:\GoingOn\桌面\课程教学\教学文件\课件\Lesson.2\源代码\CH32V208WBU6_Peripheral\LIB\libwchble.a(gattservapp.o)
                0x0000000000009380                gattServerHandleConnStatusCB
 .text.gattServerProcessMsgCB
                0x000000000000940e      0x19e D:\GoingOn\桌面\课程教学\教学文件\课件\Lesson.2\源代码\CH32V208WBU6_Peripheral\LIB\libwchble.a(gattservapp.o)
                0x000000000000940e                gattServerProcessMsgCB
 .text.gattServerNotifyTxCB
                0x00000000000095ac       0x24 D:\GoingOn\桌面\课程教学\教学文件\课件\Lesson.2\源代码\CH32V208WBU6_Peripheral\LIB\libwchble.a(gattservapp.o)
 .text.GATTServApp_WriteAttr
                0x00000000000095d0       0xa0 D:\GoingOn\桌面\课程教学\教学文件\课件\Lesson.2\源代码\CH32V208WBU6_Peripheral\LIB\libwchble.a(gattservapp.o)
                0x00000000000095d0                GATTServApp_WriteAttr
 .text.gattServApp_ProcessExecuteWriteReq
                0x0000000000009670       0xf6 D:\GoingOn\桌面\课程教学\教学文件\课件\Lesson.2\源代码\CH32V208WBU6_Peripheral\LIB\libwchble.a(gattservapp.o)
                0x0000000000009670                gattServApp_ProcessExecuteWriteReq
 .text.GATTServApp_UpdateCharCfg
                0x0000000000009766       0x1c D:\GoingOn\桌面\课程教学\教学文件\课件\Lesson.2\源代码\CH32V208WBU6_Peripheral\LIB\libwchble.a(gattservapp.o)
                0x0000000000009766                GATTServApp_UpdateCharCfg
 .text.gattServApp_ProcessPrepareWriteReq
                0x0000000000009782       0xde D:\GoingOn\桌面\课程教学\教学文件\课件\Lesson.2\源代码\CH32V208WBU6_Peripheral\LIB\libwchble.a(gattservapp.o)
                0x0000000000009782                gattServApp_ProcessPrepareWriteReq
 .text.gattServApp_ProcessWriteReq
                0x0000000000009860       0x94 D:\GoingOn\桌面\课程教学\教学文件\课件\Lesson.2\源代码\CH32V208WBU6_Peripheral\LIB\libwchble.a(gattservapp.o)
                0x0000000000009860                gattServApp_ProcessWriteReq
 .text.GATT_Indication
                0x00000000000098f4       0xa0 D:\GoingOn\桌面\课程教学\教学文件\课件\Lesson.2\源代码\CH32V208WBU6_Peripheral\LIB\libwchble.a(gattservapp.o)
                0x00000000000098f4                GATT_Indication
 .text.GATT_FindHandleUUID
                0x0000000000009994       0x90 D:\GoingOn\桌面\课程教学\教学文件\课件\Lesson.2\源代码\CH32V208WBU6_Peripheral\LIB\libwchble.a(gattservapp.o)
                0x0000000000009994                GATT_FindHandleUUID
 .text.gattProcessReadByGrpTypeReq
                0x0000000000009a24       0x54 D:\GoingOn\桌面\课程教学\教学文件\课件\Lesson.2\源代码\CH32V208WBU6_Peripheral\LIB\libwchble.a(gattservapp.o)
 .text.gattProcessReadByTypeReq
                0x0000000000009a78       0x2e D:\GoingOn\桌面\课程教学\教学文件\课件\Lesson.2\源代码\CH32V208WBU6_Peripheral\LIB\libwchble.a(gattservapp.o)
 .text.gattProcessFindByTypeValueReq
                0x0000000000009aa6       0x2e D:\GoingOn\桌面\课程教学\教学文件\课件\Lesson.2\源代码\CH32V208WBU6_Peripheral\LIB\libwchble.a(gattservapp.o)
 .text.gattProcessFindInfoReq
                0x0000000000009ad4      0x170 D:\GoingOn\桌面\课程教学\教学文件\课件\Lesson.2\源代码\CH32V208WBU6_Peripheral\LIB\libwchble.a(gattservapp.o)
 .text.GATT_Notification
                0x0000000000009c44       0x6a D:\GoingOn\桌面\课程教学\教学文件\课件\Lesson.2\源代码\CH32V208WBU6_Peripheral\LIB\libwchble.a(gattservapp.o)
                0x0000000000009c44                GATT_Notification
 .text.GATT_VerifyWritePermissions
                0x0000000000009cae       0x66 D:\GoingOn\桌面\课程教学\教学文件\课件\Lesson.2\源代码\CH32V208WBU6_Peripheral\LIB\libwchble.a(gattservapp.o)
                0x0000000000009cae                GATT_VerifyWritePermissions
 .text.gattProcessWriteReq
                0x0000000000009d14       0x30 D:\GoingOn\桌面\课程教学\教学文件\课件\Lesson.2\源代码\CH32V208WBU6_Peripheral\LIB\libwchble.a(gattservapp.o)
 .text.GATT_VerifyPrepareWritePermissions
                0x0000000000009d44       0x56 D:\GoingOn\桌面\课程教学\教学文件\课件\Lesson.2\源代码\CH32V208WBU6_Peripheral\LIB\libwchble.a(gattservapp.o)
                0x0000000000009d44                GATT_VerifyPrepareWritePermissions
 .text.gattProcessPrepareWriteReq
                0x0000000000009d9a       0x30 D:\GoingOn\桌面\课程教学\教学文件\课件\Lesson.2\源代码\CH32V208WBU6_Peripheral\LIB\libwchble.a(gattservapp.o)
 .text.GATT_FindNextAttr
                0x0000000000009dca       0xb2 D:\GoingOn\桌面\课程教学\教学文件\课件\Lesson.2\源代码\CH32V208WBU6_Peripheral\LIB\libwchble.a(gattservapp.o)
                0x0000000000009dca                GATT_FindNextAttr
 .text.GATTServApp_ReadAttr
                0x0000000000009e7c      0x282 D:\GoingOn\桌面\课程教学\教学文件\课件\Lesson.2\源代码\CH32V208WBU6_Peripheral\LIB\libwchble.a(gattservapp.o)
                0x0000000000009e7c                GATTServApp_ReadAttr
 .text.gattServApp_ProcessReadMultiReq
                0x000000000000a0fe      0x15e D:\GoingOn\桌面\课程教学\教学文件\课件\Lesson.2\源代码\CH32V208WBU6_Peripheral\LIB\libwchble.a(gattservapp.o)
                0x000000000000a0fe                gattServApp_ProcessReadMultiReq
 .text.gattServApp_ProcessFindByTypeValueReq
                0x000000000000a25c      0x176 D:\GoingOn\桌面\课程教学\教学文件\课件\Lesson.2\源代码\CH32V208WBU6_Peripheral\LIB\libwchble.a(gattservapp.o)
                0x000000000000a25c                gattServApp_ProcessFindByTypeValueReq
 .text.GATT_VerifyReadPermissions
                0x000000000000a3d2       0x68 D:\GoingOn\桌面\课程教学\教学文件\课件\Lesson.2\源代码\CH32V208WBU6_Peripheral\LIB\libwchble.a(gattservapp.o)
                0x000000000000a3d2                GATT_VerifyReadPermissions
 .text.gattProcessReadMultiReq
                0x000000000000a43a       0x96 D:\GoingOn\桌面\课程教学\教学文件\课件\Lesson.2\源代码\CH32V208WBU6_Peripheral\LIB\libwchble.a(gattservapp.o)
 .text.gattProcessReadReq
                0x000000000000a4d0       0x2a D:\GoingOn\桌面\课程教学\教学文件\课件\Lesson.2\源代码\CH32V208WBU6_Peripheral\LIB\libwchble.a(gattservapp.o)
 .text.gattServApp_ProcessReadByGrpTypeReq
                0x000000000000a4fa      0x1ea D:\GoingOn\桌面\课程教学\教学文件\课件\Lesson.2\源代码\CH32V208WBU6_Peripheral\LIB\libwchble.a(gattservapp.o)
                0x000000000000a4fa                gattServApp_ProcessReadByGrpTypeReq
 .text.gattServApp_ProcessReadByTypeReq
                0x000000000000a6e4      0x192 D:\GoingOn\桌面\课程教学\教学文件\课件\Lesson.2\源代码\CH32V208WBU6_Peripheral\LIB\libwchble.a(gattservapp.o)
                0x000000000000a6e4                gattServApp_ProcessReadByTypeReq
 .text.GATT_RegisterService
                0x000000000000a876       0xd8 D:\GoingOn\桌面\课程教学\教学文件\课件\Lesson.2\源代码\CH32V208WBU6_Peripheral\LIB\libwchble.a(gattservapp.o)
                0x000000000000a876                GATT_RegisterService
 .text.GATTServApp_RegisterService
                0x000000000000a94e       0x6e D:\GoingOn\桌面\课程教学\教学文件\课件\Lesson.2\源代码\CH32V208WBU6_Peripheral\LIB\libwchble.a(gattservapp.o)
                0x000000000000a94e                GATTServApp_RegisterService
 .text.GATTServApp_AddService
                0x000000000000a9bc       0x2c D:\GoingOn\桌面\课程教学\教学文件\课件\Lesson.2\源代码\CH32V208WBU6_Peripheral\LIB\libwchble.a(gattservapp.o)
                0x000000000000a9bc                GATTServApp_AddService
 .text.GATTServApp_RegisterForMsg
                0x000000000000a9e8        0x6 D:\GoingOn\桌面\课程教学\教学文件\课件\Lesson.2\源代码\CH32V208WBU6_Peripheral\LIB\libwchble.a(gattservapp.o)
                0x000000000000a9e8                GATTServApp_RegisterForMsg
 .text.GATTServApp_InitCharCfg
                0x000000000000a9ee       0x26 D:\GoingOn\桌面\课程教学\教学文件\课件\Lesson.2\源代码\CH32V208WBU6_Peripheral\LIB\libwchble.a(gattservapp.o)
                0x000000000000a9ee                GATTServApp_InitCharCfg
 .text.gattServApp_HandleConnStatusCB
                0x000000000000aa14       0x72 D:\GoingOn\桌面\课程教学\教学文件\课件\Lesson.2\源代码\CH32V208WBU6_Peripheral\LIB\libwchble.a(gattservapp.o)
                0x000000000000aa14                gattServApp_HandleConnStatusCB
 .text.GATT_InitServer
                0x000000000000aa86       0xe2 D:\GoingOn\桌面\课程教学\教学文件\课件\Lesson.2\源代码\CH32V208WBU6_Peripheral\LIB\libwchble.a(gattservapp.o)
                0x000000000000aa86                GATT_InitServer
 .text.GATTServApp_Init
                0x000000000000ab68       0x34 D:\GoingOn\桌面\课程教学\教学文件\课件\Lesson.2\源代码\CH32V208WBU6_Peripheral\LIB\libwchble.a(gattservapp.o)
                0x000000000000ab68                GATTServApp_Init
 .text.GATTServApp_ProcessEvent
                0x000000000000ab9c      0x310 D:\GoingOn\桌面\课程教学\教学文件\课件\Lesson.2\源代码\CH32V208WBU6_Peripheral\LIB\libwchble.a(gattservapp.o)
                0x000000000000ab9c                GATTServApp_ProcessEvent
 .text.l2capAllocConnChannel
                0x000000000000aeac       0xd4 D:\GoingOn\桌面\课程教学\教学文件\课件\Lesson.2\源代码\CH32V208WBU6_Peripheral\LIB\libwchble.a(l2cap.o)
                0x000000000000aeac                l2capAllocConnChannel
 .text.l2capFindLocalCID
                0x000000000000af80       0x2a D:\GoingOn\桌面\课程教学\教学文件\课件\Lesson.2\源代码\CH32V208WBU6_Peripheral\LIB\libwchble.a(l2cap.o)
                0x000000000000af80                l2capFindLocalCID
 .text.l2capFindLocalId
                0x000000000000afaa       0x2c D:\GoingOn\桌面\课程教学\教学文件\课件\Lesson.2\源代码\CH32V208WBU6_Peripheral\LIB\libwchble.a(l2cap.o)
                0x000000000000afaa                l2capFindLocalId
 .text.l2capFindPsm
                0x000000000000afd6       0x2e D:\GoingOn\桌面\课程教学\教学文件\课件\Lesson.2\源代码\CH32V208WBU6_Peripheral\LIB\libwchble.a(l2cap.o)
                0x000000000000afd6                l2capFindPsm
 .text.l2capFindRemoteCID
                0x000000000000b004       0x36 D:\GoingOn\桌面\课程教学\教学文件\课件\Lesson.2\源代码\CH32V208WBU6_Peripheral\LIB\libwchble.a(l2cap.o)
                0x000000000000b004                l2capFindRemoteCID
 .text.l2capFreeChannel
                0x000000000000b03a       0x3c D:\GoingOn\桌面\课程教学\教学文件\课件\Lesson.2\源代码\CH32V208WBU6_Peripheral\LIB\libwchble.a(l2cap.o)
                0x000000000000b03a                l2capFreeChannel
 .text.l2capDisconnectChannel
                0x000000000000b076       0x26 D:\GoingOn\桌面\课程教学\教学文件\课件\Lesson.2\源代码\CH32V208WBU6_Peripheral\LIB\libwchble.a(l2cap.o)
                0x000000000000b076                l2capDisconnectChannel
 .text.l2capHandleTimerCB
                0x000000000000b09c       0x2a D:\GoingOn\桌面\课程教学\教学文件\课件\Lesson.2\源代码\CH32V208WBU6_Peripheral\LIB\libwchble.a(l2cap.o)
                0x000000000000b09c                l2capHandleTimerCB
 .text.l2capFreePendingPkt
                0x000000000000b0c6       0x50 D:\GoingOn\桌面\课程教学\教学文件\课件\Lesson.2\源代码\CH32V208WBU6_Peripheral\LIB\libwchble.a(l2cap.o)
                0x000000000000b0c6                l2capFreePendingPkt
 .text.l2capGetCoChannelInfo
                0x000000000000b116       0x5c D:\GoingOn\桌面\课程教学\教学文件\课件\Lesson.2\源代码\CH32V208WBU6_Peripheral\LIB\libwchble.a(l2cap.o)
                0x000000000000b116                l2capGetCoChannelInfo
 .text.l2capNumActiveChannnels
                0x000000000000b172       0x44 D:\GoingOn\桌面\课程教学\教学文件\课件\Lesson.2\源代码\CH32V208WBU6_Peripheral\LIB\libwchble.a(l2cap.o)
                0x000000000000b172                l2capNumActiveChannnels
 .text.l2capStartTimer
                0x000000000000b1b6       0x1a D:\GoingOn\桌面\课程教学\教学文件\课件\Lesson.2\源代码\CH32V208WBU6_Peripheral\LIB\libwchble.a(l2cap.o)
                0x000000000000b1b6                l2capStartTimer
 .text.l2capStopTimer
                0x000000000000b1d0       0x1a D:\GoingOn\桌面\课程教学\教学文件\课件\Lesson.2\源代码\CH32V208WBU6_Peripheral\LIB\libwchble.a(l2cap.o)
                0x000000000000b1d0                l2capStopTimer
 .text.l2capDisconnectAllChannels
                0x000000000000b1ea       0xd0 D:\GoingOn\桌面\课程教学\教学文件\课件\Lesson.2\源代码\CH32V208WBU6_Peripheral\LIB\libwchble.a(l2cap.o)
                0x000000000000b1ea                l2capDisconnectAllChannels
 .text.l2capHandleConnStatusCB
                0x000000000000b2ba       0x3c D:\GoingOn\桌面\课程教学\教学文件\课件\Lesson.2\源代码\CH32V208WBU6_Peripheral\LIB\libwchble.a(l2cap.o)
                0x000000000000b2ba                l2capHandleConnStatusCB
 .text.l2capHandleRxError
                0x000000000000b2f6        0x6 D:\GoingOn\桌面\课程教学\教学文件\课件\Lesson.2\源代码\CH32V208WBU6_Peripheral\LIB\libwchble.a(l2cap.o)
                0x000000000000b2f6                l2capHandleRxError
 .text.L2CAP_GetMTU
                0x000000000000b2fc        0x6 D:\GoingOn\桌面\课程教学\教学文件\课件\Lesson.2\源代码\CH32V208WBU6_Peripheral\LIB\libwchble.a(l2cap.o)
                0x000000000000b2fc                L2CAP_GetMTU
 .text.L2CAP_HostNumCompletedPkts
                0x000000000000b302       0x24 D:\GoingOn\桌面\课程教学\教学文件\课件\Lesson.2\源代码\CH32V208WBU6_Peripheral\LIB\libwchble.a(l2cap.o)
                0x000000000000b302                L2CAP_HostNumCompletedPkts
 .text.L2CAP_ParseConnectReq
                0x000000000000b326       0x40 D:\GoingOn\桌面\课程教学\教学文件\课件\Lesson.2\源代码\CH32V208WBU6_Peripheral\LIB\libwchble.a(l2cap.o)
                0x000000000000b326                L2CAP_ParseConnectReq
 .text.L2CAP_ParseFlowCtrlCredit
                0x000000000000b366       0x22 D:\GoingOn\桌面\课程教学\教学文件\课件\Lesson.2\源代码\CH32V208WBU6_Peripheral\LIB\libwchble.a(l2cap.o)
                0x000000000000b366                L2CAP_ParseFlowCtrlCredit
 .text.L2CAP_RegisterApp
                0x000000000000b388       0x2c D:\GoingOn\桌面\课程教学\教学文件\课件\Lesson.2\源代码\CH32V208WBU6_Peripheral\LIB\libwchble.a(l2cap.o)
                0x000000000000b388                L2CAP_RegisterApp
 .text.L2CAP_SetBufSize
                0x000000000000b3b4       0x1e D:\GoingOn\桌面\课程教学\教学文件\课件\Lesson.2\源代码\CH32V208WBU6_Peripheral\LIB\libwchble.a(l2cap.o)
                0x000000000000b3b4                L2CAP_SetBufSize
 .text.L2CAP_bm_alloc
                0x000000000000b3d2       0x26 D:\GoingOn\桌面\课程教学\教学文件\课件\Lesson.2\源代码\CH32V208WBU6_Peripheral\LIB\libwchble.a(l2cap.o)
                0x000000000000b3d2                L2CAP_bm_alloc
 .text.L2CAP_Init
                0x000000000000b3f8       0xf8 D:\GoingOn\桌面\课程教学\教学文件\课件\Lesson.2\源代码\CH32V208WBU6_Peripheral\LIB\libwchble.a(l2cap.o)
                0x000000000000b3f8                L2CAP_Init
 .text.L2CAP_ProcessEvent
                0x000000000000b4f0       0xcc D:\GoingOn\桌面\课程教学\教学文件\课件\Lesson.2\源代码\CH32V208WBU6_Peripheral\LIB\libwchble.a(l2cap.o)
                0x000000000000b4f0                L2CAP_ProcessEvent
 .text.l2capParseCmdReject
                0x000000000000b5bc       0x46 D:\GoingOn\桌面\课程教学\教学文件\课件\Lesson.2\源代码\CH32V208WBU6_Peripheral\LIB\libwchble.a(l2cap_input.o)
                0x000000000000b5bc                l2capParseCmdReject
 .text.l2capParseDisconnectReq
                0x000000000000b602       0x22 D:\GoingOn\桌面\课程教学\教学文件\课件\Lesson.2\源代码\CH32V208WBU6_Peripheral\LIB\libwchble.a(l2cap_input.o)
                0x000000000000b602                l2capParseDisconnectReq
 .text.l2capParseDisconnectRsp
                0x000000000000b624       0x22 D:\GoingOn\桌面\课程教学\教学文件\课件\Lesson.2\源代码\CH32V208WBU6_Peripheral\LIB\libwchble.a(l2cap_input.o)
                0x000000000000b624                l2capParseDisconnectRsp
 .text.L2CAP_ParseParamUpdateReq
                0x000000000000b646       0x36 D:\GoingOn\桌面\课程教学\教学文件\课件\Lesson.2\源代码\CH32V208WBU6_Peripheral\LIB\libwchble.a(l2cap_input.o)
                0x000000000000b646                L2CAP_ParseParamUpdateReq
 .text.l2capParseParamUpdateRsp
                0x000000000000b67c       0x18 D:\GoingOn\桌面\课程教学\教学文件\课件\Lesson.2\源代码\CH32V208WBU6_Peripheral\LIB\libwchble.a(l2cap_input.o)
                0x000000000000b67c                l2capParseParamUpdateRsp
 .text.l2capProcessConnectReq
                0x000000000000b694       0xd8 D:\GoingOn\桌面\课程教学\教学文件\课件\Lesson.2\源代码\CH32V208WBU6_Peripheral\LIB\libwchble.a(l2cap_input.o)
                0x000000000000b694                l2capProcessConnectReq
 .text.l2capParseConnectRsp
                0x000000000000b76c       0x40 D:\GoingOn\桌面\课程教学\教学文件\课件\Lesson.2\源代码\CH32V208WBU6_Peripheral\LIB\libwchble.a(l2cap_input.o)
                0x000000000000b76c                l2capParseConnectRsp
 .text.l2capParseSignalHdr
                0x000000000000b7ac       0x14 D:\GoingOn\桌面\课程教学\教学文件\课件\Lesson.2\源代码\CH32V208WBU6_Peripheral\LIB\libwchble.a(l2cap_input.o)
                0x000000000000b7ac                l2capParseSignalHdr
 .text.l2capParsePacket
                0x000000000000b7c0       0x80 D:\GoingOn\桌面\课程教学\教学文件\课件\Lesson.2\源代码\CH32V208WBU6_Peripheral\LIB\libwchble.a(l2cap_input.o)
                0x000000000000b7c0                l2capParsePacket
 .text.l2capProcessReq
                0x000000000000b840      0x130 D:\GoingOn\桌面\课程教学\教学文件\课件\Lesson.2\源代码\CH32V208WBU6_Peripheral\LIB\libwchble.a(l2cap_input.o)
                0x000000000000b840                l2capProcessReq
 .text.l2capProcessRsp
                0x000000000000b970      0x12a D:\GoingOn\桌面\课程教学\教学文件\课件\Lesson.2\源代码\CH32V208WBU6_Peripheral\LIB\libwchble.a(l2cap_input.o)
                0x000000000000b970                l2capProcessRsp
 .text.l2capProcessRxData
                0x000000000000ba9a       0xde D:\GoingOn\桌面\课程教学\教学文件\课件\Lesson.2\源代码\CH32V208WBU6_Peripheral\LIB\libwchble.a(l2cap_input.o)
                0x000000000000ba9a                l2capProcessRxData
 .text.l2capNotifyData
                0x000000000000bb78       0x52 D:\GoingOn\桌面\课程教学\教学文件\课件\Lesson.2\源代码\CH32V208WBU6_Peripheral\LIB\libwchble.a(l2cap_output.o)
                0x000000000000bb78                l2capNotifyData
 .text.l2capNotifySignal
                0x000000000000bbca       0x68 D:\GoingOn\桌面\课程教学\教学文件\课件\Lesson.2\源代码\CH32V208WBU6_Peripheral\LIB\libwchble.a(l2cap_output.o)
                0x000000000000bbca                l2capNotifySignal
 .text.l2capNotifyCreditEvt
                0x000000000000bc32       0x86 D:\GoingOn\桌面\课程教学\教学文件\课件\Lesson.2\源代码\CH32V208WBU6_Peripheral\LIB\libwchble.a(l2cap_output.o)
                0x000000000000bc32                l2capNotifyCreditEvt
 .text.l2capNotifyChannelEstEvt
                0x000000000000bcb8       0x4e D:\GoingOn\桌面\课程教学\教学文件\课件\Lesson.2\源代码\CH32V208WBU6_Peripheral\LIB\libwchble.a(l2cap_output.o)
                0x000000000000bcb8                l2capNotifyChannelEstEvt
 .text.l2capNotifyChannelTermEvt
                0x000000000000bd06       0x30 D:\GoingOn\桌面\课程教学\教学文件\课件\Lesson.2\源代码\CH32V208WBU6_Peripheral\LIB\libwchble.a(l2cap_output.o)
                0x000000000000bd06                l2capNotifyChannelTermEvt
 .text.l2capNotifyEvent
                0x000000000000bd36       0x5e D:\GoingOn\桌面\课程教学\教学文件\课件\Lesson.2\源代码\CH32V208WBU6_Peripheral\LIB\libwchble.a(l2cap_output.o)
                0x000000000000bd36                l2capNotifyEvent
 .text.l2capStoreFCPkt
                0x000000000000bd94       0x2a D:\GoingOn\桌面\课程教学\教学文件\课件\Lesson.2\源代码\CH32V208WBU6_Peripheral\LIB\libwchble.a(l2cap_output.o)
                0x000000000000bd94                l2capStoreFCPkt
 .text.l2capFreeTxSDU
                0x000000000000bdbe       0x7a D:\GoingOn\桌面\课程教学\教学文件\课件\Lesson.2\源代码\CH32V208WBU6_Peripheral\LIB\libwchble.a(l2cap_output.o)
                0x000000000000bdbe                l2capFreeTxSDU
 .text.l2capReassembleSegment
                0x000000000000be38      0x142 D:\GoingOn\桌面\课程教学\教学文件\课件\Lesson.2\源代码\CH32V208WBU6_Peripheral\LIB\libwchble.a(l2cap_output.o)
                0x000000000000be38                l2capReassembleSegment
 .text.l2capEncapSendData
                0x000000000000bf7a       0xd4 D:\GoingOn\桌面\课程教学\教学文件\课件\Lesson.2\源代码\CH32V208WBU6_Peripheral\LIB\libwchble.a(l2cap_output.o)
                0x000000000000bf7a                l2capEncapSendData
 .text.l2capSendFCPkt.part.3
                0x000000000000c04e       0x64 D:\GoingOn\桌面\课程教学\教学文件\课件\Lesson.2\源代码\CH32V208WBU6_Peripheral\LIB\libwchble.a(l2cap_output.o)
 .text.l2capSendSegment
                0x000000000000c0b2       0xda D:\GoingOn\桌面\课程教学\教学文件\课件\Lesson.2\源代码\CH32V208WBU6_Peripheral\LIB\libwchble.a(l2cap_output.o)
                0x000000000000c0b2                l2capSendSegment
 .text.l2capSendNextSegment
                0x000000000000c18c       0xb0 D:\GoingOn\桌面\课程教学\教学文件\课件\Lesson.2\源代码\CH32V208WBU6_Peripheral\LIB\libwchble.a(l2cap_output.o)
                0x000000000000c18c                l2capSendNextSegment
 .text.l2capSendPkt
                0x000000000000c23c       0x3a D:\GoingOn\桌面\课程教学\教学文件\课件\Lesson.2\源代码\CH32V208WBU6_Peripheral\LIB\libwchble.a(l2cap_output.o)
                0x000000000000c23c                l2capSendPkt
 .text.L2CAP_SendData
                0x000000000000c276       0x7c D:\GoingOn\桌面\课程教学\教学文件\课件\Lesson.2\源代码\CH32V208WBU6_Peripheral\LIB\libwchble.a(l2cap_output.o)
                0x000000000000c276                L2CAP_SendData
 .text.l2capSendCmd
                0x000000000000c2f2       0x7e D:\GoingOn\桌面\课程教学\教学文件\课件\Lesson.2\源代码\CH32V208WBU6_Peripheral\LIB\libwchble.a(l2cap_output.o)
                0x000000000000c2f2                l2capSendCmd
 .text.l2capSendReq
                0x000000000000c370       0x9e D:\GoingOn\桌面\课程教学\教学文件\课件\Lesson.2\源代码\CH32V208WBU6_Peripheral\LIB\libwchble.a(l2cap_output.o)
                0x000000000000c370                l2capSendReq
 .text.l2capBuildDisconnectReq
                0x000000000000c40e       0x18 D:\GoingOn\桌面\课程教学\教学文件\课件\Lesson.2\源代码\CH32V208WBU6_Peripheral\LIB\libwchble.a(l2cap_sdu.o)
 .text.l2capBuildParamUpdateReq
                0x000000000000c426       0x2c D:\GoingOn\桌面\课程教学\教学文件\课件\Lesson.2\源代码\CH32V208WBU6_Peripheral\LIB\libwchble.a(l2cap_sdu.o)
 .text.l2capBuildParamUpdateRsp
                0x000000000000c452        0xe D:\GoingOn\桌面\课程教学\教学文件\课件\Lesson.2\源代码\CH32V208WBU6_Peripheral\LIB\libwchble.a(l2cap_sdu.o)
 .text.l2capBuildConnectRsp
                0x000000000000c460       0x36 D:\GoingOn\桌面\课程教学\教学文件\课件\Lesson.2\源代码\CH32V208WBU6_Peripheral\LIB\libwchble.a(l2cap_sdu.o)
 .text.l2capBuildCmdReject
                0x000000000000c496       0x40 D:\GoingOn\桌面\课程教学\教学文件\课件\Lesson.2\源代码\CH32V208WBU6_Peripheral\LIB\libwchble.a(l2cap_sdu.o)
                0x000000000000c496                l2capBuildCmdReject
 .text.l2capBuildDisconnectRsp
                0x000000000000c4d6       0x18 D:\GoingOn\桌面\课程教学\教学文件\课件\Lesson.2\源代码\CH32V208WBU6_Peripheral\LIB\libwchble.a(l2cap_sdu.o)
                0x000000000000c4d6                l2capBuildDisconnectRsp
 .text.l2capSendConnectRsp
                0x000000000000c4ee       0x90 D:\GoingOn\桌面\课程教学\教学文件\课件\Lesson.2\源代码\CH32V208WBU6_Peripheral\LIB\libwchble.a(l2cap_sdu.o)
                0x000000000000c4ee                l2capSendConnectRsp
 .text.L2CAP_CmdReject
                0x000000000000c57e       0x12 D:\GoingOn\桌面\课程教学\教学文件\课件\Lesson.2\源代码\CH32V208WBU6_Peripheral\LIB\libwchble.a(l2cap_sdu.o)
                0x000000000000c57e                L2CAP_CmdReject
 .text.L2CAP_DisconnectReq
                0x000000000000c590       0x28 D:\GoingOn\桌面\课程教学\教学文件\课件\Lesson.2\源代码\CH32V208WBU6_Peripheral\LIB\libwchble.a(l2cap_sdu.o)
                0x000000000000c590                L2CAP_DisconnectReq
 .text.L2CAP_ConnParamUpdateReq
                0x000000000000c5b8       0x16 D:\GoingOn\桌面\课程教学\教学文件\课件\Lesson.2\源代码\CH32V208WBU6_Peripheral\LIB\libwchble.a(l2cap_sdu.o)
                0x000000000000c5b8                L2CAP_ConnParamUpdateReq
 .text.L2CAP_ConnParamUpdateRsp
                0x000000000000c5ce       0x12 D:\GoingOn\桌面\课程教学\教学文件\课件\Lesson.2\源代码\CH32V208WBU6_Peripheral\LIB\libwchble.a(l2cap_sdu.o)
                0x000000000000c5ce                L2CAP_ConnParamUpdateRsp
 .text.reportStatusChange
                0x000000000000c5e0       0x3e D:\GoingOn\桌面\课程教学\教学文件\课件\Lesson.2\源代码\CH32V208WBU6_Peripheral\LIB\libwchble.a(linkdb.o)
 .text.linkDB_Init
                0x000000000000c61e       0x9a D:\GoingOn\桌面\课程教学\教学文件\课件\Lesson.2\源代码\CH32V208WBU6_Peripheral\LIB\libwchble.a(linkdb.o)
                0x000000000000c61e                linkDB_Init
 .text.linkDB_Authen
                0x000000000000c6b8       0x58 D:\GoingOn\桌面\课程教学\教学文件\课件\Lesson.2\源代码\CH32V208WBU6_Peripheral\LIB\libwchble.a(linkdb.o)
                0x000000000000c6b8                linkDB_Authen
 .text.linkDB_FindByAddr
                0x000000000000c710       0x7a D:\GoingOn\桌面\课程教学\教学文件\课件\Lesson.2\源代码\CH32V208WBU6_Peripheral\LIB\libwchble.a(linkdb.o)
                0x000000000000c710                linkDB_FindByAddr
 .text.linkDB_FindFirst
                0x000000000000c78a       0x40 D:\GoingOn\桌面\课程教学\教学文件\课件\Lesson.2\源代码\CH32V208WBU6_Peripheral\LIB\libwchble.a(linkdb.o)
                0x000000000000c78a                linkDB_FindFirst
 .text.linkDB_MTU
                0x000000000000c7ca       0x16 D:\GoingOn\桌面\课程教学\教学文件\课件\Lesson.2\源代码\CH32V208WBU6_Peripheral\LIB\libwchble.a(linkdb.o)
                0x000000000000c7ca                linkDB_MTU
 .text.linkDB_NumActive
                0x000000000000c7e0       0x34 D:\GoingOn\桌面\课程教学\教学文件\课件\Lesson.2\源代码\CH32V208WBU6_Peripheral\LIB\libwchble.a(linkdb.o)
                0x000000000000c7e0                linkDB_NumActive
 .text.linkDB_NumConns
                0x000000000000c814        0xa D:\GoingOn\桌面\课程教学\教学文件\课件\Lesson.2\源代码\CH32V208WBU6_Peripheral\LIB\libwchble.a(linkdb.o)
                0x000000000000c814                linkDB_NumConns
 .text.linkDB_Register
                0x000000000000c81e       0x28 D:\GoingOn\桌面\课程教学\教学文件\课件\Lesson.2\源代码\CH32V208WBU6_Peripheral\LIB\libwchble.a(linkdb.o)
                0x000000000000c81e                linkDB_Register
 .text.linkDB_Remove
                0x000000000000c846       0x40 D:\GoingOn\桌面\课程教学\教学文件\课件\Lesson.2\源代码\CH32V208WBU6_Peripheral\LIB\libwchble.a(linkdb.o)
                0x000000000000c846                linkDB_Remove
 .text.linkDB_Role
                0x000000000000c886       0x16 D:\GoingOn\桌面\课程教学\教学文件\课件\Lesson.2\源代码\CH32V208WBU6_Peripheral\LIB\libwchble.a(linkdb.o)
                0x000000000000c886                linkDB_Role
 .text.linkDB_State
                0x000000000000c89c       0x2e D:\GoingOn\桌面\课程教学\教学文件\课件\Lesson.2\源代码\CH32V208WBU6_Peripheral\LIB\libwchble.a(linkdb.o)
                0x000000000000c89c                linkDB_State
 .text.linkDB_UpdateMTU
                0x000000000000c8ca       0x24 D:\GoingOn\桌面\课程教学\教学文件\课件\Lesson.2\源代码\CH32V208WBU6_Peripheral\LIB\libwchble.a(linkdb.o)
                0x000000000000c8ca                linkDB_UpdateMTU
 .text.linkDB_PerformFunc
                0x000000000000c8ee       0x58 D:\GoingOn\桌面\课程教学\教学文件\课件\Lesson.2\源代码\CH32V208WBU6_Peripheral\LIB\libwchble.a(linkdb.o)
                0x000000000000c8ee                linkDB_PerformFunc
 .text.linkDB_PeripheralLinkNum
                0x000000000000c946       0x46 D:\GoingOn\桌面\课程教学\教学文件\课件\Lesson.2\源代码\CH32V208WBU6_Peripheral\LIB\libwchble.a(linkdb.o)
                0x000000000000c946                linkDB_PeripheralLinkNum
 .text.linkDB_GetSMEvtID
                0x000000000000c98c       0x5c D:\GoingOn\桌面\课程教学\教学文件\课件\Lesson.2\源代码\CH32V208WBU6_Peripheral\LIB\libwchble.a(linkdb.o)
                0x000000000000c98c                linkDB_GetSMEvtID
 .text.linkDB_Add
                0x000000000000c9e8       0xa6 D:\GoingOn\桌面\课程教学\教学文件\课件\Lesson.2\源代码\CH32V208WBU6_Peripheral\LIB\libwchble.a(linkdb.o)
                0x000000000000c9e8                linkDB_Add
 .text.linkDB_GetHandleFromSMEvtID
                0x000000000000ca8e       0x38 D:\GoingOn\桌面\课程教学\教学文件\课件\Lesson.2\源代码\CH32V208WBU6_Peripheral\LIB\libwchble.a(linkdb.o)
                0x000000000000ca8e                linkDB_GetHandleFromSMEvtID
 .text.linkDB_GetPairingParam
                0x000000000000cac6       0x54 D:\GoingOn\桌面\课程教学\教学文件\课件\Lesson.2\源代码\CH32V208WBU6_Peripheral\LIB\libwchble.a(linkdb.o)
                0x000000000000cac6                linkDB_GetPairingParam
 .text.linkDB_NeedSendKey
                0x000000000000cb1a       0x46 D:\GoingOn\桌面\课程教学\教学文件\课件\Lesson.2\源代码\CH32V208WBU6_Peripheral\LIB\libwchble.a(linkdb.o)
                0x000000000000cb1a                linkDB_NeedSendKey
 .text.smpBuildPairingFailed
                0x000000000000cb60       0x14 D:\GoingOn\桌面\课程教学\教学文件\课件\Lesson.2\源代码\CH32V208WBU6_Peripheral\LIB\libwchble.a(sm.o)
                0x000000000000cb60                smpBuildPairingFailed
 .text.SM_StartEncryption
                0x000000000000cb74       0x86 D:\GoingOn\桌面\课程教学\教学文件\课件\Lesson.2\源代码\CH32V208WBU6_Peripheral\LIB\libwchble.a(sm.o)
                0x000000000000cb74                SM_StartEncryption
 .text.smpBuildEncInfo
                0x000000000000cbfa       0x2a D:\GoingOn\桌面\课程教学\教学文件\课件\Lesson.2\源代码\CH32V208WBU6_Peripheral\LIB\libwchble.a(sm.o)
                0x000000000000cbfa                smpBuildEncInfo
 .text.smpBuildIdentityAddrInfo
                0x000000000000cc24       0x30 D:\GoingOn\桌面\课程教学\教学文件\课件\Lesson.2\源代码\CH32V208WBU6_Peripheral\LIB\libwchble.a(sm.o)
                0x000000000000cc24                smpBuildIdentityAddrInfo
 .text.smpBuildIdentityInfo
                0x000000000000cc54       0x2a D:\GoingOn\桌面\课程教学\教学文件\课件\Lesson.2\源代码\CH32V208WBU6_Peripheral\LIB\libwchble.a(sm.o)
                0x000000000000cc54                smpBuildIdentityInfo
 .text.smpBuildMasterID
                0x000000000000cc7e       0x36 D:\GoingOn\桌面\课程教学\教学文件\课件\Lesson.2\源代码\CH32V208WBU6_Peripheral\LIB\libwchble.a(sm.o)
                0x000000000000cc7e                smpBuildMasterID
 .text.smpBuildPairingConfirm
                0x000000000000ccb4       0x2a D:\GoingOn\桌面\课程教学\教学文件\课件\Lesson.2\源代码\CH32V208WBU6_Peripheral\LIB\libwchble.a(sm.o)
                0x000000000000ccb4                smpBuildPairingConfirm
 .text.smpBuildPairingRandom