Archive member included to satisfy reference by file (symbol)

e:/工具/mouriver/mounriver/mounriver_studio/toolchain/risc-v embedded gcc/bin/../lib/gcc/riscv-none-embed/8.2.0/rv32imacxw/ilp32\libgcc.a(save-restore.o)
                              ./User/main.o (__riscv_save_5)
e:/工具/mouriver/mounriver/mounriver_studio/toolchain/risc-v embedded gcc/bin/../lib/gcc/riscv-none-embed/8.2.0/../../../../riscv-none-embed/lib/rv32imacxw/ilp32\libg_nano.a(lib_a-printf.o)
                              ./User/main.o (printf)
e:/工具/mouriver/mounriver/mounriver_studio/toolchain/risc-v embedded gcc/bin/../lib/gcc/riscv-none-embed/8.2.0/../../../../riscv-none-embed/lib/rv32imacxw/ilp32\libg_nano.a(lib_a-findfp.o)
                              e:/工具/mouriver/mounriver/mounriver_studio/toolchain/risc-v embedded gcc/bin/../lib/gcc/riscv-none-embed/8.2.0/../../../../riscv-none-embed/lib/rv32imacxw/ilp32\libg_nano.a(lib_a-printf.o) (__sinit)
e:/工具/mouriver/mounriver/mounriver_studio/toolchain/risc-v embedded gcc/bin/../lib/gcc/riscv-none-embed/8.2.0/../../../../riscv-none-embed/lib/rv32imacxw/ilp32\libg_nano.a(lib_a-fwalk.o)
                              e:/工具/mouriver/mounriver/mounriver_studio/toolchain/risc-v embedded gcc/bin/../lib/gcc/riscv-none-embed/8.2.0/../../../../riscv-none-embed/lib/rv32imacxw/ilp32\libg_nano.a(lib_a-findfp.o) (_fwalk)
e:/工具/mouriver/mounriver/mounriver_studio/toolchain/risc-v embedded gcc/bin/../lib/gcc/riscv-none-embed/8.2.0/../../../../riscv-none-embed/lib/rv32imacxw/ilp32\libg_nano.a(lib_a-impure.o)
                              e:/工具/mouriver/mounriver/mounriver_studio/toolchain/risc-v embedded gcc/bin/../lib/gcc/riscv-none-embed/8.2.0/../../../../riscv-none-embed/lib/rv32imacxw/ilp32\libg_nano.a(lib_a-findfp.o) (_global_impure_ptr)
e:/工具/mouriver/mounriver/mounriver_studio/toolchain/risc-v embedded gcc/bin/../lib/gcc/riscv-none-embed/8.2.0/../../../../riscv-none-embed/lib/rv32imacxw/ilp32\libg_nano.a(lib_a-memset.o)
                              e:/工具/mouriver/mounriver/mounriver_studio/toolchain/risc-v embedded gcc/bin/../lib/gcc/riscv-none-embed/8.2.0/../../../../riscv-none-embed/lib/rv32imacxw/ilp32\libg_nano.a(lib_a-findfp.o) (memset)
e:/工具/mouriver/mounriver/mounriver_studio/toolchain/risc-v embedded gcc/bin/../lib/gcc/riscv-none-embed/8.2.0/../../../../riscv-none-embed/lib/rv32imacxw/ilp32\libg_nano.a(lib_a-nano-mallocr.o)
                              e:/工具/mouriver/mounriver/mounriver_studio/toolchain/risc-v embedded gcc/bin/../lib/gcc/riscv-none-embed/8.2.0/../../../../riscv-none-embed/lib/rv32imacxw/ilp32\libg_nano.a(lib_a-findfp.o) (_malloc_r)
e:/工具/mouriver/mounriver/mounriver_studio/toolchain/risc-v embedded gcc/bin/../lib/gcc/riscv-none-embed/8.2.0/../../../../riscv-none-embed/lib/rv32imacxw/ilp32\libg_nano.a(lib_a-nano-vfprintf.o)
                              e:/工具/mouriver/mounriver/mounriver_studio/toolchain/risc-v embedded gcc/bin/../lib/gcc/riscv-none-embed/8.2.0/../../../../riscv-none-embed/lib/rv32imacxw/ilp32\libg_nano.a(lib_a-printf.o) (_vfprintf_r)
e:/工具/mouriver/mounriver/mounriver_studio/toolchain/risc-v embedded gcc/bin/../lib/gcc/riscv-none-embed/8.2.0/../../../../riscv-none-embed/lib/rv32imacxw/ilp32\libg_nano.a(lib_a-nano-vfprintf_i.o)
                              e:/工具/mouriver/mounriver/mounriver_studio/toolchain/risc-v embedded gcc/bin/../lib/gcc/riscv-none-embed/8.2.0/../../../../riscv-none-embed/lib/rv32imacxw/ilp32\libg_nano.a(lib_a-nano-vfprintf.o) (_printf_i)
e:/工具/mouriver/mounriver/mounriver_studio/toolchain/risc-v embedded gcc/bin/../lib/gcc/riscv-none-embed/8.2.0/../../../../riscv-none-embed/lib/rv32imacxw/ilp32\libg_nano.a(lib_a-sbrkr.o)
                              e:/工具/mouriver/mounriver/mounriver_studio/toolchain/risc-v embedded gcc/bin/../lib/gcc/riscv-none-embed/8.2.0/../../../../riscv-none-embed/lib/rv32imacxw/ilp32\libg_nano.a(lib_a-nano-mallocr.o) (_sbrk_r)
e:/工具/mouriver/mounriver/mounriver_studio/toolchain/risc-v embedded gcc/bin/../lib/gcc/riscv-none-embed/8.2.0/../../../../riscv-none-embed/lib/rv32imacxw/ilp32\libg_nano.a(lib_a-stdio.o)
                              e:/工具/mouriver/mounriver/mounriver_studio/toolchain/risc-v embedded gcc/bin/../lib/gcc/riscv-none-embed/8.2.0/../../../../riscv-none-embed/lib/rv32imacxw/ilp32\libg_nano.a(lib_a-findfp.o) (__sread)
e:/工具/mouriver/mounriver/mounriver_studio/toolchain/risc-v embedded gcc/bin/../lib/gcc/riscv-none-embed/8.2.0/../../../../riscv-none-embed/lib/rv32imacxw/ilp32\libg_nano.a(lib_a-wbuf.o)
                              e:/工具/mouriver/mounriver/mounriver_studio/toolchain/risc-v embedded gcc/bin/../lib/gcc/riscv-none-embed/8.2.0/../../../../riscv-none-embed/lib/rv32imacxw/ilp32\libg_nano.a(lib_a-nano-vfprintf.o) (__swbuf_r)
e:/工具/mouriver/mounriver/mounriver_studio/toolchain/risc-v embedded gcc/bin/../lib/gcc/riscv-none-embed/8.2.0/../../../../riscv-none-embed/lib/rv32imacxw/ilp32\libg_nano.a(lib_a-writer.o)
[...]
Memory Configuration

Name             Origin             Length             Attributes
FLASH            0x0000000000000000 0x0000000000010000 xr
RAM              0x0000000020000000 0x0000000000005000 xrw
*default*        0x0000000000000000 0xffffffffffffffff

Linker script and memory map

LOAD ./User/ch32v20x_it.o
LOAD ./User/main.o
LOAD ./User/system_ch32v20x.o
LOAD ./Startup/startup_ch32v20x_D6.o
LOAD ./Peripheral/src/ch32v20x_adc.o
LOAD ./Peripheral/src/ch32v20x_bkp.o
LOAD ./Peripheral/src/ch32v20x_can.o
LOAD ./Peripheral/src/ch32v20x_crc.o
LOAD ./Peripheral/src/ch32v20x_dbgmcu.o
LOAD ./Peripheral/src/ch32v20x_dma.o
LOAD ./Peripheral/src/ch32v20x_exti.o
LOAD ./Peripheral/src/ch32v20x_flash.o
LOAD ./Peripheral/src/ch32v20x_gpio.o
LOAD ./Peripheral/src/ch32v20x_i2c.o
LOAD ./Peripheral/src/ch32v20x_iwdg.o
LOAD ./Peripheral/src/ch32v20x_misc.o
LOAD ./Peripheral/src/ch32v20x_opa.o
LOAD ./Peripheral/src/ch32v20x_pwr.o
LOAD ./Peripheral/src/ch32v20x_rcc.o
LOAD ./Peripheral/src/ch32v20x_rtc.o
LOAD ./Peripheral/src/ch32v20x_spi.o
LOAD ./Peripheral/src/ch32v20x_tim.o
LOAD ./Peripheral/src/ch32v20x_usart.o
LOAD ./Peripheral/src/ch32v20x_wwdg.o
LOAD ./Hardware/LED/led.o
LOAD ./Hardware/KEY/key.o
LOAD ./Debug/debug.o
LOAD ./Core/core_riscv.o
LOAD e:/工具/mouriver/mounriver/mounriver_studio/toolchain/risc-v embedded gcc/bin/../lib/gcc/riscv-none-embed/8.2.0/rv32imacxw/ilp32\libgcc.a
LOAD e:/工具/mouriver/mounriver/mounriver_studio/toolchain/risc-v embedded gcc/bin/../lib/gcc/riscv-none-embed/8.2.0/../../../../riscv-none-embed/lib/rv32imacxw/ilp32\libg_nano.a
LOAD e:/工具/mouriver/mounriver/mounriver_studio/toolchain/risc-v embedded gcc/bin/../lib/gcc/riscv-none-embed/8.2.0/../../../../riscv-none-embed/lib/rv32imacxw/ilp32\libc_nano.a
LOAD e:/工具/mouriver/mounriver/mounriver_studio/toolchain/risc-v embedded gcc/bin/../lib/gcc/riscv-none-embed/8.2.0/rv32imacxw/ilp32\libgcc.a
START GROUP
LOAD e:/工具/mouriver/mounriver/mounriver_studio/toolchain/risc-v embedded gcc/bin/../lib/gcc/riscv-none-embed/8.2.0/rv32imacxw/ilp32\libgcc.a
LOAD e:/工具/mouriver/mounriver/mounriver_studio/toolchain/risc-v embedded gcc/bin/../lib/gcc/riscv-none-embed/8.2.0/../../../../riscv-none-embed/lib/rv32imacxw/ilp32\libc_nano.a
LOAD e:/工具/mouriver/mounriver/mounriver_studio/toolchain/risc-v embedded gcc/bin/../lib/gcc/riscv-none-embed/8.2.0/../../../../riscv-none-embed/lib/rv32imacxw/ilp32\libnosys.a
END GROUP
START GROUP
LOAD e:/工具/mouriver/mounriver/mounriver_studio/toolchain/risc-v embedded gcc/bin/../lib/gcc/riscv-none-embed/8.2.0/rv32imacxw/ilp32\libgcc.a
LOAD e:/工具/mouriver/mounriver/mounriver_studio/toolchain/risc-v embedded gcc/bin/../lib/gcc/riscv-none-embed/8.2.0/../../../../riscv-none-embed/lib/rv32imacxw/ilp32\libc_nano.a
LOAD e:/工具/mouriver/mounriver/mounriver_studio/toolchain/risc-v embedded gcc/bin/../lib/gcc/riscv-none-embed/8.2.0/../../../../riscv-none-embed/lib/rv32imacxw/ilp32\libnosys.a
END GROUP
                0x0000000000000800                __stack_size = 0x800
                [!provide]                        PROVIDE (_stack_size = __stack_size)

.init           0x0000000000000000       0x38
                0x0000000000000000                _sinit = .
                0x0000000000000000                . = ALIGN (0x4)
 *(SORT_NONE(.init))
 .init          0x0000000000000000       0x38 ./Startup/startup_ch32v20x_D6.o
                0x0000000000000000                _start
                0x0000000000000038                . = ALIGN (0x4)
                0x0000000000000038                _einit = .

.vector         0x0000000000000038      0x108
 *(.vector)
 .vector        0x0000000000000038       0xfc ./Startup/startup_ch32v20x_D6.o
                0x0000000000000140                . = ALIGN (0x40)
 *fill*         0x0000000000000134        0xc 

.text           0x0000000000000140     0x198c
                0x0000000000000140                . = ALIGN (0x4)
 *(.text)
 .text          0x0000000000000140       0x60 e:/工具/mouriver/mounriver/mounriver_studio/toolchain/risc-v embedded gcc/bin/../lib/gcc/riscv-none-embed/8.2.0/rv32imacxw/ilp32\libgcc.a(save-restore.o)
                0x0000000000000140                __riscv_save_12
                0x0000000000000148                __riscv_save_9
                0x0000000000000148                __riscv_save_11
                0x0000000000000148                __riscv_save_10
                0x0000000000000148                __riscv_save_8
                0x0000000000000156                __riscv_save_4
                0x0000000000000156                __riscv_save_6
                0x0000000000000156                __riscv_save_5
                0x0000000000000156                __riscv_save_7
                0x0000000000000170                __riscv_save_3
                0x0000000000000170                __riscv_save_2
                0x0000000000000170                __riscv_save_1
                0x0000000000000170                __riscv_save_0
                0x000000000000017c                __riscv_restore_12
                0x0000000000000180                __riscv_restore_11
                0x0000000000000180                __riscv_restore_9
                0x0000000000000180                __riscv_restore_10
                0x0000000000000180                __riscv_restore_8
                0x000000000000018a                __riscv_restore_5
                0x000000000000018a                __riscv_restore_7
                0x000000000000018a                __riscv_restore_6
                0x000000000000018a                __riscv_restore_4
                0x0000000000000194                __riscv_restore_3
                0x0000000000000194                __riscv_restore_0
                0x0000000000000194                __riscv_restore_2
                0x0000000000000194                __riscv_restore_1
 .text          0x00000000000001a0       0xa8 e:/工具/mouriver/mounriver/mounriver_studio/toolchain/risc-v embedded gcc/bin/../lib/gcc/riscv-none-embed/8.2.0/../../../../riscv-none-embed/lib/rv32imacxw/ilp32\libg_nano.a(lib_a-memset.o)
                0x00000000000001a0                memset
 *(.text.*)
 .text.NMI_Handler
                0x0000000000000248        0x4 ./User/ch32v20x_it.o
                0x0000000000000248                NMI_Handler
 .text.HardFault_Handler
                0x000000000000024c        0x2 ./User/ch32v20x_it.o
                0x000000000000024c                HardFault_Handler
 .text.startup.main
                0x000000000000024e       0x6a ./User/main.o
                0x000000000000024e                main
 .text.SystemInit
                0x00000000000002b8       0xea ./User/system_ch32v20x.o
                0x00000000000002b8                SystemInit
 .text.vector_handler
                0x00000000000003a2       0x6c ./Startup/startup_ch32v20x_D6.o
                0x00000000000003a6                Ecall_M_Mode_Handler
                0x00000000000003a8                Ecall_U_Mode_Handler
                0x00000000000003aa                Break_Point_Handler
                0x00000000000003ac                SysTick_Handler
                0x00000000000003ae                SW_Handler
                0x00000000000003b0                WWDG_IRQHandler
                0x00000000000003b2                PVD_IRQHandler
                0x00000000000003b4                TAMPER_IRQHandler
                0x00000000000003b6                RTC_IRQHandler
                0x00000000000003b8                FLASH_IRQHandler
                0x00000000000003ba                RCC_IRQHandler
                0x00000000000003bc                EXTI0_IRQHandler
                0x00000000000003be                EXTI1_IRQHandler
                0x00000000000003c0                EXTI2_IRQHandler
                0x00000000000003c2                EXTI3_IRQHandler
                0x00000000000003c4                EXTI4_IRQHandler
                0x00000000000003c6                DMA1_Channel1_IRQHandler
                0x00000000000003c8                DMA1_Channel2_IRQHandler
                0x00000000000003ca                DMA1_Channel3_IRQHandler
                0x00000000000003cc                DMA1_Channel4_IRQHandler
                0x00000000000003ce                DMA1_Channel5_IRQHandler
                0x00000000000003d0                DMA1_Channel6_IRQHandler
                0x00000000000003d2                DMA1_Channel7_IRQHandler
                0x00000000000003d4                ADC1_2_IRQHandler
                0x00000000000003d6                USB_HP_CAN1_TX_IRQHandler
                0x00000000000003d8                USB_LP_CAN1_RX0_IRQHandler
                0x00000000000003da                CAN1_RX1_IRQHandler
                0x00000000000003dc                CAN1_SCE_IRQHandler
                0x00000000000003de                EXTI9_5_IRQHandler
                0x00000000000003e0                TIM1_BRK_IRQHandler
                0x00000000000003e2                TIM1_UP_IRQHandler
                0x00000000000003e4                TIM1_TRG_COM_IRQHandler
                0x00000000000003e6                TIM1_CC_IRQHandler
                0x00000000000003e8                TIM2_IRQHandler
                0x00000000000003ea                TIM3_IRQHandler
                0x00000000000003ec                TIM4_IRQHandler
                0x00000000000003ee                I2C1_EV_IRQHandler
                0x00000000000003f0                I2C1_ER_IRQHandler
                0x00000000000003f2                I2C2_EV_IRQHandler
                0x00000000000003f4                I2C2_ER_IRQHandler
                0x00000000000003f6                SPI1_IRQHandler
                0x00000000000003f8                SPI2_IRQHandler
                0x00000000000003fa                USART1_IRQHandler
                0x00000000000003fc                USART2_IRQHandler
                0x00000000000003fe                USART3_IRQHandler
                0x0000000000000400                EXTI15_10_IRQHandler
                0x0000000000000402                RTCAlarm_IRQHandler
                0x0000000000000404                USBWakeUp_IRQHandler
                0x0000000000000406                USBHD_IRQHandler
                0x0000000000000408                USBHDWakeUp_IRQHandler
                0x000000000000040a                UART4_IRQHandler
                0x000000000000040c                DMA1_Channel8_IRQHandler
 .text.handle_reset
                0x000000000000040e       0x86 ./Startup/startup_ch32v20x_D6.o
                0x000000000000040e                handle_reset
 .text.GPIO_Init
                0x0000000000000494       0xf2 ./Peripheral/src/ch32v20x_gpio.o
                0x0000000000000494                GPIO_Init
 .text.GPIO_ReadInputDataBit
                0x0000000000000586       0x1a ./Peripheral/src/ch32v20x_gpio.o
                0x0000000000000586                GPIO_ReadInputDataBit
 .text.GPIO_SetBits
                0x00000000000005a0       0x14 ./Peripheral/src/ch32v20x_gpio.o
                0x00000000000005a0                GPIO_SetBits
 .text.GPIO_WriteBit
                0x00000000000005b4       0x1a ./Peripheral/src/ch32v20x_gpio.o
                0x00000000000005b4                GPIO_WriteBit
 .text.RCC_GetClocksFreq
                0x00000000000005ce       0xbe ./Peripheral/src/ch32v20x_rcc.o
                0x00000000000005ce                RCC_GetClocksFreq
 .text.RCC_APB2PeriphClockCmd
                0x000000000000068c       0x1e ./Peripheral/src/ch32v20x_rcc.o
                0x000000000000068c                RCC_APB2PeriphClockCmd
 .text.USART_Init
                0x00000000000006aa       0xb8 ./Peripheral/src/ch32v20x_usart.o
                0x00000000000006aa                USART_Init
 .text.USART_Cmd
                0x0000000000000762       0x16 ./Peripheral/src/ch32v20x_usart.o
                0x0000000000000762                USART_Cmd
 .text.USART_SendData
                0x0000000000000778        0x8 ./Peripheral/src/ch32v20x_usart.o
                0x0000000000000778                USART_SendData
 .text.USART_GetFlagStatus
                0x0000000000000780        0xa ./Peripheral/src/ch32v20x_usart.o
                0x0000000000000780                USART_GetFlagStatus
 .text.LED_Init
                0x000000000000078a       0x30 ./Hardware/LED/led.o
                0x000000000000078a                LED_Init
 .text.KEY_Init
                0x00000000000007ba       0x26 ./Hardware/KEY/key.o
                0x00000000000007ba                KEY_Init
 .text.KEY_Scan
                0x00000000000007e0       0x50 ./Hardware/KEY/key.o
                0x00000000000007e0                KEY_Scan
 .text.Delay_Init
                0x0000000000000830       0x2a ./Debug/debug.o
                0x0000000000000830                Delay_Init
 .text.Delay_Ms
                0x000000000000085a       0x36 ./Debug/debug.o
                0x000000000000085a                Delay_Ms
 .text.USART_Printf_Init
                0x0000000000000890       0x52 ./Debug/debug.o
                0x0000000000000890                USART_Printf_Init
 .text._write   0x00000000000008e2       0x3a ./Debug/debug.o
                0x00000000000008e2                _write
 .text._sbrk    0x000000000000091c       0x26 ./Debug/debug.o
                0x000000000000091c                _sbrk
 .text.printf   0x0000000000000942       0x3e e:/工具/mouriver/mounriver/mounriver_studio/toolchain/risc-v embedded gcc/bin/../lib/gcc/riscv-none-embed/8.2.0/../../../../riscv-none-embed/lib/rv32imacxw/ilp32\libg_nano.a(lib_a-printf.o)
                0x0000000000000942                iprintf
                0x0000000000000942                printf
 .text.std      0x0000000000000980       0x66 e:/工具/mouriver/mounriver/mounriver_studio/toolchain/risc-v embedded gcc/bin/../lib/gcc/riscv-none-embed/8.2.0/../../../../riscv-none-embed/lib/rv32imacxw/ilp32\libg_nano.a(lib_a-findfp.o)
 .text._cleanup_r
                0x00000000000009e6        0xa e:/工具/mouriver/mounriver/mounriver_studio/toolchain/risc-v embedded gcc/bin/../lib/gcc/riscv-none-embed/8.2.0/../../../../riscv-none-embed/lib/rv32imacxw/ilp32\libg_nano.a(lib_a-findfp.o)
                0x00000000000009e6                _cleanup_r
 .text.__sfmoreglue
                0x00000000000009f0       0x46 e:/工具/mouriver/mounriver/mounriver_studio/toolchain/risc-v embedded gcc/bin/../lib/gcc/riscv-none-embed/8.2.0/../../../../riscv-none-embed/lib/rv32imacxw/ilp32\libg_nano.a(lib_a-findfp.o)
                0x00000000000009f0                __sfmoreglue
 .text.__sinit  0x0000000000000a36       0x66 e:/工具/mouriver/mounriver/mounriver_studio/toolchain/risc-v embedded gcc/bin/../lib/gcc/riscv-none-embed/8.2.0/../../../../riscv-none-embed/lib/rv32imacxw/ilp32\libg_nano.a(lib_a-findfp.o)
                0x0000000000000a36                __sinit
 .text.__sfp    0x0000000000000a9c       0x9c e:/工具/mouriver/mounriver/mounriver_studio/toolchain/risc-v embedded gcc/bin/../lib/gcc/riscv-none-embed/8.2.0/../../../../riscv-none-embed/lib/rv32imacxw/ilp32\libg_nano.a(lib_a-findfp.o)
                0x0000000000000a9c                __sfp
 .text._fwalk_reent
                0x0000000000000b38       0x6a e:/工具/mouriver/mounriver/mounriver_studio/toolchain/risc-v embedded gcc/bin/../lib/gcc/riscv-none-embed/8.2.0/../../../../riscv-none-embed/lib/rv32imacxw/ilp32\libg_nano.a(lib_a-fwalk.o)
                0x0000000000000b38                _fwalk_reent
 .text._malloc_r
                0x0000000000000ba2       0xd4 e:/工具/mouriver/mounriver/mounriver_studio/toolchain/risc-v embedded gcc/bin/../lib/gcc/riscv-none-embed/8.2.0/../../../../riscv-none-embed/lib/rv32imacxw/ilp32\libg_nano.a(lib_a-nano-mallocr.o)
                0x0000000000000ba2                _malloc_r
 .text.__sfputc_r
                0x0000000000000c76       0x26 e:/工具/mouriver/mounriver/mounriver_studio/toolchain/risc-v embedded gcc/bin/../lib/gcc/riscv-none-embed/8.2.0/../../../../riscv-none-embed/lib/rv32imacxw/ilp32\libg_nano.a(lib_a-nano-vfprintf.o)
 .text.__sfputs_r
                0x0000000000000c9c       0x40 e:/工具/mouriver/mounriver/mounriver_studio/toolchain/risc-v embedded gcc/bin/../lib/gcc/riscv-none-embed/8.2.0/../../../../riscv-none-embed/lib/rv32imacxw/ilp32\libg_nano.a(lib_a-nano-vfprintf.o)
                0x0000000000000c9c                __sfputs_r
 .text._vfprintf_r
                0x0000000000000cdc      0x288 e:/工具/mouriver/mounriver/mounriver_studio/toolchain/risc-v embedded gcc/bin/../lib/gcc/riscv-none-embed/8.2.0/../../../../riscv-none-embed/lib/rv32imacxw/ilp32\libg_nano.a(lib_a-nano-vfprintf.o)
                0x0000000000000cdc                _vfprintf_r
                0x0000000000000cdc                _vfiprintf_r
 .text._printf_common
                0x0000000000000f64      0x10c e:/工具/mouriver/mounriver/mounriver_studio/toolchain/risc-v embedded gcc/bin/../lib/gcc/riscv-none-embed/8.2.0/../../../../riscv-none-embed/lib/rv32imacxw/ilp32\libg_nano.a(lib_a-nano-vfprintf_i.o)
                0x0000000000000f64                _printf_common
 .text._printf_i
                0x0000000000001070      0x2a0 e:/工具/mouriver/mounriver/mounriver_studio/toolchain/risc-v embedded gcc/bin/../lib/gcc/riscv-none-embed/8.2.0/../../../../riscv-none-embed/lib/rv32imacxw/ilp32\libg_nano.a(lib_a-nano-vfprintf_i.o)
                0x0000000000001070                _printf_i
 .text._sbrk_r  0x0000000000001310       0x2a e:/工具/mouriver/mounriver/mounriver_studio/toolchain/risc-v embedded gcc/bin/../lib/gcc/riscv-none-embed/8.2.0/../../../../riscv-none-embed/lib/rv32imacxw/ilp32\libg_nano.a(lib_a-sbrkr.o)
                0x0000000000001310                _sbrk_r
 .text.__sread  0x000000000000133a       0x2c e:/工具/mouriver/mounriver/mounriver_studio/toolchain/risc-v embedded gcc/bin/../lib/gcc/riscv-none-embed/8.2.0/../../../../riscv-none-embed/lib/rv32imacxw/ilp32\libg_nano.a(lib_a-stdio.o)
                0x000000000000133a                __sread
 .text.__swrite
                0x0000000000001366       0x48 e:/工具/mouriver/mounriver/mounriver_studio/toolchain/risc-v embedded gcc/bin/../lib/gcc/riscv-none-embed/8.2.0/../../../../riscv-none-embed/lib/rv32imacxw/ilp32\libg_nano.a(lib_a-stdio.o)
                0x0000000000001366                __swrite
 .text.__sseek  0x00000000000013ae       0x30 e:/工具/mouriver/mounriver/mounriver_studio/toolchain/risc-v embedded gcc/bin/../lib/gcc/riscv-none-embed/8.2.0/../../../../riscv-none-embed/lib/rv32imacxw/ilp32\libg_nano.a(lib_a-stdio.o)
                0x00000000000013ae                __sseek
 .text.__sclose
                0x00000000000013de        0x6 e:/工具/mouriver/mounriver/mounriver_studio/toolchain/risc-v embedded gcc/bin/../lib/gcc/riscv-none-embed/8.2.0/../../../../riscv-none-embed/lib/rv32imacxw/ilp32\libg_nano.a(lib_a-stdio.o)
                0x00000000000013de                __sclose
 .text.__swbuf_r
                0x00000000000013e4       0xbe e:/工具/mouriver/mounriver/mounriver_studio/toolchain/risc-v embedded gcc/bin/../lib/gcc/riscv-none-embed/8.2.0/../../../../riscv-none-embed/lib/rv32imacxw/ilp32\libg_nano.a(lib_a-wbuf.o)
                0x00000000000013e4                __swbuf_r
 .text._write_r
                0x00000000000014a2       0x2e e:/工具/mouriver/mounriver/mounriver_studio/toolchain/risc-v embedded gcc/bin/../lib/gcc/riscv-none-embed/8.2.0/../../../../riscv-none-embed/lib/rv32imacxw/ilp32\libg_nano.a(lib_a-writer.o)
                0x00000000000014a2                _write_r
 .text.__swsetup_r
                0x00000000000014d0       0xfe e:/工具/mouriver/mounriver/mounriver_studio/toolchain/risc-v embedded gcc/bin/../lib/gcc/riscv-none-embed/8.2.0/../../../../riscv-none-embed/lib/rv32imacxw/ilp32\libg_nano.a(lib_a-wsetup.o)
                0x00000000000014d0                __swsetup_r
 .text._close_r
                0x00000000000015ce       0x28 e:/工具/mouriver/mounriver/mounriver_studio/toolchain/risc-v embedded gcc/bin/../lib/gcc/riscv-none-embed/8.2.0/../../../../riscv-none-embed/lib/rv32imacxw/ilp32\libg_nano.a(lib_a-closer.o)
                0x00000000000015ce                _close_r
 .text.__sflush_r
                0x00000000000015f6      0x130 e:/工具/mouriver/mounriver/mounriver_studio/toolchain/risc-v embedded gcc/bin/../lib/gcc/riscv-none-embed/8.2.0/../../../../riscv-none-embed/lib/rv32imacxw/ilp32\libg_nano.a(lib_a-fflush.o)
                0x00000000000015f6                __sflush_r
 .text._fflush_r
                0x0000000000001726       0x66 e:/工具/mouriver/mounriver/mounriver_studio/toolchain/risc-v embedded gcc/bin/../lib/gcc/riscv-none-embed/8.2.0/../../../../riscv-none-embed/lib/rv32imacxw/ilp32\libg_nano.a(lib_a-fflush.o)
                0x0000000000001726                _fflush_r
 .text._lseek_r
                0x000000000000178c       0x2c e:/工具/mouriver/mounriver/mounriver_studio/toolchain/risc-v embedded gcc/bin/../lib/gcc/riscv-none-embed/8.2.0/../../../../riscv-none-embed/lib/rv32imacxw/ilp32\libg_nano.a(lib_a-lseekr.o)
                0x000000000000178c                _lseek_r
 .text.__swhatbuf_r
                0x00000000000017b8       0x56 e:/工具/mouriver/mounriver/mounriver_studio/toolchain/risc-v embedded gcc/bin/../lib/gcc/riscv-none-embed/8.2.0/../../../../riscv-none-embed/lib/rv32imacxw/ilp32\libg_nano.a(lib_a-makebuf.o)
                0x00000000000017b8                __swhatbuf_r
 .text.__smakebuf_r
                0x000000000000180e       0x90 e:/工具/mouriver/mounriver/mounriver_studio/toolchain/risc-v embedded gcc/bin/../lib/gcc/riscv-none-embed/8.2.0/../../../../riscv-none-embed/lib/rv32imacxw/ilp32\libg_nano.a(lib_a-makebuf.o)
                0x000000000000180e                __smakebuf_r
 .text.memchr   0x000000000000189e       0x18 e:/工具/mouriver/mounriver/mounriver_studio/toolchain/risc-v embedded gcc/bin/../lib/gcc/riscv-none-embed/8.2.0/../../../../riscv-none-embed/lib/rv32imacxw/ilp32\libg_nano.a(lib_a-memchr.o)
                0x000000000000189e                memchr
 .text.__malloc_lock
                0x00000000000018b6        0x2 e:/工具/mouriver/mounriver/mounriver_studio/toolchain/risc-v embedded gcc/bin/../lib/gcc/riscv-none-embed/8.2.0/../../../../riscv-none-embed/lib/rv32imacxw/ilp32\libg_nano.a(lib_a-mlock.o)
                0x00000000000018b6                __malloc_lock
 .text.__malloc_unlock
                0x00000000000018b8        0x2 e:/工具/mouriver/mounriver/mounriver_studio/toolchain/risc-v embedded gcc/bin/../lib/gcc/riscv-none-embed/8.2.0/../../../../riscv-none-embed/lib/rv32imacxw/ilp32\libg_nano.a(lib_a-mlock.o)
                0x00000000000018b8                __malloc_unlock
 .text._free_r  0x00000000000018ba       0xa4 e:/工具/mouriver/mounriver/mounriver_studio/toolchain/risc-v embedded gcc/bin/../lib/gcc/riscv-none-embed/8.2.0/../../../../riscv-none-embed/lib/rv32imacxw/ilp32\libg_nano.a(lib_a-nano-freer.o)
                0x00000000000018ba                _free_r
 .text._read_r  0x000000000000195e       0x2c e:/工具/mouriver/mounriver/mounriver_studio/toolchain/risc-v embedded gcc/bin/../lib/gcc/riscv-none-embed/8.2.0/../../../../riscv-none-embed/lib/rv32imacxw/ilp32\libg_nano.a(lib_a-readr.o)
                0x000000000000195e                _read_r
 .text._fstat_r
                0x000000000000198a       0x2a e:/工具/mouriver/mounriver/mounriver_studio/toolchain/risc-v embedded gcc/bin/../lib/gcc/riscv-none-embed/8.2.0/../../../../riscv-none-embed/lib/rv32imacxw/ilp32\libg_nano.a(lib_a-fstatr.o)
                0x000000000000198a                _fstat_r
 .text._isatty_r
                0x00000000000019b4       0x28 e:/工具/mouriver/mounriver/mounriver_studio/toolchain/risc-v embedded gcc/bin/../lib/gcc/riscv-none-embed/8.2.0/../../../../riscv-none-embed/lib/rv32imacxw/ilp32\libg_nano.a(lib_a-isattyr.o)
                0x00000000000019b4                _isatty_r
 .text._close   0x00000000000019dc        0xc e:/工具/mouriver/mounriver/mounriver_studio/toolchain/risc-v embedded gcc/bin/../lib/gcc/riscv-none-embed/8.2.0/../../../../riscv-none-embed/lib/rv32imacxw/ilp32\libnosys.a(close.o)
                0x00000000000019dc                _close
 .text._fstat   0x00000000000019e8        0xc e:/工具/mouriver/mounriver/mounriver_studio/toolchain/risc-v embedded gcc/bin/../lib/gcc/riscv-none-embed/8.2.0/../../../../riscv-none-embed/lib/rv32imacxw/ilp32\libnosys.a(fstat.o)
                0x00000000000019e8                _fstat
 .text._isatty  0x00000000000019f4        0xc e:/工具/mouriver/mounriver/mounriver_studio/toolchain/risc-v embedded gcc/bin/../lib/gcc/riscv-none-embed/8.2.0/../../../../riscv-none-embed/lib/rv32imacxw/ilp32\libnosys.a(isatty.o)
                0x00000000000019f4                _isatty
 .text._lseek   0x0000000000001a00        0xc e:/工具/mouriver/mounriver/mounriver_studio/toolchain/risc-v embedded gcc/bin/../lib/gcc/riscv-none-embed/8.2.0/../../../../riscv-none-embed/lib/rv32imacxw/ilp32\libnosys.a(lseek.o)
                0x0000000000001a00                _lseek
 .text._read    0x0000000000001a0c        0xc e:/工具/mouriver/mounriver/mounriver_studio/toolchain/risc-v embedded gcc/bin/../lib/gcc/riscv-none-embed/8.2.0/../../../../riscv-none-embed/lib/rv32imacxw/ilp32\libnosys.a(read.o)
                0x0000000000001a0c                _read
 *(.rodata)
 *(.rodata*)
 .rodata.main.str1.4
                0x0000000000001a18       0x16 ./User/main.o
 *fill*         0x0000000000001a2e        0x2 
 .rodata.__sf_fake_stderr
                0x0000000000001a30       0x20 e:/工具/mouriver/mounriver/mounriver_studio/toolchain/risc-v embedded gcc/bin/../lib/gcc/riscv-none-embed/8.2.0/../../../../riscv-none-embed/lib/rv32imacxw/ilp32\libg_nano.a(lib_a-findfp.o)
                0x0000000000001a30                __sf_fake_stderr
 .rodata.__sf_fake_stdin
                0x0000000000001a50       0x20 e:/工具/mouriver/mounriver/mounriver_studio/toolchain/risc-v embedded gcc/bin/../lib/gcc/riscv-none-embed/8.2.0/../../../../riscv-none-embed/lib/rv32imacxw/ilp32\libg_nano.a(lib_a-findfp.o)
                0x0000000000001a50                __sf_fake_stdin
 .rodata.__sf_fake_stdout
                0x0000000000001a70       0x20 e:/工具/mouriver/mounriver/mounriver_studio/toolchain/risc-v embedded gcc/bin/../lib/gcc/riscv-none-embed/8.2.0/../../../../riscv-none-embed/lib/rv32imacxw/ilp32\libg_nano.a(lib_a-findfp.o)
                0x0000000000001a70                __sf_fake_stdout
 .rodata._vfprintf_r.str1.4
                0x0000000000001a90       0x13 e:/工具/mouriver/mounriver/mounriver_studio/toolchain/risc-v embedded gcc/bin/../lib/gcc/riscv-none-embed/8.2.0/../../../../riscv-none-embed/lib/rv32imacxw/ilp32\libg_nano.a(lib_a-nano-vfprintf.o)
 *fill*         0x0000000000001aa3        0x1 
 .rodata._printf_i.str1.4
                0x0000000000001aa4       0x28 e:/工具/mouriver/mounriver/mounriver_studio/toolchain/risc-v embedded gcc/bin/../lib/gcc/riscv-none-embed/8.2.0/../../../../riscv-none-embed/lib/rv32imacxw/ilp32\libg_nano.a(lib_a-nano-vfprintf_i.o)
                                         0x25 (size before relaxing)
 *(.glue_7)
 *(.glue_7t)
 *(.gnu.linkonce.t.*)
                0x0000000000001acc                . = ALIGN (0x4)

.rela.dyn       0x0000000000001acc        0x0
 .rela.init     0x0000000000001acc        0x0 ./User/ch32v20x_it.o
 .rela.vector   0x0000000000001acc        0x0 ./User/ch32v20x_it.o
 .rela.text.handle_reset
                0x0000000000001acc        0x0 ./User/ch32v20x_it.o
 .rela.text._sbrk
                0x0000000000001acc        0x0 ./User/ch32v20x_it.o
 .rela.sdata.curbrk.4583
                0x0000000000001acc        0x0 ./User/ch32v20x_it.o
 .rela.text._vfprintf_r
                0x0000000000001acc        0x0 ./User/ch32v20x_it.o
 .rela.text._sbrk_r
                0x0000000000001acc        0x0 ./User/ch32v20x_it.o
 .rela.text._write_r
                0x0000000000001acc        0x0 ./User/ch32v20x_it.o
 .rela.text._close_r
                0x0000000000001acc        0x0 ./User/ch32v20x_it.o
 .rela.text._lseek_r
                0x0000000000001acc        0x0 ./User/ch32v20x_it.o
 .rela.text._read_r
                0x0000000000001acc        0x0 ./User/ch32v20x_it.o
 .rela.text._fstat_r
                0x0000000000001acc        0x0 ./User/ch32v20x_it.o
 .rela.text._isatty_r
                0x0000000000001acc        0x0 ./User/ch32v20x_it.o
 .rela.text._close
                0x0000000000001acc        0x0 ./User/ch32v20x_it.o
 .rela.text._fstat
                0x0000000000001acc        0x0 ./User/ch32v20x_it.o
 .rela.text._isatty
                0x0000000000001acc        0x0 ./User/ch32v20x_it.o
 .rela.text._lseek
                0x0000000000001acc        0x0 ./User/ch32v20x_it.o
 .rela.text._read
                0x0000000000001acc        0x0 ./User/ch32v20x_it.o

.fini           0x0000000000001acc        0x0
 *(SORT_NONE(.fini))
                0x0000000000001acc                . = ALIGN (0x4)
                [!provide]                        PROVIDE (_etext = .)
                [!provide]                        PROVIDE (_eitcm = .)

.preinit_array  0x0000000000001acc        0x0
                [!provide]                        PROVIDE (__preinit_array_start = .)
 *(.preinit_array)
                [!provide]                        PROVIDE (__preinit_array_end = .)

.init_array     0x0000000000001acc        0x0
                [!provide]                        PROVIDE (__init_array_start = .)
 *(SORT_BY_INIT_PRIORITY(.init_array.*) SORT_BY_INIT_PRIORITY(.ctors.*))
 *(.init_array EXCLUDE_FILE(*crtend?.o *crtend.o *crtbegin?.o *crtbegin.o) .ctors)
                [!provide]                        PROVIDE (__init_array_end = .)

.fini_array     0x0000000000001acc        0x0
                [!provide]                        PROVIDE (__fini_array_start = .)
 *(SORT_BY_INIT_PRIORITY(.fini_array.*) SORT_BY_INIT_PRIORITY(.dtors.*))
 *(.fini_array EXCLUDE_FILE(*crtend?.o *crtend.o *crtbegin?.o *crtbegin.o) .dtors)
                [!provide]                        PROVIDE (__fini_array_end = .)

.ctors
 *crtbegin.o(.ctors)
 *crtbegin?.o(.ctors)
 *(EXCLUDE_FILE(*crtend?.o *crtend.o) .ctors)
 *(SORT_BY_NAME(.ctors.*))
 *(.ctors)

.dtors
 *crtbegin.o(.dtors)
 *crtbegin?.o(.dtors)
 *(EXCLUDE_FILE(*crtend?.o *crtend.o) .dtors)
 *(SORT_BY_NAME(.dtors.*))
 *(.dtors)

.dalign         0x0000000020000000        0x0 load address 0x0000000000001acc
                0x0000000020000000                . = ALIGN (0x4)
                0x0000000020000000                PROVIDE (_data_vma = .)

.dlalign        0x0000000000001acc        0x0
                0x0000000000001acc                . = ALIGN (0x4)
                0x0000000000001acc                PROVIDE (_data_lma = .)

.data           0x0000000020000000       0x90 load address 0x0000000000001acc
 *(.gnu.linkonce.r.*)
 *(.data .data.*)
 .data.APBAHBPrescTable
                0x0000000020000000       0x10 ./Peripheral/src/ch32v20x_rcc.o
 .data.impure_data
                0x0000000020000010       0x60 e:/工具/mouriver/mounriver/mounriver_studio/toolchain/risc-v embedded gcc/bin/../lib/gcc/riscv-none-embed/8.2.0/../../../../riscv-none-embed/lib/rv32imacxw/ilp32\libg_nano.a(lib_a-impure.o)
 *(.gnu.linkonce.d.*)
                0x0000000020000070                . = ALIGN (0x8)
                0x0000000020000870                PROVIDE (__global_pointer$ = (. + 0x800))
 *(.sdata .sdata.*)
 .sdata.i.4552  0x0000000020000070        0x1 ./User/main.o
 *fill*         0x0000000020000071        0x3 
 .sdata.SystemCoreClock
                0x0000000020000074        0x4 ./User/system_ch32v20x.o
                0x0000000020000074                SystemCoreClock
 .sdata.ADCPrescTable
                0x0000000020000078        0x4 ./Peripheral/src/ch32v20x_rcc.o
 .sdata.key_up.4553
                0x000000002000007c        0x1 ./Hardware/KEY/key.o
 *fill*         0x000000002000007d        0x3 
 .sdata.curbrk.4583
                0x0000000020000080        0x4 ./Debug/debug.o
 .sdata._impure_ptr
                0x0000000020000084        0x4 e:/工具/mouriver/mounriver/mounriver_studio/toolchain/risc-v embedded gcc/bin/../lib/gcc/riscv-none-embed/8.2.0/../../../../riscv-none-embed/lib/rv32imacxw/ilp32\libg_nano.a(lib_a-impure.o)
                0x0000000020000084                _impure_ptr
 *(.sdata2.*)
 .sdata2._global_impure_ptr
                0x0000000020000088        0x4 e:/工具/mouriver/mounriver/mounriver_studio/toolchain/risc-v embedded gcc/bin/../lib/gcc/riscv-none-embed/8.2.0/../../../../riscv-none-embed/lib/rv32imacxw/ilp32\libg_nano.a(lib_a-impure.o)
                0x0000000020000088                _global_impure_ptr
 *(.gnu.linkonce.s.*)
                0x0000000020000090                . = ALIGN (0x8)
 *fill*         0x000000002000008c        0x4 
 *(.srodata.cst16)
 *(.srodata.cst8)
 *(.srodata.cst4)
 *(.srodata.cst2)
 *(.srodata .srodata.*)
                0x0000000020000090                . = ALIGN (0x4)
                0x0000000020000090                PROVIDE (_edata = .)

.bss            0x0000000020000090       0x14 load address 0x0000000000001b5c
                0x0000000020000090                . = ALIGN (0x4)
                0x0000000020000090                PROVIDE (_sbss = .)
 *(.sbss*)
 .sbss.MCU_Version
                0x0000000020000090        0x1 ./Peripheral/src/ch32v20x_gpio.o
                0x0000000020000090                MCU_Version
 *fill*         0x0000000020000091        0x1 
 .sbss.p_ms     0x0000000020000092        0x2 ./Debug/debug.o
 .sbss.p_us     0x0000000020000094        0x1 ./Debug/debug.o
 *fill*         0x0000000020000095        0x3 
 .sbss.__malloc_free_list
                0x0000000020000098        0x4 e:/工具/mouriver/mounriver/mounriver_studio/toolchain/risc-v embedded gcc/bin/../lib/gcc/riscv-none-embed/8.2.0/../../../../riscv-none-embed/lib/rv32imacxw/ilp32\libg_nano.a(lib_a-nano-mallocr.o)
                0x0000000020000098                __malloc_free_list
 .sbss.__malloc_sbrk_start
                0x000000002000009c        0x4 e:/工具/mouriver/mounriver/mounriver_studio/toolchain/risc-v embedded gcc/bin/../lib/gcc/riscv-none-embed/8.2.0/../../../../riscv-none-embed/lib/rv32imacxw/ilp32\libg_nano.a(lib_a-nano-mallocr.o)
                0x000000002000009c                __malloc_sbrk_start
 *(.gnu.linkonce.sb.*)
 *(.bss*)
 *(.gnu.linkonce.b.*)
 *(COMMON*)
 COMMON         0x00000000200000a0        0x4 e:/工具/mouriver/mounriver/mounriver_studio/toolchain/risc-v embedded gcc/bin/../lib/gcc/riscv-none-embed/8.2.0/../../../../riscv-none-embed/lib/rv32imacxw/ilp32\libg_nano.a(lib_a-reent.o)
                0x00000000200000a0                errno
                0x00000000200000a4                . = ALIGN (0x4)
                0x00000000200000a4                PROVIDE (_ebss = .)
                0x00000000200000a4                PROVIDE (_end = _ebss)
                [!provide]                        PROVIDE (end = .)

.stack          0x0000000020004800      0x800
                0x0000000020004800                PROVIDE (_heap_end = .)
                0x0000000020004800                . = ALIGN (0x4)
                [!provide]                        PROVIDE (_susrstack = .)
                0x0000000020005000                . = (. + __stack_size)
 *fill*         0x0000000020004800      0x800 
                0x0000000020005000                PROVIDE (_eusrstack = .)
OUTPUT(KEY.elf elf32-littleriscv)

.debug_info     0x0000000000000000     0x7d7b
 .debug_info    0x0000000000000000      0x962 ./User/ch32v20x_it.o
 .debug_info    0x0000000000000962      0xb47 ./User/main.o
 .debug_info    0x00000000000014a9      0xb89 ./User/system_ch32v20x.o
 .debug_info    0x0000000000002032       0x22 ./Startup/startup_ch32v20x_D6.o
 .debug_info    0x0000000000002054     0x10d9 ./Peripheral/src/ch32v20x_gpio.o
 .debug_info    0x000000000000312d     0x125c ./Peripheral/src/ch32v20x_rcc.o
 .debug_info    0x0000000000004389     0x13b4 ./Peripheral/src/ch32v20x_usart.o
 .debug_info    0x000000000000573d      0xb38 ./Hardware/LED/led.o
 .debug_info    0x0000000000006275      0xbeb ./Hardware/KEY/key.o
 .debug_info    0x0000000000006e60      0xf1b ./Debug/debug.o

.debug_abbrev   0x0000000000000000     0x1876
 .debug_abbrev  0x0000000000000000      0x1cf ./User/ch32v20x_it.o
 .debug_abbrev  0x00000000000001cf      0x27a ./User/main.o
 .debug_abbrev  0x0000000000000449      0x2c0 ./User/system_ch32v20x.o
 .debug_abbrev  0x0000000000000709       0x12 ./Startup/startup_ch32v20x_D6.o
 .debug_abbrev  0x000000000000071b      0x33a ./Peripheral/src/ch32v20x_gpio.o
 .debug_abbrev  0x0000000000000a55      0x351 ./Peripheral/src/ch32v20x_rcc.o
 .debug_abbrev  0x0000000000000da6      0x312 ./Peripheral/src/ch32v20x_usart.o
 .debug_abbrev  0x00000000000010b8      0x24d ./Hardware/LED/led.o
 .debug_abbrev  0x0000000000001305      0x28b ./Hardware/KEY/key.o
 .debug_abbrev  0x0000000000001590      0x2e6 ./Debug/debug.o

.debug_aranges  0x0000000000000000      0x400
 .debug_aranges
                0x0000000000000000       0x28 ./User/ch32v20x_it.o
 .debug_aranges
                0x0000000000000028       0x20 ./User/main.o
 .debug_aranges
                0x0000000000000048       0x28 ./User/system_ch32v20x.o
 .debug_aranges
                0x0000000000000070       0x30 ./Startup/startup_ch32v20x_D6.o
 .debug_aranges
                0x00000000000000a0       0xa8 ./Peripheral/src/ch32v20x_gpio.o
 .debug_aranges
                0x0000000000000148      0x128 ./Peripheral/src/ch32v20x_rcc.o
 .debug_aranges
                0x0000000000000270      0x100 ./Peripheral/src/ch32v20x_usart.o
 .debug_aranges
                0x0000000000000370       0x20 ./Hardware/LED/led.o
 .debug_aranges
                0x0000000000000390       0x28 ./Hardware/KEY/key.o
 .debug_aranges
                0x00000000000003b8       0x48 ./Debug/debug.o

.debug_ranges   0x0000000000000000      0x388
 .debug_ranges  0x0000000000000000       0x18 ./User/ch32v20x_it.o
 .debug_ranges  0x0000000000000018       0x10 ./User/main.o
 .debug_ranges  0x0000000000000028       0x38 ./User/system_ch32v20x.o
 .debug_ranges  0x0000000000000060       0x28 ./Startup/startup_ch32v20x_D6.o
 .debug_ranges  0x0000000000000088       0x98 ./Peripheral/src/ch32v20x_gpio.o
 .debug_ranges  0x0000000000000120      0x118 ./Peripheral/src/ch32v20x_rcc.o
 .debug_ranges  0x0000000000000238       0xf0 ./Peripheral/src/ch32v20x_usart.o
 .debug_ranges  0x0000000000000328       0x10 ./Hardware/LED/led.o
 .debug_ranges  0x0000000000000338       0x18 ./Hardware/KEY/key.o
 .debug_ranges  0x0000000000000350       0x38 ./Debug/debug.o

.debug_line     0x0000000000000000     0x4ebb
 .debug_line    0x0000000000000000      0x23c ./User/ch32v20x_it.o
 .debug_line    0x000000000000023c      0x43a ./User/main.o
 .debug_line    0x0000000000000676      0x68a ./User/system_ch32v20x.o
 .debug_line    0x0000000000000d00      0x25f ./Startup/startup_ch32v20x_D6.o
 .debug_line    0x0000000000000f5f     0x1008 ./Peripheral/src/ch32v20x_gpio.o
 .debug_line    0x0000000000001f67     0x114c ./Peripheral/src/ch32v20x_rcc.o
 .debug_line    0x00000000000030b3      0xfc0 ./Peripheral/src/ch32v20x_usart.o
 .debug_line    0x0000000000004073      0x32a ./Hardware/LED/led.o
 .debug_line    0x000000000000439d      0x43f ./Hardware/KEY/key.o
 .debug_line    0x00000000000047dc      0x6df ./Debug/debug.o

.debug_str      0x0000000000000000     0x13d9
 .debug_str     0x0000000000000000      0x538 ./User/ch32v20x_it.o
                                        0x599 (size before relaxing)
 .debug_str     0x0000000000000538       0xbf ./User/main.o
                                        0x635 (size before relaxing)
 .debug_str     0x00000000000005f7      0x10b ./User/system_ch32v20x.o
                                        0x6af (size before relaxing)
 .debug_str     0x0000000000000702       0x4b ./Startup/startup_ch32v20x_D6.o
 .debug_str     0x000000000000074d      0x387 ./Peripheral/src/ch32v20x_gpio.o
                                        0x960 (size before relaxing)
 .debug_str     0x0000000000000ad4      0x3dc ./Peripheral/src/ch32v20x_rcc.o
                                        0xa9f (size before relaxing)
 .debug_str     0x0000000000000eb0      0x464 ./Peripheral/src/ch32v20x_usart.o
                                        0xafa (size before relaxing)
 .debug_str     0x0000000000001314       0x29 ./Hardware/LED/led.o
                                        0x71c (size before relaxing)
 .debug_str     0x000000000000133d       0x1d ./Hardware/KEY/key.o
                                        0x755 (size before relaxing)
 .debug_str     0x000000000000135a       0x7f ./Debug/debug.o
                                        0x8e2 (size before relaxing)

.comment        0x0000000000000000       0x33
 .comment       0x0000000000000000       0x33 ./User/ch32v20x_it.o
                                         0x34 (size before relaxing)
 .comment       0x0000000000000033       0x34 ./User/main.o
 .comment       0x0000000000000033       0x34 ./User/system_ch32v20x.o
 .comment       0x0000000000000033       0x34 ./Peripheral/src/ch32v20x_gpio.o
 .comment       0x0000000000000033       0x34 ./Peripheral/src/ch32v20x_rcc.o
 .comment       0x0000000000000033       0x34 ./Peripheral/src/ch32v20x_usart.o
 .comment       0x0000000000000033       0x34 ./Hardware/LED/led.o
 .comment       0x0000000000000033       0x34 ./Hardware/KEY/key.o
 .comment       0x0000000000000033       0x34 ./Debug/debug.o

.debug_frame    0x0000000000000000     0x1010
 .debug_frame   0x0000000000000000       0x30 ./User/ch32v20x_it.o
 .debug_frame   0x0000000000000030       0x30 ./User/main.o
 .debug_frame   0x0000000000000060       0x3c ./User/system_ch32v20x.o
 .debug_frame   0x000000000000009c      0x148 ./Peripheral/src/ch32v20x_gpio.o
 .debug_frame   0x00000000000001e4      0x244 ./Peripheral/src/ch32v20x_rcc.o
 .debug_frame   0x0000000000000428      0x204 ./Peripheral/src/ch32v20x_usart.o
 .debug_frame   0x000000000000062c       0x34 ./Hardware/LED/led.o
 .debug_frame   0x0000000000000660       0x54 ./Hardware/KEY/key.o
 .debug_frame   0x00000000000006b4       0x9c ./Debug/debug.o
 .debug_frame   0x0000000000000750       0x54 e:/工具/mouriver/mounriver/mounriver_studio/toolchain/risc-v embedded gcc/bin/../lib/gcc/riscv-none-embed/8.2.0/../../../../riscv-none-embed/lib/rv32imacxw/ilp32\libg_nano.a(lib_a-printf.o)
 .debug_frame   0x00000000000007a4      0x148 e:/工具/mouriver/mounriver/mounriver_studio/toolchain/risc-v embedded gcc/bin/../lib/gcc/riscv-none-embed/8.2.0/../../../../riscv-none-embed/lib/rv32imacxw/ilp32\libg_nano.a(lib_a-findfp.o)
 .debug_frame   0x00000000000008ec       0x88 e:/工具/mouriver/mounriver/mounriver_studio/toolchain/risc-v embedded gcc/bin/../lib/gcc/riscv-none-embed/8.2.0/../../../../riscv-none-embed/lib/rv32imacxw/ilp32\libg_nano.a(lib_a-fwalk.o)
 .debug_frame   0x0000000000000974       0x40 e:/工具/mouriver/mounriver/mounriver_studio/toolchain/risc-v embedded gcc/bin/../lib/gcc/riscv-none-embed/8.2.0/../../../../riscv-none-embed/lib/rv32imacxw/ilp32\libg_nano.a(lib_a-nano-mallocr.o)
 .debug_frame   0x00000000000009b4       0xd0 e:/工具/mouriver/mounriver/mounriver_studio/toolchain/risc-v embedded gcc/bin/../lib/gcc/riscv-none-embed/8.2.0/../../../../riscv-none-embed/lib/rv32imacxw/ilp32\libg_nano.a(lib_a-nano-vfprintf.o)
 .debug_frame   0x0000000000000a84       0x8c e:/工具/mouriver/mounriver/mounriver_studio/toolchain/risc-v embedded gcc/bin/../lib/gcc/riscv-none-embed/8.2.0/../../../../riscv-none-embed/lib/rv32imacxw/ilp32\libg_nano.a(lib_a-nano-vfprintf_i.o)
 .debug_frame   0x0000000000000b10       0x30 e:/工具/mouriver/mounriver/mounriver_studio/toolchain/risc-v embedded gcc/bin/../lib/gcc/riscv-none-embed/8.2.0/../../../../riscv-none-embed/lib/rv32imacxw/ilp32\libg_nano.a(lib_a-sbrkr.o)
 .debug_frame   0x0000000000000b40       0xa4 e:/工具/mouriver/mounriver/mounriver_studio/toolchain/risc-v embedded gcc/bin/../lib/gcc/riscv-none-embed/8.2.0/../../../../riscv-none-embed/lib/rv32imacxw/ilp32\libg_nano.a(lib_a-stdio.o)
 .debug_frame   0x0000000000000be4       0x50 e:/工具/mouriver/mounriver/mounriver_studio/toolchain/risc-v embedded gcc/bin/../lib/gcc/riscv-none-embed/8.2.0/../../../../riscv-none-embed/lib/rv32imacxw/ilp32\libg_nano.a(lib_a-wbuf.o)
 .debug_frame   0x0000000000000c34       0x30 e:/工具/mouriver/mounriver/mounriver_studio/toolchain/risc-v embedded gcc/bin/../lib/gcc/riscv-none-embed/8.2.0/../../../../riscv-none-embed/lib/rv32imacxw/ilp32\libg_nano.a(lib_a-writer.o)
 .debug_frame   0x0000000000000c64       0x3c e:/工具/mouriver/mounriver/mounriver_studio/toolchain/risc-v embedded gcc/bin/../lib/gcc/riscv-none-embed/8.2.0/../../../../riscv-none-embed/lib/rv32imacxw/ilp32\libg_nano.a(lib_a-wsetup.o)
 .debug_frame   0x0000000000000ca0       0x30 e:/工具/mouriver/mounriver/mounriver_studio/toolchain/risc-v embedded gcc/bin/../lib/gcc/riscv-none-embed/8.2.0/../../../../riscv-none-embed/lib/rv32imacxw/ilp32\libg_nano.a(lib_a-closer.o)
 .debug_frame   0x0000000000000cd0       0x7c e:/工具/mouriver/mounriver/mounriver_studio/toolchain/risc-v embedded gcc/bin/../lib/gcc/riscv-none-embed/8.2.0/../../../../riscv-none-embed/lib/rv32imacxw/ilp32\libg_nano.a(lib_a-fflush.o)
 .debug_frame   0x0000000000000d4c       0x30 e:/工具/mouriver/mounriver/mounriver_studio/toolchain/risc-v embedded gcc/bin/../lib/gcc/riscv-none-embed/8.2.0/../../../../riscv-none-embed/lib/rv32imacxw/ilp32\libg_nano.a(lib_a-lseekr.o)
 .debug_frame   0x0000000000000d7c       0x64 e:/工具/mouriver/mounriver/mounriver_studio/toolchain/risc-v embedded gcc/bin/../lib/gcc/riscv-none-embed/8.2.0/../../../../riscv-none-embed/lib/rv32imacxw/ilp32\libg_nano.a(lib_a-makebuf.o)
 .debug_frame   0x0000000000000de0       0x20 e:/工具/mouriver/mounriver/mounriver_studio/toolchain/risc-v embedded gcc/bin/../lib/gcc/riscv-none-embed/8.2.0/../../../../riscv-none-embed/lib/rv32imacxw/ilp32\libg_nano.a(lib_a-memchr.o)
 .debug_frame   0x0000000000000e00       0x30 e:/工具/mouriver/mounriver/mounriver_studio/toolchain/risc-v embedded gcc/bin/../lib/gcc/riscv-none-embed/8.2.0/../../../../riscv-none-embed/lib/rv32imacxw/ilp32\libg_nano.a(lib_a-mlock.o)
 .debug_frame   0x0000000000000e30       0x40 e:/工具/mouriver/mounriver/mounriver_studio/toolchain/risc-v embedded gcc/bin/../lib/gcc/riscv-none-embed/8.2.0/../../../../riscv-none-embed/lib/rv32imacxw/ilp32\libg_nano.a(lib_a-nano-freer.o)
 .debug_frame   0x0000000000000e70       0x30 e:/工具/mouriver/mounriver/mounriver_studio/toolchain/risc-v embedded gcc/bin/../lib/gcc/riscv-none-embed/8.2.0/../../../../riscv-none-embed/lib/rv32imacxw/ilp32\libg_nano.a(lib_a-readr.o)
 .debug_frame   0x0000000000000ea0       0x70 e:/工具/mouriver/mounriver/mounriver_studio/toolchain/risc-v embedded gcc/bin/../lib/gcc/riscv-none-embed/8.2.0/../../../../riscv-none-embed/lib/rv32imacxw/ilp32\libg_nano.a(lib_a-reent.o)
 .debug_frame   0x0000000000000f10       0x30 e:/工具/mouriver/mounriver/mounriver_studio/toolchain/risc-v embedded gcc/bin/../lib/gcc/riscv-none-embed/8.2.0/../../../../riscv-none-embed/lib/rv32imacxw/ilp32\libg_nano.a(lib_a-fstatr.o)
 .debug_frame   0x0000000000000f40       0x30 e:/工具/mouriver/mounriver/mounriver_studio/toolchain/risc-v embedded gcc/bin/../lib/gcc/riscv-none-embed/8.2.0/../../../../riscv-none-embed/lib/rv32imacxw/ilp32\libg_nano.a(lib_a-isattyr.o)
 .debug_frame   0x0000000000000f70       0x20 e:/工具/mouriver/mounriver/mounriver_studio/toolchain/risc-v embedded gcc/bin/../lib/gcc/riscv-none-embed/8.2.0/../../../../riscv-none-embed/lib/rv32imacxw/ilp32\libnosys.a(close.o)
 .debug_frame   0x0000000000000f90       0x20 e:/工具/mouriver/mounriver/mounriver_studio/toolchain/risc-v embedded gcc/bin/../lib/gcc/riscv-none-embed/8.2.0/../../../../riscv-none-embed/lib/rv32imacxw/ilp32\libnosys.a(fstat.o)
 .debug_frame   0x0000000000000fb0       0x20 e:/工具/mouriver/mounriver/mounriver_studio/toolchain/risc-v embedded gcc/bin/../lib/gcc/riscv-none-embed/8.2.0/../../../../riscv-none-embed/lib/rv32imacxw/ilp32\libnosys.a(isatty.o)
 .debug_frame   0x0000000000000fd0       0x20 e:/工具/mouriver/mounriver/mounriver_studio/toolchain/risc-v embedded gcc/bin/../lib/gcc/riscv-none-embed/8.2.0/../../../../riscv-none-embed/lib/rv32imacxw/ilp32\libnosys.a(lseek.o)
 .debug_frame   0x0000000000000ff0       0x20 e:/工具/mouriver/mounriver/mounriver_studio/toolchain/risc-v embedded gcc/bin/../lib/gcc/riscv-none-embed/8.2.0/../../../../riscv-none-embed/lib/rv32imacxw/ilp32\libnosys.a(read.o)

.debug_loc      0x0000000000000000     0x197a
 .debug_loc     0x0000000000000000       0x2a ./User/main.o
 .debug_loc     0x000000000000002a       0xac ./User/system_ch32v20x.o
 .debug_loc     0x00000000000000d6      0x805 ./Peripheral/src/ch32v20x_gpio.o
 .debug_loc     0x00000000000008db      0x797 ./Peripheral/src/ch32v20x_rcc.o
 .debug_loc     0x0000000000001072      0x757 ./Peripheral/src/ch32v20x_usart.o
 .debug_loc     0x00000000000017c9       0x3a ./Hardware/KEY/key.o
 .debug_loc     0x0000000000001803      0x177 ./Debug/debug.o

.stab           0x0000000000000000       0x84
 .stab          0x0000000000000000       0x24 e:/工具/mouriver/mounriver/mounriver_studio/toolchain/risc-v embedded gcc/bin/../lib/gcc/riscv-none-embed/8.2.0/../../../../riscv-none-embed/lib/rv32imacxw/ilp32\libnosys.a(close.o)
 .stab          0x0000000000000024       0x18 e:/工具/mouriver/mounriver/mounriver_studio/toolchain/risc-v embedded gcc/bin/../lib/gcc/riscv-none-embed/8.2.0/../../../../riscv-none-embed/lib/rv32imacxw/ilp32\libnosys.a(fstat.o)
                                         0x24 (size before relaxing)
 .stab          0x000000000000003c       0x18 e:/工具/mouriver/mounriver/mounriver_studio/toolchain/risc-v embedded gcc/bin/../lib/gcc/riscv-none-embed/8.2.0/../../../../riscv-none-embed/lib/rv32imacxw/ilp32\libnosys.a(isatty.o)
                                         0x24 (size before relaxing)
 .stab          0x0000000000000054       0x18 e:/工具/mouriver/mounriver/mounriver_studio/toolchain/risc-v embedded gcc/bin/../lib/gcc/riscv-none-embed/8.2.0/../../../../riscv-none-embed/lib/rv32imacxw/ilp32\libnosys.a(lseek.o)
                                         0x24 (size before relaxing)
 .stab          0x000000000000006c       0x18 e:/工具/mouriver/mounriver/mounriver_studio/toolchain/risc-v embedded gcc/bin/../lib/gcc/riscv-none-embed/8.2.0/../../../../riscv-none-embed/lib/rv32imacxw/ilp32\libnosys.a(read.o)
                                         0x24 (size before relaxing)

.stabstr        0x0000000000000000      0x117
 .stabstr       0x0000000000000000      0x117 e:/工具/mouriver/mounriver/mounriver_studio/toolchain/risc-v embedded gcc/bin/../lib/gcc/riscv-none-embed/8.2.0/../../../../riscv-none-embed/lib/rv32imacxw/ilp32\libnosys.a(close.o)
